[www.ducksters.com/science/mars.html]
[backblue.gif]
[fade.gif]
[index.html]
[www.google-analytics.com/analytics.js]
[www.ducksters.com/jquery.sticky-kit.js]
[www.ducksters.com/jquery-1.10.1.min.js]
[www.ducksters.com/sticky4.js]
[www.ducksters.com/favico2.png]
[www.facebook.com/pages/Ducksters/103074613109209.html]
[www.ducksters.com/facebook_24.png]
[twitter.com/DuckstersKids.html]
[www.ducksters.com/twitter_24.png]
[cse.google.com/coop/cse/f35af.txt]
[www.ducksters.com/graphics/ducksters_new_header_shrunk2.gif]
[www.ducksters.com/graphics/ducksters_mobile_4.gif]
[www.ducksters.com/index.html]
[www.ducksters.com/science/astronomy.html]
[www.ducksters.com/history/index.html]
[www.ducksters.com/biography/index.html]
[www.ducksters.com/geography/index.html]
[www.ducksters.com/science/graphics/mars.jpg]
[www.ducksters.com/games/index.html]
[www.ducksters.com/science/graphics/mars_surface.jpg]
[www.ducksters.com/science/index.html]
[www.ducksters.com/science/graphics/planets_size_comparison.jpg]
[www.ducksters.com/science/physics/index.html]
[www.ducksters.com/science/graphics/mars_rover.jpg]
[www.ducksters.com/history/ancient_greece/ares.html]
[www.ducksters.com/science/quiz/mars_questions.html]
[www.ducksters.com/science/solarsystem.html]
[www.ducksters.com/science/sun.html]
[www.ducksters.com/science/mercury.html]
[www.ducksters.com/science/venus.html]
[www.ducksters.com/science/earth.html]
[www.ducksters.com/science/jupiter.html]
[www.ducksters.com/science/saturn.html]
[www.ducksters.com/science/uranus.html]
[www.ducksters.com/science/neptune.html]
[www.ducksters.com/science/pluto.html]
[www.ducksters.com/science/physics/universe.html]
[www.ducksters.com/science/star.html]
[www.ducksters.com/science/galaxies.html]
[www.ducksters.com/science/black_hole.html]
[www.ducksters.com/science/physics/asteroids.html]
[www.ducksters.com/science/physics/comets_and_meteors.html]
[www.ducksters.com/science/physics/sunspots_solar_wind_flares.html]
[www.ducksters.com/science/physics/constellations.html]
[www.ducksters.com/science/physics/lunar_and_solar_eclipses.html]
[www.ducksters.com/science/physics/telescopes.html]
[www.ducksters.com/science/physics/astronaut.html]
[www.ducksters.com/science/physics/space_exploration_timeline.html]
[www.ducksters.com/history/cold_war/space_race.html]
[www.ducksters.com/science/physics/nuclear_energy_and_fission.html]
[www.ducksters.com/science/physics/astronomy_glossary_and_terms.html]
[www.ducksters.com/takekidspolls1.html]
[cse.google.com/coop/cse/f0927.txt]
[www.ducksters.com/study.html]
[www.ducksters.com/animals.html]
[www.ducksters.com/biography/scientists/scientists_and_inventors.html]
[www.ducksters.com/kidsmath/index.html]
[www.ducksters.com/history/art/index.html]
[www.ducksters.com/money/index.html]
[www.ducksters.com/history/native_americans.html]
[www.ducksters.com/biography/entrepreneurs/index.html]
[www.ducksters.com/history/civil_rights/index.html]
[www.ducksters.com/biography/explorers/index.html]
[www.ducksters.com/history/american_revolution.html]
[www.ducksters.com/biography/world_leaders/index.html]
[www.ducksters.com/biography/women_leaders/index.html]
[www.ducksters.com/biography/uspresidents/index.html]
[www.ducksters.com/history/us_1800s/industrial_revolution.html]
[www.ducksters.com/history/civil_war.html]
[www.ducksters.com/history/colonial_america/index.html]
[www.ducksters.com/history/us_1900s/great_depression.html]
[www.ducksters.com/history/westward_expansion/index.html]
[www.ducksters.com/history/us_government.html]
[www.ducksters.com/history/us_1900s/index.html]
[www.ducksters.com/history/us_1800s/index.html]
[www.ducksters.com/history/china/ancient_china.html]
[www.ducksters.com/geography/us_states/index.html]
[www.ducksters.com/science/biology/index.html]
[www.ducksters.com/science/chemistry/index.html]
[www.ducksters.com/history/ancient_egypt.html]
[www.ducksters.com/science/earth_science/index.html]
[www.ducksters.com/history/ancient_greece.html]
[www.ducksters.com/history/africa/index.html]
[www.ducksters.com/history/mesopotamia/ancient_mesopotamia.html]
[www.ducksters.com/history/ancient_rome.html]
[www.ducksters.com/history/middle_ages_timeline.html]
[www.ducksters.com/history/renaissance.html]
[www.ducksters.com/history/islam/index.html]
[www.ducksters.com/history/aztec_maya_inca.html]
[www.ducksters.com/history/cold_war/summary.html]
[www.ducksters.com/history/world_war_ii/index.html]
[www.ducksters.com/history/french_revolution/index.html]
[www.ducksters.com/history/world_war_i/index.html]
[www.ducksters.com/geography/usgeography.html]
[www.ducksters.com/geography/africa.html]
[www.ducksters.com/geography/asia.html]
[www.ducksters.com/geography/centralamerica.html]
[www.ducksters.com/geography/europe.html]
[www.ducksters.com/geography/middleeast.html]
[www.ducksters.com/geography/northamerica.html]
[www.ducksters.com/geography/oceania.html]
[www.ducksters.com/geography/southamerica.html]
[www.ducksters.com/geography/southeastasia.html]
[www.ducksters.com/holidays/kids_calendar.html]
[www.ducksters.com/movies.html]
[www.ducksters.com/jokes/index.html]
[www.ducksters.com/music.html]
[www.ducksters.com/graphics/ducksters_footer_1.gif]
[www.ducksters.com/sports.html]
[www.ducksters.com/about.html]
[www.ducksters.com/privacy_policy.html]
[www.ducksters.com/science/mars.html]
[cdn.intergi.com/hera/tyche.html]
[www.ducksters.com/termsofuse.html]
[www.facebook.com/pages/Ducksters/103074613109209.html]
[twitter.com/DuckstersKids.html]
[www.ducksters.com/index.html]
[www.ducksters.com/history/index.html]
[www.ducksters.com/biography/index.html]
[www.ducksters.com/geography/index.html]
[www.ducksters.com/science/index.html]
[www.ducksters.com/games/index.html]
[www.ducksters.com/science/physics/index.html]
[www.ducksters.com/science/astronomy.html]
[www.ducksters.com/history/ancient_greece/ares.html]
[www.ducksters.com/science/quiz/mars_questions.html]
[www.ducksters.com/science/solarsystem.html]
[www.ducksters.com/science/sun.html]
[www.ducksters.com/science/mercury.html]
[www.ducksters.com/science/venus.html]
[www.ducksters.com/science/earth.html]
[www.ducksters.com/science/jupiter.html]
[www.ducksters.com/science/saturn.html]
[www.ducksters.com/science/uranus.html]
[www.ducksters.com/science/neptune.html]
[www.ducksters.com/science/pluto.html]
[www.ducksters.com/science/physics/universe.html]
[www.ducksters.com/science/star.html]
[www.ducksters.com/science/galaxies.html]
[www.ducksters.com/science/black_hole.html]
[www.ducksters.com/science/physics/asteroids.html]
[www.ducksters.com/science/physics/comets_and_meteors.html]
[www.ducksters.com/science/physics/sunspots_solar_wind_flares.html]
[www.ducksters.com/science/physics/constellations.html]
[www.ducksters.com/science/physics/lunar_and_solar_eclipses.html]
[www.ducksters.com/science/physics/telescopes.html]
[www.ducksters.com/science/physics/astronaut.html]
[www.ducksters.com/science/physics/space_exploration_timeline.html]
[www.ducksters.com/history/cold_war/space_race.html]
[www.ducksters.com/science/physics/nuclear_energy_and_fission.html]
[www.ducksters.com/science/physics/astronomy_glossary_and_terms.html]
[www.ducksters.com/takekidspolls1.html]
[www.ducksters.com/study.html]
[www.ducksters.com/animals.html]
[www.ducksters.com/kidsmath/index.html]
[www.ducksters.com/money/index.html]
[www.ducksters.com/history/art/index.html]
[www.ducksters.com/history/civil_rights/index.html]
[www.ducksters.com/biography/entrepreneurs/index.html]
[www.ducksters.com/biography/explorers/index.html]
[www.ducksters.com/biography/scientists/scientists_and_inventors.html]
[www.ducksters.com/biography/women_leaders/index.html]
[www.ducksters.com/biography/world_leaders/index.html]
[www.ducksters.com/biography/uspresidents/index.html]
[www.ducksters.com/history/native_americans.html]
[www.ducksters.com/history/colonial_america/index.html]
[www.ducksters.com/history/american_revolution.html]
[www.ducksters.com/history/us_1800s/industrial_revolution.html]
[www.ducksters.com/history/civil_war.html]
[www.ducksters.com/history/westward_expansion/index.html]
[www.ducksters.com/history/us_1900s/great_depression.html]
[www.ducksters.com/history/us_1800s/index.html]
[www.ducksters.com/history/us_1900s/index.html]
[www.ducksters.com/history/us_government.html]
[www.ducksters.com/geography/us_states/index.html]
[www.ducksters.com/science/biology/index.html]
[www.ducksters.com/science/chemistry/index.html]
[www.ducksters.com/science/earth_science/index.html]
[www.ducksters.com/history/africa/index.html]
[www.ducksters.com/history/china/ancient_china.html]
[www.ducksters.com/history/ancient_egypt.html]
[www.ducksters.com/history/ancient_greece.html]
[www.ducksters.com/history/mesopotamia/ancient_mesopotamia.html]
[www.ducksters.com/history/ancient_rome.html]
[www.ducksters.com/history/middle_ages_timeline.html]
[www.ducksters.com/history/islam/index.html]
[www.ducksters.com/history/renaissance.html]
[www.ducksters.com/history/aztec_maya_inca.html]
[www.ducksters.com/history/french_revolution/index.html]
[www.ducksters.com/history/world_war_i/index.html]
[www.ducksters.com/history/world_war_ii/index.html]
[www.ducksters.com/history/cold_war/summary.html]
[www.ducksters.com/geography/usgeography.html]
[www.ducksters.com/geography/africa.html]
[www.ducksters.com/geography/asia.html]
[www.ducksters.com/geography/centralamerica.html]
[www.ducksters.com/geography/europe.html]
[www.ducksters.com/geography/middleeast.html]
[www.ducksters.com/geography/northamerica.html]
[www.ducksters.com/geography/oceania.html]
[www.ducksters.com/geography/southamerica.html]
[www.ducksters.com/geography/southeastasia.html]
[www.ducksters.com/holidays/kids_calendar.html]
[www.ducksters.com/jokes/index.html]
[www.ducksters.com/movies.html]
[www.ducksters.com/music.html]
[www.ducksters.com/sports.html]
[www.ducksters.com/about.html]
[www.ducksters.com/privacy_policy.html]
[www.ducksters.com/termsofuse.html]
