[developer.mozilla.org/en-US/docs/Web/HTML/Element/input/checkbox.html]
[backblue.gif]
[fade.gif]
[index.html]
[developer.mozilla.org/static/fonts/locales/ZillaSlab-Regular.subset.bbc33fb47cf6.woff2]
[developer.mozilla.org/static/build/styles/mdn.0383adf7981f.css]
[developer.mozilla.org/static/build/styles/wiki.c0fead7a1495.css]
[developer.mozilla.org/en-US/index.html]
[www.google-analytics.com/analytics.js]
[developer.mozilla.org/en-US/search/xml]
[developer.mozilla.org/static/img/favicon144.e7e21ca263ca.png]
[developer.mozilla.org/static/img/favicon114.d526f38b09c5.png]
[developer.mozilla.org/static/img/favicon72.cc65d1d762a0.png]
[developer.mozilla.org/static/img/favicon57.de33179910ae.png]
[developer.mozilla.org/static/img/favicon32.7f3da72dcea1.png]
[developer.mozilla.org/en-US/docs/Web/HTML/Element/input/checkbox$json.json]
[developer.mozilla.org/es/docs/Web/HTML/Elemento/input/checkbox.html]
[developer.mozilla.org/fr/docs/Web/HTML/Element/Input/checkbox.html]
[developer.mozilla.org/ja/docs/Web/HTML/Element/Input/checkbox.html]
[developer.mozilla.org/pt-BR/docs/Web/HTML/Element/Input/checkbox.html]
[developer.mozilla.org/zh-CN/docs/Web/HTML/Element/Input/checkbox.html]
[developer.mozilla.org/en-US/docs/Web.html]
[developer.mozilla.org/static/js/libs/ckeditor/build/ckeditor/index.html]
[developer.mozilla.org/static/index.html]
[developer.mozilla.org/en-US/docs/Web/HTML.html]
[developer.mozilla.org/en-US/docs/Web/CSS.html]
[developer.mozilla.org/en-US/docs/Web/JavaScript.html]
[developer.mozilla.org/en-US/docs/Web/Guide/Graphics.html]
[developer.mozilla.org/en-US/docs/Web/HTTP.html]
[developer.mozilla.org/en-US/docs/Web/API.html]
[developer.mozilla.org/en-US/docs/Mozilla/Add-ons/WebExtensions.html]
[developer.mozilla.org/en-US/docs/Web/MathML.html]
[developer.mozilla.org/en-US/docs/Learn.html]
[developer.mozilla.org/en-US/docs/Web/Tutorials.html]
[developer.mozilla.org/en-US/docs/Web/Reference.html]
[developer.mozilla.org/en-US/docs/Web/Guide.html]
[developer.mozilla.org/en-US/docs/Web/Accessibility.html]
[developer.mozilla.org/en-US/docs/Games.html]
[developer.mozilla.org/en-US/docs/MDN/Feedback.html]
[developer.mozilla.org/en-US/docs/MDN/Community.html]
[github.com/loginea77.html]
[bugzilla.mozilla.org/form.html]
[developer.mozilla.org/en-US/users/signin44da.html]
[developer.mozilla.org/en-US/users/signin0d39.html]
[developer.mozilla.org/en-US/docs/Web/HTML/Element/input/checkbox$history.html]
[developer.mozilla.org/en-US/docs/Web/HTML/Element/input.html]
[interactive-examples.mdn.mozilla.net/pages/tabbed/input-checkbox.html]
[github.com/mdn/interactive-examples.html]
[developer.mozilla.org/en-US/docs/Web/HTML/Element/input/radio.html]
[developer.mozilla.org/en-US/docs/Web/API/DOMString.html]
[developer.mozilla.org/en-US/docs/Web/Events/change.html]
[developer.mozilla.org/en-US/docs/Web/Events/input.html]
[developer.mozilla.org/en-US/docs/Web/API/HTMLInputElement/select.html]
[developer.mozilla.org/en-US/docs/Web/HTML/Element/label.html]
[developer.mozilla.org/en-US/docs/Web/API/HTMLInputElement.html]
[mdn.github.io/learning-area/html/forms/indeterminate-example/index.html]
[developer.mozilla.org/en-US/docs/Web/Guide/HTML/HTML5/Constraint_validation.html]
[developer.mozilla.org/en-US/docs/Web/API/ValidityState.html]
[developer.mozilla.org/en-US/docs/Web/API/ValidityState/valueMissing]
[mdn.mozillademos.org/en-US/docs/Web/HTML/Element/input/checkbox$samples/Examplesd1fe.html]
[html.spec.whatwg.org/multipage/forms.html]
[www.w3.org/TR/html50/forms.html]
[github.com/mdn/browser-compat-data.html]
[developer.mozilla.org/en-US/docs/Web/CSS/_checked.html]
[developer.mozilla.org/en-US/docs/Web/CSS/_indeterminate.html]
[developer.mozilla.org/en-US/docs/tag/checkbox.html]
[developer.mozilla.org/en-US/docs/tag/Element.html]
[developer.mozilla.org/en-US/docs/tag/form.html]
[developer.mozilla.org/en-US/docs/tag/HTML.html]
[developer.mozilla.org/en-US/docs/tag/HTML forms.html]
[developer.mozilla.org/en-US/docs/tag/Input.html]
[developer.mozilla.org/en-US/docs/tag/Input Types.html]
[developer.mozilla.org/en-US/docs/tag/Reference.html]
[developer.mozilla.org/en-US/profiles/mfuji09.html]
[developer.mozilla.org/en-US/profiles/SphinxKnight.html]
[developer.mozilla.org/en-US/profiles/Sheppy.html]
[developer.mozilla.org/en-US/profiles/funkedgeek.html]
[developer.mozilla.org/en-US/profiles/wbamberg.html]
[developer.mozilla.org/en-US/profiles/Konrud.html]
[developer.mozilla.org/en-US/profiles/connorshea.html]
[developer.mozilla.org/en-US/profiles/chrisdavidmills.html]
[developer.mozilla.org/en-US/profiles/dxuehu.html]
[developer.mozilla.org/en-US/profiles/toothbrush.html]
[developer.mozilla.org/en-US/profiles/ben8p.html]
[developer.mozilla.org/en-US/profiles/sideshowbarker.html]
[developer.mozilla.org/en-US/profiles/erikwleon.html]
[developer.mozilla.org/en-US/profiles/noformnocontent.html]
[developer.mozilla.org/en-US/profiles/ku3nsting.html]
[developer.mozilla.org/en-US/profiles/bhauteki.html]
[developer.mozilla.org/en-US/profiles/jrz.html]
[developer.mozilla.org/en-US/profiles/Tigt.html]
[developer.mozilla.org/en-US/profiles/arai.html]
[developer.mozilla.org/en-US/profiles/JoseEnrique.html]
[developer.mozilla.org/en-US/profiles/jswisher.html]
[developer.mozilla.org/en-US/profiles/aboxhall.html]
[developer.mozilla.org/en-US/profiles/TylerH.html]
[developer.mozilla.org/en-US/profiles/sjakthol.html]
[developer.mozilla.org/en-US/profiles/teoli.html]
[developer.mozilla.org/en-US/profiles/Jeremie.html]
[developer.mozilla.org/en-US/profiles/hideheader.html]
[developer.mozilla.org/en-US/profiles/kscarfone.html]
[developer.mozilla.org/en-US/profiles/sidgan.html]
[developer.mozilla.org/en-US/docs/Web/HTML/Element.html]
[developer.mozilla.org/en-US/docs/Web/HTML/Element/button.html]
[developer.mozilla.org/en-US/docs/Web/HTML/Element/datalist.html]
[developer.mozilla.org/en-US/docs/Web/HTML/Element/fieldset.html]
[developer.mozilla.org/en-US/docs/Web/HTML/Element/form.html]
[developer.mozilla.org/en-US/docs/Web/HTML/Element/keygen.html]
[developer.mozilla.org/en-US/docs/Web/HTML/Element/legend.html]
[developer.mozilla.org/en-US/docs/Web/HTML/Element/meter.html]
[developer.mozilla.org/en-US/docs/Web/HTML/Element/optgroup.html]
[developer.mozilla.org/en-US/docs/Web/HTML/Element/option.html]
[developer.mozilla.org/en-US/docs/Web/HTML/Element/output.html]
[developer.mozilla.org/en-US/docs/Web/HTML/Element/progress.html]
[developer.mozilla.org/en-US/docs/Web/HTML/Element/select.html]
[developer.mozilla.org/en-US/docs/Web/HTML/Element/textarea.html]
[developer.mozilla.org/en-US/docs/Web/HTML/Element/input/button.html]
[developer.mozilla.org/en-US/docs/Web/HTML/Element/input/color.html]
[developer.mozilla.org/en-US/docs/Web/HTML/Element/input/date.html]
[developer.mozilla.org/en-US/docs/Web/HTML/Element/input/datetime.html]
[developer.mozilla.org/en-US/docs/Web/HTML/Element/input/datetime-local.html]
[developer.mozilla.org/en-US/docs/Web/HTML/Element/input/email.html]
[developer.mozilla.org/en-US/docs/Web/HTML/Element/input/file.html]
[developer.mozilla.org/en-US/docs/Web/HTML/Element/input/hidden.html]
[developer.mozilla.org/en-US/docs/Web/HTML/Element/input/image.html]
[developer.mozilla.org/en-US/docs/Web/HTML/Element/input/month.html]
[developer.mozilla.org/en-US/docs/Web/HTML/Element/input/number.html]
[developer.mozilla.org/en-US/docs/Web/HTML/Element/input/password.html]
[developer.mozilla.org/en-US/docs/Web/HTML/Element/input/range.html]
[developer.mozilla.org/en-US/docs/Web/HTML/Element/input/reset.html]
[developer.mozilla.org/en-US/docs/Web/HTML/Element/input/search.html]
[developer.mozilla.org/en-US/docs/Web/HTML/Element/input/submit.html]
[developer.mozilla.org/en-US/docs/Web/HTML/Element/input/tel.html]
[developer.mozilla.org/en-US/docs/Web/HTML/Element/input/text.html]
[developer.mozilla.org/en-US/docs/Web/HTML/Element/input/time.html]
[developer.mozilla.org/en-US/docs/Web/HTML/Element/input/url.html]
[developer.mozilla.org/en-US/docs/Web/HTML/Element/input/week.html]
[developer.mozilla.org/en-US/docs/Web/HTML/Date_and_time_formats.html]
[developer.mozilla.org/en-US/docs/Web/HTML/Element/a.html]
[developer.mozilla.org/en-US/docs/Web/HTML/Element/abbr.html]
[developer.mozilla.org/en-US/docs/Web/HTML/Element/acronym.html]
[developer.mozilla.org/en-US/docs/Web/HTML/Element/address.html]
[developer.mozilla.org/en-US/docs/Web/HTML/Element/applet.html]
[developer.mozilla.org/en-US/docs/Web/HTML/Element/area.html]
[developer.mozilla.org/en-US/docs/Web/HTML/Element/article.html]
[developer.mozilla.org/en-US/docs/Web/HTML/Element/aside.html]
[developer.mozilla.org/en-US/docs/Web/HTML/Element/audio.html]
[developer.mozilla.org/en-US/docs/Web/HTML/Element/b.html]
[developer.mozilla.org/en-US/docs/Web/HTML/Element/base.html]
[developer.mozilla.org/en-US/docs/Web/HTML/Element/basefont.html]
[developer.mozilla.org/en-US/docs/Web/HTML/Element/bdi.html]
[developer.mozilla.org/en-US/docs/Web/HTML/Element/bdo.html]
[developer.mozilla.org/en-US/docs/Web/HTML/Element/bgsound.html]
[developer.mozilla.org/en-US/docs/Web/HTML/Element/big.html]
[developer.mozilla.org/en-US/docs/Web/HTML/Element/blink.html]
[developer.mozilla.org/en-US/docs/Web/HTML/Element/blockquote.html]
[developer.mozilla.org/en-US/docs/Web/HTML/Element/body.html]
[developer.mozilla.org/en-US/docs/Web/HTML/Element/br.html]
[developer.mozilla.org/en-US/docs/Web/HTML/Element/canvas.html]
[developer.mozilla.org/en-US/docs/Web/HTML/Element/caption.html]
[developer.mozilla.org/en-US/docs/Web/HTML/Element/center.html]
[developer.mozilla.org/en-US/docs/Web/HTML/Element/cite.html]
[developer.mozilla.org/en-US/docs/Web/HTML/Element/code.html]
[developer.mozilla.org/en-US/docs/Web/HTML/Element/col.html]
[developer.mozilla.org/en-US/docs/Web/HTML/Element/colgroup.html]
[developer.mozilla.org/en-US/docs/Web/HTML/Element/content.html]
[developer.mozilla.org/en-US/docs/Web/HTML/Element/data.html]
[developer.mozilla.org/en-US/docs/Web/HTML/Element/dd.html]
[developer.mozilla.org/en-US/docs/Web/HTML/Element/del.html]
[developer.mozilla.org/en-US/docs/Web/HTML/Element/details.html]
[developer.mozilla.org/en-US/docs/Web/HTML/Element/dfn.html]
[developer.mozilla.org/en-US/docs/Web/HTML/Element/dialog.html]
[developer.mozilla.org/en-US/docs/Web/HTML/Element/dir.html]
[developer.mozilla.org/en-US/docs/Web/HTML/Element/div.html]
[developer.mozilla.org/en-US/docs/Web/HTML/Element/dl.html]
[developer.mozilla.org/en-US/docs/Web/HTML/Element/dt.html]
[developer.mozilla.org/en-US/docs/Web/HTML/Element/em.html]
[developer.mozilla.org/en-US/docs/Web/HTML/Element/embed.html]
[developer.mozilla.org/en-US/docs/Web/HTML/Element/figcaption.html]
[developer.mozilla.org/en-US/docs/Web/HTML/Element/figure.html]
[developer.mozilla.org/en-US/docs/Web/HTML/Element/font.html]
[developer.mozilla.org/en-US/docs/Web/HTML/Element/footer.html]
[developer.mozilla.org/en-US/docs/Web/HTML/Element/frame.html]
[developer.mozilla.org/en-US/docs/Web/HTML/Element/frameset.html]
[developer.mozilla.org/en-US/docs/Web/HTML/Element/Heading_Elements.html]
[developer.mozilla.org/en-US/docs/Web/HTML/Element/head.html]
[developer.mozilla.org/en-US/docs/Web/HTML/Element/header.html]
[developer.mozilla.org/en-US/docs/Web/HTML/Element/hgroup.html]
[developer.mozilla.org/en-US/docs/Web/HTML/Element/hr.html]
[developer.mozilla.org/en-US/docs/Web/HTML/Element/html.html]
[developer.mozilla.org/en-US/docs/Web/HTML/Element/i.html]
[developer.mozilla.org/en-US/docs/Web/HTML/Element/iframe.html]
[developer.mozilla.org/en-US/docs/Web/HTML/Element/img.html]
[developer.mozilla.org/en-US/docs/Web/HTML/Element/ins.html]
[developer.mozilla.org/en-US/docs/Web/HTML/Element/isindex.html]
[developer.mozilla.org/en-US/docs/Web/HTML/Element/kbd.html]
[developer.mozilla.org/en-US/docs/Web/HTML/Element/li.html]
[developer.mozilla.org/en-US/docs/Web/HTML/Element/link.html]
[developer.mozilla.org/en-US/docs/Web/HTML/Element/listing.html]
[developer.mozilla.org/en-US/docs/Web/HTML/Element/main.html]
[developer.mozilla.org/en-US/docs/Web/HTML/Element/map.html]
[developer.mozilla.org/en-US/docs/Web/HTML/Element/mark.html]
[developer.mozilla.org/en-US/docs/Web/HTML/Element/marquee.html]
[developer.mozilla.org/en-US/docs/Web/HTML/Element/menu.html]
[developer.mozilla.org/en-US/docs/Web/HTML/Element/menuitem.html]
[developer.mozilla.org/en-US/docs/Web/HTML/Element/meta.html]
[developer.mozilla.org/en-US/docs/Web/HTML/Element/nav.html]
[developer.mozilla.org/en-US/docs/Web/HTML/Element/nobr.html]
[developer.mozilla.org/en-US/docs/Web/HTML/Element/noframes.html]
[developer.mozilla.org/en-US/docs/Web/HTML/Element/noscript.html]
[developer.mozilla.org/en-US/docs/Web/HTML/Element/object.html]
[developer.mozilla.org/en-US/docs/Web/HTML/Element/ol.html]
[developer.mozilla.org/en-US/docs/Web/HTML/Element/p.html]
[developer.mozilla.org/en-US/docs/Web/HTML/Element/param.html]
[developer.mozilla.org/en-US/docs/Web/HTML/Element/picture.html]
[developer.mozilla.org/en-US/docs/Web/HTML/Element/plaintext.html]
[developer.mozilla.org/en-US/docs/Web/HTML/Element/pre.html]
[developer.mozilla.org/en-US/docs/Web/HTML/Element/q.html]
[developer.mozilla.org/en-US/docs/Web/HTML/Element/rp.html]
[developer.mozilla.org/en-US/docs/Web/HTML/Element/rt.html]
[developer.mozilla.org/en-US/docs/Web/HTML/Element/rtc.html]
[developer.mozilla.org/en-US/docs/Web/HTML/Element/ruby.html]
[developer.mozilla.org/en-US/docs/Web/HTML/Element/s.html]
[developer.mozilla.org/en-US/docs/Web/HTML/Element/samp.html]
[developer.mozilla.org/en-US/docs/Web/HTML/Element/script.html]
[developer.mozilla.org/en-US/docs/Web/HTML/Element/section.html]
[developer.mozilla.org/en-US/docs/Web/HTML/Element/shadow.html]
[developer.mozilla.org/en-US/docs/Web/HTML/Element/slot.html]
[developer.mozilla.org/en-US/docs/Web/HTML/Element/small.html]
[developer.mozilla.org/en-US/docs/Web/HTML/Element/source.html]
[developer.mozilla.org/en-US/docs/Web/HTML/Element/spacer.html]
[developer.mozilla.org/en-US/docs/Web/HTML/Element/span.html]
[developer.mozilla.org/en-US/docs/Web/HTML/Element/strike.html]
[developer.mozilla.org/en-US/docs/Web/HTML/Element/strong.html]
[developer.mozilla.org/en-US/docs/Web/HTML/Element/style.html]
[developer.mozilla.org/en-US/docs/Web/HTML/Element/sub.html]
[developer.mozilla.org/en-US/docs/Web/HTML/Element/summary.html]
[developer.mozilla.org/en-US/docs/Web/HTML/Element/sup.html]
[developer.mozilla.org/en-US/docs/Web/HTML/Element/table.html]
[developer.mozilla.org/en-US/docs/Web/HTML/Element/tbody.html]
[developer.mozilla.org/en-US/docs/Web/HTML/Element/td.html]
[developer.mozilla.org/en-US/docs/Web/HTML/Element/template.html]
[developer.mozilla.org/en-US/docs/Web/HTML/Element/tfoot.html]
[developer.mozilla.org/en-US/docs/Web/HTML/Element/th.html]
[developer.mozilla.org/en-US/docs/Web/HTML/Element/thead.html]
[developer.mozilla.org/en-US/docs/Web/HTML/Element/time.html]
[developer.mozilla.org/en-US/docs/Web/HTML/Element/title.html]
[developer.mozilla.org/en-US/docs/Web/HTML/Element/tr.html]
[developer.mozilla.org/en-US/docs/Web/HTML/Element/track.html]
[developer.mozilla.org/en-US/docs/Web/HTML/Element/tt.html]
[developer.mozilla.org/en-US/docs/Web/HTML/Element/u.html]
[developer.mozilla.org/en-US/docs/Web/HTML/Element/ul.html]
[developer.mozilla.org/en-US/docs/Web/HTML/Element/var.html]
[developer.mozilla.org/en-US/docs/Web/HTML/Element/video.html]
[developer.mozilla.org/en-US/docs/Web/HTML/Element/wbr.html]
[developer.mozilla.org/en-US/docs/Web/HTML/Element/xmp.html]
[developer.mozilla.org/en-US/docs/MDN/About.html]
[twitter.com/mozdevnet.html]
[twitter.com/mozilla.html]
[github.com/mdn/index.html]
[www.facebook.com/mozilla.html]
[developer.mozilla.org/static/jsi18n/en-US/javascript.414b87adc480.js]
[www.instagram.com/mozillagram/index.html]
[developer.mozilla.org/static/build/js/main.0ed22a584ec2.js]
[developer.mozilla.org/static/build/js/wiki.6d974031a430.js]
[developer.mozilla.org/static/build/js/newsletter.a85c5c2892e5.js]
[developer.mozilla.org/en-US/docs/Web/HTML/Element/input/checkbox.html]
[developer.mozilla.org/en-US/index.html]
[developer.mozilla.org/static/build/styles/mdn.0383adf7981f.css]
[developer.mozilla.org/static/build/styles/wiki.c0fead7a1495.css]
[developer.mozilla.org/static/build/styles/locale-en-US.520ecdcaef8c.css]
[interactive-examples.mdn.mozilla.net/index.html]
[developer.mozilla.org/es/docs/Web/HTML/Elemento/input/checkbox.html]
[developer.mozilla.org/fr/docs/Web/HTML/Element/Input/checkbox.html]
[developer.mozilla.org/ja/docs/Web/HTML/Element/Input/checkbox.html]
[developer.mozilla.org/pt-BR/docs/Web/HTML/Element/Input/checkbox.html]
[developer.mozilla.org/zh-CN/docs/Web/HTML/Element/Input/checkbox.html]
[developer.mozilla.org/static/js/libs/ckeditor/build/ckeditor/index.html]
[developer.mozilla.org/static/index.html]
[developer.mozilla.org/static/build/styles/editor-locale-en-US.520ecdcaef8c.css]
[developer.mozilla.org/en-US/docs/Web.html]
[developer.mozilla.org/en-US/docs/Web/HTML.html]
[developer.mozilla.org/en-US/docs/Web/CSS.html]
[developer.mozilla.org/en-US/docs/Web/JavaScript.html]
[developer.mozilla.org/en-US/docs/Web/Guide/Graphics.html]
[developer.mozilla.org/en-US/docs/Web/HTTP.html]
[developer.mozilla.org/en-US/docs/Web/API.html]
[developer.mozilla.org/en-US/docs/Mozilla/Add-ons/WebExtensions.html]
[developer.mozilla.org/en-US/docs/Web/MathML.html]
[developer.mozilla.org/en-US/docs/Learn.html]
[developer.mozilla.org/en-US/docs/Web/Tutorials.html]
[developer.mozilla.org/en-US/docs/Web/Reference.html]
[developer.mozilla.org/en-US/docs/Web/Guide.html]
[developer.mozilla.org/en-US/docs/Web/Accessibility.html]
[developer.mozilla.org/en-US/docs/Games.html]
[developer.mozilla.org/en-US/docs/MDN/Feedback.html]
[support.mozilla.org/index.html]
[stackoverflow.com/index.html]
[developer.mozilla.org/en-US/docs/MDN/Community.html]
[github.com/loginea77.html]
[bugzilla.mozilla.org/form.html]
[developer.mozilla.org/users/github/login/indexa0ea.html]
[developer.mozilla.org/en-US/users/signin44da.html]
[developer.mozilla.org/en-US/users/signin0d39.html]
[developer.mozilla.org/en-US/docs/Web/HTML/Element/input/checkbox$history.html]
[developer.mozilla.org/en-US/docs/Web/HTML/Element/input.html]
[interactive-examples.mdn.mozilla.net/pages/tabbed/input-checkbox.html]
[github.com/mdn/interactive-examples.html]
[developer.mozilla.org/en-US/docs/Web/HTML/Element/input/radio.html]
[developer.mozilla.org/en-US/docs/Web/API/DOMString.html]
[developer.mozilla.org/en-US/docs/Web/Events/change.html]
[developer.mozilla.org/en-US/docs/Web/Events/input.html]
[developer.mozilla.org/en-US/docs/Web/API/HTMLInputElement/select.html]
[mdn.mozillademos.org/en-US/docs/Web/HTML/Element/input/checkbox$samples/Valued1fe.html]
[stackoverflow.com/questions/5985839/bug-with-firefox-disabled-attribute-of-input-not-resetting-when-refreshing.html]
[mdn.mozillademos.org/en-US/docs/Web/HTML/Element/input/checkbox$samples/Handling_multiple_checkboxesd1fe.html]
[stackoverflow.com/questions/18745456/handle-multiple-checkboxes-with-a-single-serverside-variable.html]
[mdn.mozillademos.org/en-US/docs/Web/HTML/Element/input/checkbox$samples/Checking_boxes_by_defaultd1fe.html]
[developer.mozilla.org/en-US/docs/Web/HTML/Element/label.html]
[developer.mozilla.org/en-US/docs/Web/API/HTMLInputElement.html]
[css-tricks.com/indeterminate-checkboxes/index.html]
[mdn.github.io/learning-area/html/forms/indeterminate-example/index.html]
[developer.mozilla.org/en-US/docs/Web/Guide/HTML/HTML5/Constraint_validation.html]
[developer.mozilla.org/en-US/docs/Web/API/ValidityState.html]
[developer.mozilla.org/en-US/docs/Web/API/ValidityState/valueMissing.html]
[mdn.mozillademos.org/en-US/docs/Web/HTML/Element/input/checkbox$samples/Examplesd1fe.html]
[html.spec.whatwg.org/multipage/forms.html]
[www.w3.org/TR/html50/forms.html]
[github.com/mdn/browser-compat-data.html]
[developer.mozilla.org/en-US/docs/Web/CSS/_checked.html]
[developer.mozilla.org/en-US/docs/Web/CSS/_indeterminate.html]
[developer.mozilla.org/en-US/docs/tag/checkbox.html]
[developer.mozilla.org/en-US/docs/tag/Element.html]
[developer.mozilla.org/en-US/docs/tag/form.html]
[developer.mozilla.org/en-US/docs/tag/HTML.html]
[developer.mozilla.org/en-US/docs/tag/HTML forms.html]
[developer.mozilla.org/en-US/docs/tag/Input.html]
[developer.mozilla.org/en-US/docs/tag/Input Types.html]
[developer.mozilla.org/en-US/docs/tag/Reference.html]
[developer.mozilla.org/en-US/profiles/mfuji09.html]
[developer.mozilla.org/en-US/profiles/SphinxKnight.html]
[developer.mozilla.org/en-US/profiles/Sheppy.html]
[developer.mozilla.org/en-US/profiles/funkedgeek.html]
[developer.mozilla.org/en-US/profiles/wbamberg.html]
[developer.mozilla.org/en-US/profiles/Konrud.html]
[developer.mozilla.org/en-US/profiles/connorshea.html]
[developer.mozilla.org/en-US/profiles/chrisdavidmills.html]
[developer.mozilla.org/en-US/profiles/dxuehu.html]
[developer.mozilla.org/en-US/profiles/toothbrush.html]
[developer.mozilla.org/en-US/profiles/ben8p.html]
[developer.mozilla.org/en-US/profiles/sideshowbarker.html]
[developer.mozilla.org/en-US/profiles/erikwleon.html]
[developer.mozilla.org/en-US/profiles/noformnocontent.html]
[developer.mozilla.org/en-US/profiles/ku3nsting.html]
[developer.mozilla.org/en-US/profiles/bhauteki.html]
[developer.mozilla.org/en-US/profiles/jrz.html]
[developer.mozilla.org/en-US/profiles/Tigt.html]
[developer.mozilla.org/en-US/profiles/arai.html]
[developer.mozilla.org/en-US/profiles/JoseEnrique.html]
[developer.mozilla.org/en-US/profiles/jswisher.html]
[developer.mozilla.org/en-US/profiles/aboxhall.html]
[developer.mozilla.org/en-US/profiles/TylerH.html]
[developer.mozilla.org/en-US/profiles/sjakthol.html]
[developer.mozilla.org/en-US/profiles/teoli.html]
[developer.mozilla.org/en-US/profiles/Jeremie.html]
[developer.mozilla.org/en-US/profiles/hideheader.html]
[developer.mozilla.org/en-US/profiles/kscarfone.html]
[developer.mozilla.org/en-US/profiles/sidgan.html]
[developer.mozilla.org/en-US/docs/Web/HTML/Element.html]
[developer.mozilla.org/en-US/docs/Web/HTML/Element/button.html]
[developer.mozilla.org/en-US/docs/Web/HTML/Element/datalist.html]
[developer.mozilla.org/en-US/docs/Web/HTML/Element/fieldset.html]
[developer.mozilla.org/en-US/docs/Web/HTML/Element/form.html]
[developer.mozilla.org/en-US/docs/Web/HTML/Element/keygen.html]
[developer.mozilla.org/en-US/docs/Web/HTML/Element/legend.html]
[developer.mozilla.org/en-US/docs/Web/HTML/Element/meter.html]
[developer.mozilla.org/en-US/docs/Web/HTML/Element/optgroup.html]
[developer.mozilla.org/en-US/docs/Web/HTML/Element/option.html]
[developer.mozilla.org/en-US/docs/Web/HTML/Element/output.html]
[developer.mozilla.org/en-US/docs/Web/HTML/Element/progress.html]
[developer.mozilla.org/en-US/docs/Web/HTML/Element/select.html]
[developer.mozilla.org/en-US/docs/Web/HTML/Element/textarea.html]
[developer.mozilla.org/en-US/docs/Web/HTML/Element/input/button.html]
[developer.mozilla.org/en-US/docs/Web/HTML/Element/input/color.html]
[developer.mozilla.org/en-US/docs/Web/HTML/Element/input/date.html]
[developer.mozilla.org/en-US/docs/Web/HTML/Element/input/datetime.html]
[developer.mozilla.org/en-US/docs/Web/HTML/Element/input/datetime-local.html]
[developer.mozilla.org/en-US/docs/Web/HTML/Element/input/email.html]
[developer.mozilla.org/en-US/docs/Web/HTML/Element/input/file.html]
[developer.mozilla.org/en-US/docs/Web/HTML/Element/input/hidden.html]
[developer.mozilla.org/en-US/docs/Web/HTML/Element/input/image.html]
[developer.mozilla.org/en-US/docs/Web/HTML/Element/input/month.html]
[developer.mozilla.org/en-US/docs/Web/HTML/Element/input/number.html]
[developer.mozilla.org/en-US/docs/Web/HTML/Element/input/password.html]
[developer.mozilla.org/en-US/docs/Web/HTML/Element/input/range.html]
[developer.mozilla.org/en-US/docs/Web/HTML/Element/input/reset.html]
[developer.mozilla.org/en-US/docs/Web/HTML/Element/input/search.html]
[developer.mozilla.org/en-US/docs/Web/HTML/Element/input/submit.html]
[developer.mozilla.org/en-US/docs/Web/HTML/Element/input/tel.html]
[developer.mozilla.org/en-US/docs/Web/HTML/Element/input/text.html]
[developer.mozilla.org/en-US/docs/Web/HTML/Element/input/time.html]
[developer.mozilla.org/en-US/docs/Web/HTML/Element/input/url.html]
[developer.mozilla.org/en-US/docs/Web/HTML/Element/input/week.html]
[developer.mozilla.org/en-US/docs/Web/HTML/Date_and_time_formats.html]
[developer.mozilla.org/en-US/docs/Web/HTML/Element/a.html]
[developer.mozilla.org/en-US/docs/Web/HTML/Element/abbr.html]
[developer.mozilla.org/en-US/docs/Web/HTML/Element/acronym.html]
[developer.mozilla.org/en-US/docs/Web/HTML/Element/address.html]
[developer.mozilla.org/en-US/docs/Web/HTML/Element/applet.html]
[developer.mozilla.org/en-US/docs/Web/HTML/Element/area.html]
[developer.mozilla.org/en-US/docs/Web/HTML/Element/article.html]
[developer.mozilla.org/en-US/docs/Web/HTML/Element/aside.html]
[developer.mozilla.org/en-US/docs/Web/HTML/Element/audio.html]
[developer.mozilla.org/en-US/docs/Web/HTML/Element/b.html]
[developer.mozilla.org/en-US/docs/Web/HTML/Element/base.html]
[developer.mozilla.org/en-US/docs/Web/HTML/Element/basefont.html]
[developer.mozilla.org/en-US/docs/Web/HTML/Element/bdi.html]
[developer.mozilla.org/en-US/docs/Web/HTML/Element/bdo.html]
[developer.mozilla.org/en-US/docs/Web/HTML/Element/bgsound.html]
[developer.mozilla.org/en-US/docs/Web/HTML/Element/big.html]
[developer.mozilla.org/en-US/docs/Web/HTML/Element/blink.html]
[developer.mozilla.org/en-US/docs/Web/HTML/Element/blockquote.html]
[developer.mozilla.org/en-US/docs/Web/HTML/Element/body.html]
[developer.mozilla.org/en-US/docs/Web/HTML/Element/br.html]
[developer.mozilla.org/en-US/docs/Web/HTML/Element/canvas.html]
[developer.mozilla.org/en-US/docs/Web/HTML/Element/caption.html]
[developer.mozilla.org/en-US/docs/Web/HTML/Element/center.html]
[developer.mozilla.org/en-US/docs/Web/HTML/Element/cite.html]
[developer.mozilla.org/en-US/docs/Web/HTML/Element/code.html]
[developer.mozilla.org/en-US/docs/Web/HTML/Element/col.html]
[developer.mozilla.org/en-US/docs/Web/HTML/Element/colgroup.html]
[developer.mozilla.org/en-US/docs/Web/HTML/Element/content.html]
[developer.mozilla.org/en-US/docs/Web/HTML/Element/data.html]
[developer.mozilla.org/en-US/docs/Web/HTML/Element/dd.html]
[developer.mozilla.org/en-US/docs/Web/HTML/Element/del.html]
[developer.mozilla.org/en-US/docs/Web/HTML/Element/details.html]
[developer.mozilla.org/en-US/docs/Web/HTML/Element/dfn.html]
[developer.mozilla.org/en-US/docs/Web/HTML/Element/dialog.html]
[developer.mozilla.org/en-US/docs/Web/HTML/Element/dir.html]
[developer.mozilla.org/en-US/docs/Web/HTML/Element/div.html]
[developer.mozilla.org/en-US/docs/Web/HTML/Element/dl.html]
[developer.mozilla.org/en-US/docs/Web/HTML/Element/dt.html]
[developer.mozilla.org/en-US/docs/Web/HTML/Element/em.html]
[developer.mozilla.org/en-US/docs/Web/HTML/Element/embed.html]
[developer.mozilla.org/en-US/docs/Web/HTML/Element/figcaption.html]
[developer.mozilla.org/en-US/docs/Web/HTML/Element/figure.html]
[developer.mozilla.org/en-US/docs/Web/HTML/Element/font.html]
[developer.mozilla.org/en-US/docs/Web/HTML/Element/footer.html]
[developer.mozilla.org/en-US/docs/Web/HTML/Element/frame.html]
[developer.mozilla.org/en-US/docs/Web/HTML/Element/frameset.html]
[developer.mozilla.org/en-US/docs/Web/HTML/Element/Heading_Elements.html]
[developer.mozilla.org/en-US/docs/Web/HTML/Element/head.html]
[developer.mozilla.org/en-US/docs/Web/HTML/Element/header.html]
[developer.mozilla.org/en-US/docs/Web/HTML/Element/hgroup.html]
[developer.mozilla.org/en-US/docs/Web/HTML/Element/hr.html]
[developer.mozilla.org/en-US/docs/Web/HTML/Element/html.html]
[developer.mozilla.org/en-US/docs/Web/HTML/Element/i.html]
[developer.mozilla.org/en-US/docs/Web/HTML/Element/iframe.html]
[developer.mozilla.org/en-US/docs/Web/HTML/Element/img.html]
[developer.mozilla.org/en-US/docs/Web/HTML/Element/ins.html]
[developer.mozilla.org/en-US/docs/Web/HTML/Element/isindex.html]
[developer.mozilla.org/en-US/docs/Web/HTML/Element/kbd.html]
[developer.mozilla.org/en-US/docs/Web/HTML/Element/li.html]
[developer.mozilla.org/en-US/docs/Web/HTML/Element/link.html]
[developer.mozilla.org/en-US/docs/Web/HTML/Element/listing.html]
[developer.mozilla.org/en-US/docs/Web/HTML/Element/main.html]
[developer.mozilla.org/en-US/docs/Web/HTML/Element/map.html]
[developer.mozilla.org/en-US/docs/Web/HTML/Element/mark.html]
[developer.mozilla.org/en-US/docs/Web/HTML/Element/marquee.html]
[developer.mozilla.org/en-US/docs/Web/HTML/Element/menu.html]
[developer.mozilla.org/en-US/docs/Web/HTML/Element/menuitem.html]
[developer.mozilla.org/en-US/docs/Web/HTML/Element/meta.html]
[developer.mozilla.org/en-US/docs/Web/HTML/Element/nav.html]
[developer.mozilla.org/en-US/docs/Web/HTML/Element/nobr.html]
[developer.mozilla.org/en-US/docs/Web/HTML/Element/noframes.html]
[developer.mozilla.org/en-US/docs/Web/HTML/Element/noscript.html]
[developer.mozilla.org/en-US/docs/Web/HTML/Element/object.html]
[developer.mozilla.org/en-US/docs/Web/HTML/Element/ol.html]
[developer.mozilla.org/en-US/docs/Web/HTML/Element/p.html]
[developer.mozilla.org/en-US/docs/Web/HTML/Element/param.html]
[developer.mozilla.org/en-US/docs/Web/HTML/Element/picture.html]
[developer.mozilla.org/en-US/docs/Web/HTML/Element/plaintext.html]
[developer.mozilla.org/en-US/docs/Web/HTML/Element/pre.html]
[developer.mozilla.org/en-US/docs/Web/HTML/Element/q.html]
[developer.mozilla.org/en-US/docs/Web/HTML/Element/rp.html]
[developer.mozilla.org/en-US/docs/Web/HTML/Element/rt.html]
[developer.mozilla.org/en-US/docs/Web/HTML/Element/rtc.html]
[developer.mozilla.org/en-US/docs/Web/HTML/Element/ruby.html]
[developer.mozilla.org/en-US/docs/Web/HTML/Element/s.html]
[developer.mozilla.org/en-US/docs/Web/HTML/Element/samp.html]
[developer.mozilla.org/en-US/docs/Web/HTML/Element/script.html]
[developer.mozilla.org/en-US/docs/Web/HTML/Element/section.html]
[developer.mozilla.org/en-US/docs/Web/HTML/Element/shadow.html]
[developer.mozilla.org/en-US/docs/Web/HTML/Element/slot.html]
[developer.mozilla.org/en-US/docs/Web/HTML/Element/small.html]
[developer.mozilla.org/en-US/docs/Web/HTML/Element/source.html]
[developer.mozilla.org/en-US/docs/Web/HTML/Element/spacer.html]
[developer.mozilla.org/en-US/docs/Web/HTML/Element/span.html]
[developer.mozilla.org/en-US/docs/Web/HTML/Element/strike.html]
[developer.mozilla.org/en-US/docs/Web/HTML/Element/strong.html]
[developer.mozilla.org/en-US/docs/Web/HTML/Element/style.html]
[developer.mozilla.org/en-US/docs/Web/HTML/Element/sub.html]
[developer.mozilla.org/en-US/docs/Web/HTML/Element/summary.html]
[developer.mozilla.org/en-US/docs/Web/HTML/Element/sup.html]
[developer.mozilla.org/en-US/docs/Web/HTML/Element/table.html]
[developer.mozilla.org/en-US/docs/Web/HTML/Element/tbody.html]
[developer.mozilla.org/en-US/docs/Web/HTML/Element/td.html]
[developer.mozilla.org/en-US/docs/Web/HTML/Element/template.html]
[developer.mozilla.org/en-US/docs/Web/HTML/Element/tfoot.html]
[developer.mozilla.org/en-US/docs/Web/HTML/Element/th.html]
[developer.mozilla.org/en-US/docs/Web/HTML/Element/thead.html]
[developer.mozilla.org/en-US/docs/Web/HTML/Element/time.html]
[developer.mozilla.org/en-US/docs/Web/HTML/Element/title.html]
[developer.mozilla.org/en-US/docs/Web/HTML/Element/tr.html]
[developer.mozilla.org/en-US/docs/Web/HTML/Element/track.html]
[developer.mozilla.org/en-US/docs/Web/HTML/Element/tt.html]
[developer.mozilla.org/en-US/docs/Web/HTML/Element/u.html]
[developer.mozilla.org/en-US/docs/Web/HTML/Element/ul.html]
[developer.mozilla.org/en-US/docs/Web/HTML/Element/var.html]
[developer.mozilla.org/en-US/docs/Web/HTML/Element/video.html]
[developer.mozilla.org/en-US/docs/Web/HTML/Element/wbr.html]
[developer.mozilla.org/en-US/docs/Web/HTML/Element/xmp.html]
[www.mozilla.org/privacy/index.html]
[developer.mozilla.org/en-US/docs/MDN/About.html]
[twitter.com/mozdevnet.html]
[github.com/mdn/index.html]
[mozilla.org/index.html]
[www.mozilla.org/about/index.html]
[www.mozilla.org/contact/index.html]
[www.mozilla.org/firefox/indexb378.html]
[twitter.com/mozilla.html]
[www.facebook.com/mozilla.html]
[www.instagram.com/mozillagram/index.html]
[www.mozilla.org/en-US/about/legal/terms/mozilla/index.html]
[www.mozilla.org/privacy/websites/index.html]
