[greece.mrdonn.org/greekgods/poseidon.html]
[www.googletagmanager.com/gtag/js46a7]
[backblue.gif]
[fade.gif]
[index.html]
[www.mrdonn.org/mrdonn_120.png]
[www.mrdonn.org/privacy.png]
[www.mrdonn.org/home.png]
[www.mrdonn.org/explore.png]
[cdnjs.cloudflare.com/ajax/libs/cookieconsent2/1.0.10/index.html]
[cdnjs.cloudflare.com/ajax/libs/cookieconsent2/1.0.10/cookieconsent.min.js]
[pagead2.googlesyndication.com/pagead/js/f.txt]
[cookieconsent.insites.com/index.html]
[www.mrdonn.org/privacypolicy.html]
[www.mrdonn.org/index.html]
[ancienthistory.mrdonn.org/myths.html]
[archaeology.mrdonn.org/index.html]
[ancienthistory.mrdonn.org/index.html]
[ancienthistory.mrdonn.org/gods.html]
[earlyhumans.mrdonn.org/index.html]
[mesopotamia.mrdonn.org/index.html]
[egypt.mrdonn.org/index.html]
[greece.mrdonn.org/index.html]
[ancienthistory.mrdonn.org/games.html]
[india.mrdonn.org/index.html]
[rome.mrdonn.org/index.html]
[china.mrdonn.org/index.html]
[ancienthistory.mrdonn.org/3Teachings.html]
[celts.mrdonn.org/index.html]
[ask.mrdonn.org/index.html]
[7wonders.mrdonn.org/index.html]
[ancienthistory.mrdonn.org/powerpoints.html]
[videoclips.mrdonn.org/ancienthistory.html]
[clipart.mrdonn.org/ancienthistory.html]
[government.mrdonn.org/newnation.html]
[mayas.mrdonn.org/index.html]
[worldhistory.mrdonn.org/index.html]
[incas.mrdonn.org/index.html]
[vikings.mrdonn.org/index.html]
[africa.mrdonn.org/index.html]
[aztecs.mrdonn.org/index.html]
[medievaleurope.mrdonn.org/index.html]
[www.mrdonn.org/powerpoints.html]
[wars.mrdonn.org/index.html]
[pirates.mrdonn.org/index.html]
[explorers.mrdonn.org/index.html]
[americanhistory.mrdonn.org/index.html]
[www.mrdonn.org/games.html]
[nativeamericans.mrdonn.org/index.html]
[13colonies.mrdonn.org/index.html]
[ww1.mrdonn.org/index.html]
[westernexpansion.mrdonn.org/index.html]
[civilwar.mrdonn.org/index.html]
[revolution.mrdonn.org/index.html]
[geography.mrdonn.org/index.html]
[roaring20s.mrdonn.org/index.html]
[www.mrdonn.org/faq.html]
[greatdepression.mrdonn.org/index.html]
[government.mrdonn.org/index.html]
[holidays.mrdonn.org/index.html]
[clipart.mrdonn.org/index.html]
[greece.mrdonn.org/myths.html]
[greece.mrdonn.org/games.html]
[greece.mrdonn.org/lessonplans.html]
[greece.mrdonn.org/greekgods/explore.html]
[greece.mrdonn.org/greekgods/NeptunePoseidon.gif]
[greece.mrdonn.org/greekgods/athena.html]
[greece.mrdonn.org/greekgods/andromeda.html]
[greece.mrdonn.org/greekgods/greece01s.gif]
[greece.mrdonn.org/timeline.html]
[greece.mrdonn.org/geography.html]
[greece.mrdonn.org/maps.html]
[greece.mrdonn.org/minoans.html]
[greece.mrdonn.org/mycenaeans.html]
[greece.mrdonn.org/dorians.html]
[greece.mrdonn.org/darkages.html]
[greece.mrdonn.org/athens.html]
[greece.mrdonn.org/sparta.html]
[greece.mrdonn.org/city-states.html]
[greece.mrdonn.org/war.html]
[greece.mrdonn.org/military.html]
[greece.mrdonn.org/ships.html]
[greece.mrdonn.org/trojanwar.html]
[greece.mrdonn.org/persianwars.html]
[greece.mrdonn.org/delianleague.html]
[greece.mrdonn.org/peloponnesianwar.html]
[greece.mrdonn.org/alexander.html]
[greece.mrdonn.org/leagueofcorinth.html]
[greece.mrdonn.org/hellenistic-greece.html]
[greece.mrdonn.org/fall.html]
[greece.mrdonn.org/achievements.html]
[greece.mrdonn.org/inventions.html]
[www.museumoftheancients.com/index.html]
[greece.mrdonn.org/arts.html]
[greece.mrdonn.org/theatre.html]
[greece.mrdonn.org/dance.html]
[greece.mrdonn.org/olympics.html]
[greece.mrdonn.org/government.html]
[greece.mrdonn.org/athensdemocracy.html]
[greece.mrdonn.org/alphabet.html]
[greece.mrdonn.org/vases.html]
[greece.mrdonn.org/columns.html]
[greece.mrdonn.org/elginmarbles.html]
[greece.mrdonn.org/men.html]
[greece.mrdonn.org/women.html]
[greece.mrdonn.org/kids.html]
[greece.mrdonn.org/slaves.html]
[greece.mrdonn.org/toys.html]
[greece.mrdonn.org/houses.html]
[greece.mrdonn.org/food.html]
[greece.mrdonn.org/clothing.html]
[greece.mrdonn.org/hairstyles.html]
[greece.mrdonn.org/education.html]
[greece.mrdonn.org/weddings.html]
[greece.mrdonn.org/famousgreeks.html]
[greece.mrdonn.org/pericles.html]
[greece.mrdonn.org/philosophy.html]
[greece.mrdonn.org/aristotle.html]
[greece.mrdonn.org/socrates.html]
[greece.mrdonn.org/aesop.html]
[greece.mrdonn.org/greekgods/12olympians.html]
[greece.mrdonn.org/greekgods/familytree.html]
[greece.mrdonn.org/monsters.html]
[greece.mrdonn.org/iliad.html]
[greece.mrdonn.org/odyssey.html]
[greece.mrdonn.org/greekgods/hercules.html]
[greece.mrdonn.org/legends.html]
[greece.mrdonn.org/fables.html]
[greece.mrdonn.org/worship.html]
[greece.mrdonn.org/acropolis.html]
[ask.mrdonn.org/greece/greekgeographyQ&A.html]
[ask.mrdonn.org/greece/greekgodsQ&A.html]
[ask.mrdonn.org/greece/earlyancientgreeceQ&A.html]
[ask.mrdonn.org/greece/greekgovernmentQ&A.html]
[ask.mrdonn.org/greece/greekdailylifeQ&A.html]
[ask.mrdonn.org/greece/greekolympicsQ&A.html]
[ask.mrdonn.org/greece/greekwarsQ&A.html]
[ask.mrdonn.org/greece/greekartsQ&A.html]
[ask.mrdonn.org/greece/alexanderthegreatQ&A.html]
[greece.mrdonn.org/activities.html]
[greece.mrdonn.org/powerpoints.html]
[greece.mrdonn.org/powerpoints-jeopardy.html]
[mongols.mrdonn.org/index.html]
[www.mrdonn.org/stories.html]
[greece.mrdonn.org/greekgods/poseidon.html]
[greece.mrdonn.org/css/category.css]
[cdnjs.cloudflare.com/ajax/libs/cookieconsent2/1.0.10/index.html]
[cookieconsent.insites.com/index.html]
[www.mrdonn.org/index.html]
[www.mrdonn.org/privacypolicy.html]
[ancienthistory.mrdonn.org/index.html]
[archaeology.mrdonn.org/index.html]
[earlyhumans.mrdonn.org/index.html]
[mesopotamia.mrdonn.org/index.html]
[egypt.mrdonn.org/index.html]
[greece.mrdonn.org/index.html]
[rome.mrdonn.org/index.html]
[china.mrdonn.org/index.html]
[india.mrdonn.org/index.html]
[celts.mrdonn.org/index.html]
[ancienthistory.mrdonn.org/myths.html]
[ancienthistory.mrdonn.org/gods.html]
[ancienthistory.mrdonn.org/games.html]
[ask.mrdonn.org/index.html]
[7wonders.mrdonn.org/index.html]
[ancienthistory.mrdonn.org/3Teachings.html]
[ancienthistory.mrdonn.org/powerpoints.html]
[videoclips.mrdonn.org/ancienthistory.html]
[clipart.mrdonn.org/ancienthistory.html]
[worldhistory.mrdonn.org/index.html]
[incas.mrdonn.org/index.html]
[mayas.mrdonn.org/index.html]
[aztecs.mrdonn.org/index.html]
[africa.mrdonn.org/index.html]
[vikings.mrdonn.org/index.html]
[medievaleurope.mrdonn.org/index.html]
[pirates.mrdonn.org/index.html]
[explorers.mrdonn.org/index.html]
[wars.mrdonn.org/index.html]
[americanhistory.mrdonn.org/index.html]
[nativeamericans.mrdonn.org/index.html]
[13colonies.mrdonn.org/index.html]
[revolution.mrdonn.org/index.html]
[government.mrdonn.org/newnation.html]
[westernexpansion.mrdonn.org/index.html]
[civilwar.mrdonn.org/index.html]
[ww1.mrdonn.org/index.html]
[roaring20s.mrdonn.org/index.html]
[greatdepression.mrdonn.org/index.html]
[geography.mrdonn.org/index.html]
[government.mrdonn.org/index.html]
[holidays.mrdonn.org/index.html]
[www.mrdonn.org/powerpoints.html]
[www.mrdonn.org/games.html]
[clipart.mrdonn.org/index.html]
[www.mrdonn.org/faq.html]
[greece.mrdonn.org/greekgods/menu.html]
[greece.mrdonn.org/greekgods/index.html]
[greece.mrdonn.org/myths.html]
[greece.mrdonn.org/games.html]
[ask.mrdonn.org/greece/index.html]
[greece.mrdonn.org/lessonplans.html]
[greece.mrdonn.org/greekgods/explore.html]
[greece.mrdonn.org/greekgods/athena.html]
[greece.mrdonn.org/greekgods/andromeda.html]
[greece.mrdonn.org/timeline.html]
[greece.mrdonn.org/geography.html]
[greece.mrdonn.org/maps.html]
[greece.mrdonn.org/minoans.html]
[greece.mrdonn.org/mycenaeans.html]
[greece.mrdonn.org/dorians.html]
[greece.mrdonn.org/darkages.html]
[greece.mrdonn.org/athens.html]
[greece.mrdonn.org/sparta.html]
[greece.mrdonn.org/city-states.html]
[greece.mrdonn.org/war.html]
[greece.mrdonn.org/military.html]
[greece.mrdonn.org/ships.html]
[greece.mrdonn.org/trojanwar.html]
[greece.mrdonn.org/persianwars.html]
[greece.mrdonn.org/delianleague.html]
[greece.mrdonn.org/peloponnesianwar.html]
[greece.mrdonn.org/alexander.html]
[greece.mrdonn.org/leagueofcorinth.html]
[greece.mrdonn.org/hellenistic-greece.html]
[greece.mrdonn.org/fall.html]
[greece.mrdonn.org/achievements.html]
[greece.mrdonn.org/inventions.html]
[www.museumoftheancients.com/index.html]
[www.bbc.co.uk/schools/primaryhistory/ancient_greeks/arts_and_theatre/glossary/index.html]
[greece.mrdonn.org/arts.html]
[greece.mrdonn.org/theatre.html]
[greece.mrdonn.org/dance.html]
[greece.mrdonn.org/olympics.html]
[greece.mrdonn.org/government.html]
[greece.mrdonn.org/athensdemocracy.html]
[greece.mrdonn.org/alphabet.html]
[greece.mrdonn.org/vases.html]
[greece.mrdonn.org/columns.html]
[greece.mrdonn.org/elginmarbles.html]
[greece.mrdonn.org/men.html]
[greece.mrdonn.org/women.html]
[greece.mrdonn.org/kids.html]
[greece.mrdonn.org/slaves.html]
[greece.mrdonn.org/toys.html]
[greece.mrdonn.org/houses.html]
[greece.mrdonn.org/food.html]
[greece.mrdonn.org/clothing.html]
[greece.mrdonn.org/hairstyles.html]
[greece.mrdonn.org/education.html]
[greece.mrdonn.org/weddings.html]
[greece.mrdonn.org/famousgreeks.html]
[greece.mrdonn.org/pericles.html]
[greece.mrdonn.org/philosophy.html]
[greece.mrdonn.org/aristotle.html]
[greece.mrdonn.org/socrates.html]
[greece.mrdonn.org/aesop.html]
[greece.mrdonn.org/greekgods/12olympians.html]
[greece.mrdonn.org/greekgods/mtolympus.html]
[greece.mrdonn.org/greekgods/familytree.html]
[greece.mrdonn.org/monsters.html]
[greece.mrdonn.org/iliad.html]
[greece.mrdonn.org/odyssey.html]
[greece.mrdonn.org/greekgods/hercules.html]
[greece.mrdonn.org/legends.html]
[greece.mrdonn.org/fables.html]
[greece.mrdonn.org/worship.html]
[greece.mrdonn.org/acropolis.html]
[ask.mrdonn.org/greece/greekgeographyQ&A.html]
[ask.mrdonn.org/greece/greekgodsQ&A.html]
[ask.mrdonn.org/greece/earlyancientgreeceQ&A.html]
[ask.mrdonn.org/greece/greekgovernmentQ&A.html]
[ask.mrdonn.org/greece/greekdailylifeQ&A.html]
[ask.mrdonn.org/greece/greekolympicsQ&A.html]
[ask.mrdonn.org/greece/greekwarsQ&A.html]
[ask.mrdonn.org/greece/greekartsQ&A.html]
[ask.mrdonn.org/greece/alexanderthegreatQ&A.html]
[greece.mrdonn.org/activities.html]
[greece.mrdonn.org/powerpoints.html]
[greece.mrdonn.org/powerpoints-jeopardy.html]
[mongols.mrdonn.org/index.html]
[www.mrdonn.org/stories.html]
