[mars.nasa.gov/participate/funzone/index.html]
[backblue.gif]
[fade.gif]
[index.html]
[mars.nasa.gov/apple-touch-icon.png]
[mars.nasa.gov/favicon-32x32.png]
[mars.nasa.gov/favicon-16x16.png]
[mars.nasa.gov/manifest.json]
[mars.jpl.nasa.gov/layout/general/images/placeholder_thmfeat.jpg]
[mars.nasa.gov/js/rollover.js]
[mars.nasa.gov/js/jquery/jquery-1.11.1.min.js]
[mars.nasa.gov/layout/general/css/general-subset.css]
[mars.nasa.gov/js/general/layout/selectbrowsercss.js]
[assets.pinterest.com/js/pinit.js]
[mars.nasa.gov/js/general/layout/xmldom.min.js]
[dap.digitalgov.gov/Universal-Federated-Analytics-Minaf9c.js]
[www.google-analytics.com/analytics.js]
[mars.nasa.gov/layout/rcmsStyle.css]
[mars.nasa.gov/js/yui/build/yahoo-dom-event/yahoo-dom-event.js]
[mars.nasa.gov/js/yui/build/container/container_core.js]
[mars.nasa.gov/js/yui/build/menu/menu.js]
[mars.nasa.gov/js/custom.js]
[mars.nasa.gov/layout/DynamicListStyle.css]
[mars.nasa.gov/layout/mepjpl/images/rover_and_ads.png]
[mars.nasa.gov/layout/mepjpl/images/background_bottom.jpg]
[mars.nasa.gov/layout/mepjpl/images/background_WithBlue.jpg]
[mars.nasa.gov/layout/mepjpl/images/top_marsBanner.png]
[mars.nasa.gov/layout/mepjpl/images/MSLCountdown_Ad3.jpg]
[mars.nasa.gov/layout/mepjpl/images/content_titleBg.png]
[mars.nasa.gov/layout/mepjpl/images/footerBG.jpg]
[mars.nasa.gov/layout/mepjpl/images/sidebar_header_background.jpg]
[mars.nasa.gov/layout/mepjpl/images/icon_enlarge_background.jpg]
[mars.nasa.gov/participate/funzone/fyc_soi_banner.jpg]
[mars.nasa.gov/images/mepjpl/allaboutmars/quickfacts/metallic_frame.png]
[mars.nasa.gov/layout/mepjpl/images/topnav_bg.png]
[mars.nasa.gov/layout/mepjpl/images/leftnav_titlebar.png]
[mars.nasa.gov/layout/mepjpl/images/leftnav_bg.png]
[mars.nasa.gov/layout/mepjpl/images/leftnav_selectedbg.png]
[mars.nasa.gov/layout/mepjpl/images/leftnav_sep.png]
[mars.nasa.gov/layout/mepjpl/images/leftnav_bottom.png]
[mars.nasa.gov/layout/mepjpl/images/leftbox1_titlebar.png]
[mars.nasa.gov/layout/mepjpl/images/leftbox1_bg.png]
[mars.nasa.gov/layout/mepjpl/images/leftbox2_titlebar_rev2.png]
[mars.nasa.gov/layout/mepjpl/images/leftbox2_bg_rev2.png]
[mars.nasa.gov/layout/mepjpl/images/rightbox1_titlebar.png]
[mars.nasa.gov/layout/mepjpl/images/rightbox1_bg.png]
[mars.nasa.gov/layout/mepjpl/images/rightbox2_titlebar.png]
[mars.nasa.gov/layout/mepjpl/images/rightbox2_bg.png]
[mars.nasa.gov/layout/mepjpl/images/rightbox3_titlebar.png]
[mars.nasa.gov/layout/mepjpl/images/rightbox3_bg.png]
[mars.nasa.gov/layout/mepjpl/images/featurestory_titlebar_rev2.png]
[mars.nasa.gov/layout/mepjpl/images/featurestory_bg_rev2.png]
[mars.nasa.gov/layout/mepjpl/images/footer_top_rev2.png]
[mars.nasa.gov/layout/mepjpl/images/footer_bottom_rev2.png]
[mars.nasa.gov/layout/mepjpl/images/footer_bg_rev2.png]
[mars-jpl-nasa-gov-images.s3.amazonaws.com/spacer.gif]
[mars.nasa.gov/layout/mepjpl/images/NASABannerTransparent.png]
[mars.nasa.gov/layout/mepjpl/images/spacer.gif]
[mars.nasa.gov/index.html]
[mars.nasa.gov/layout/mepjpl/images/navtop_home_sel.png]
[mars.nasa.gov/layout/mepjpl/images/navtop_mission_sel.png]
[mars.nasa.gov/layout/mepjpl/images/navtop_news_sel.png]
[mars.nasa.gov/layout/mepjpl/images/navtop_multimedia_sel.png]
[mars.nasa.gov/layout/mepjpl/images/navtop_participate_sel.png]
[mars.nasa.gov/layout/mepjpl/images/navtop_search_sel.png]
[mars.nasa.gov/layout/mepjpl/images/navtop_allmars_sel.png]
[mars.nasa.gov/layout/mepjpl/images/navtop_home.png]
[mars.nasa.gov/layout/mepjpl/images/topnav_subitembg.png]
[mars.nasa.gov/layout/iepngfix/iepngfix.htc]
[mars.nasa.gov/layout/mepjpl/images/navtop_program-missions.png]
[mars.nasa.gov/layout/mepjpl/images/navtop_program-missions_sel.png]
[mars.nasa.gov/layout/mepjpl/images/navtop_allaboutmars.png]
[mars.nasa.gov/programmissions/index.html]
[mars.nasa.gov/programmissions/overview/index.html]
[mars.nasa.gov/programmissions/science/index.html]
[mars.nasa.gov/programmissions/technology/index.html]
[mars.nasa.gov/layout/mepjpl/images/navtop_allaboutmars_sel.png]
[mars.nasa.gov/layout/mepjpl/images/navtop_news.png]
[mars.nasa.gov/allaboutmars/facts/index.html]
[mars.nasa.gov/allaboutmars/index.html]
[mars.nasa.gov/people/index.html]
[mars.nasa.gov/programmissions/missions/index.html]
[mars.nasa.gov/layout/mepjpl/images/navtop_multimedia.png]
[mars.nasa.gov/news/index.html]
[mars.nasa.gov/allaboutmars/mystique/index.html]
[mars.nasa.gov/allaboutmars/extreme/index.html]
[mars.nasa.gov/allaboutmars/nightsky/index.html]
[mars.nasa.gov/layout/mepjpl/images/navtop_participate.png]
[mars.nasa.gov/multimedia/index.html]
[mars.nasa.gov/multimedia/videos/index.html]
[mars.nasa.gov/multimedia/images/index.html]
[mars.nasa.gov/layout/mepjpl/images/navtop_search.png]
[mars.nasa.gov/mars3d/index.html]
[mars.nasa.gov/multimedia/interactives/billionpixel/index.html]
[mars.nasa.gov/multimedia/resources/index.html]
[mars.nasa.gov/multimedia/marsasart/index.html]
[mars.nasa.gov/images/searchbutton.png]
[mars.nasa.gov/multimedia/webcasts/index.html]
[mars.nasa.gov/participate/index.html]
[mars.nasa.gov/participate/students/index.html]
[mars.nasa.gov/participate/marsforeducators/index.html]
[www.exploratorium.edu/mars/yourweight.html]
[mars.nasa.gov/participate/postcard/opportunity-rover/index.html]
[mars.nasa.gov/mars3d/3DGlasses.html]
[mars.nasa.gov/files/mep/FollowYourCuriosity_ColoringSheet.pdf]
[mars.nasa.gov/files/resources/ATLAS_launch_coloring_sheet.pdf]
[mars.nasa.gov/files/resources/MAVEN_MSL_coloring_sheet.pdf]
[mars.nasa.gov/files/resources/MAVEN_at_Mars_coloring_sheet.pdf]
[mars.nasa.gov/MPF/mpf/education/cutouts.html]
[mars.nasa.gov/files/mep/odyssey_instruction_paper_model.pdf]
[mars.nasa.gov/files/mep/MGS_AeroBox.pdf]
[mars.nasa.gov/images/mep/allaboutmars/fz_mainImage.jpg]
[mars.nasa.gov/layout/mepjpl/images/footer_usagov.png]
[www.jpl.nasa.gov/copyrights.html]
[mars.nasa.gov/layout/mepjpl/images/footerVL.gif]
[mars.nasa.gov/ask-nasa-mars/index.html]
[mars.nasa.gov/sitemap/index.html]
[mars.nasa.gov/participate/funzone/index.html]
[mars.nasa.gov/layout/general/css/general-subset.css]
[mars.nasa.gov/layout/rcmsStyle.css]
[mars.nasa.gov/layout/DynamicListStyle.css]
[mars.nasa.gov/participate/funzone/fyc_soi_banner.html]
[mars.nasa.gov/images/mepjpl/allaboutmars/quickfacts/metallic_frame.html]
[www.nasa.gov/index.html]
[mars.nasa.gov/index.html]
[mars.nasa.gov/programmissions/index.html]
[mars.nasa.gov/programmissions/overview/index.html]
[mars.nasa.gov/programmissions/science/index.html]
[mars.nasa.gov/programmissions/technology/index.html]
[mars.nasa.gov/programmissions/missions/index.html]
[mars.nasa.gov/people/index.html]
[mars.nasa.gov/allaboutmars/index.html]
[mars.nasa.gov/allaboutmars/facts/index.html]
[mars.nasa.gov/allaboutmars/extreme/index.html]
[mars.nasa.gov/allaboutmars/mystique/index.html]
[mars.nasa.gov/allaboutmars/nightsky/index.html]
[mars.nasa.gov/news/index.html]
[mars.nasa.gov/news/newsroom/index.html]
[mars.nasa.gov/multimedia/index.html]
[mars.nasa.gov/multimedia/images/index.html]
[mars.nasa.gov/multimedia/videos/index.html]
[mars.nasa.gov/mars3d/index.html]
[mars.nasa.gov/multimedia/interactives/billionpixel/index.html]
[mars.nasa.gov/multimedia/marsasart/index.html]
[mars.nasa.gov/multimedia/resources/index.html]
[mars.nasa.gov/multimedia/webcasts/index.html]
[mars.nasa.gov/participate/index.html]
[mars.nasa.gov/participate/marsforeducators/index.html]
[mars.nasa.gov/participate/students/index.html]
[mars.nasa.gov/participate/postcard/opportunity-rover/index.html]
[mars.nasa.gov/feedback/index.html]
[spaceplace.nasa.gov/mars-adventure/en/index.html]
[www.exploratorium.edu/mars/yourweight.html]
[mars.nasa.gov/mars3d/3DGlasses.html]
[mars.nasa.gov/maps/index.html]
[mars.nasa.gov/MPF/mpf/education/cutouts.html]
[phoenix.lpl.arizona.edu/psip_balloon.html]
[mars.nasa.gov/msl/participate/postcard/index.html]
[mars.nasa.gov/msl/multimedia/deepzoom/index.html]
[mars.nasa.gov/drc/index.html]
[mars.nasa.gov/msl/mission/rover/index.html]
[eyes.nasa.gov/curiosity/index.html]
[solarsystem.nasa.gov/eyes/index.html]
[beamartian.jpl.nasa.gov/index.html]
[spaceplace.nasa.gov/all-about-mars/index.html]
[spaceplace.nasa.gov/mars-adventure2/index.html]
[spaceplace.nasa.gov/mars-adventure/index.html]
[spaceplace.nasa.gov/mars-rovers/index.html]
[spaceplace.nasa.gov/mars-sojourner/index.html]
[spaceplace.nasa.gov/mars-spirit-opportunity/index.html]
[spaceplace.nasa.gov/mars-curiosity/index.html]
[spaceplace.nasa.gov/mars-2020/index.html]
[www.usa.gov/index.html]
[www.jpl.nasa.gov/copyrights.html]
[mars.nasa.gov/ask-nasa-mars/index.html]
[mars.nasa.gov/sitemap/index.html]
[www.nasa.gov/multimedia/guidelines/index.html]
[mars.nasa.gov/feedback/index.html]
