[www.umcdiscipleship.org/resources/history-of-hymns-joy-to-the-world.html]
[backblue.gif]
[fade.gif]
[index.html]
[www.umcdiscipleship.org/favicon.ico]
[www.umcdiscipleship.org/apple-touch-icon-144x144-precomposed.png]
[www.umcdiscipleship.org/apple-touch-icon-114x114-precomposed.png]
[www.umcdiscipleship.org/apple-touch-icon-72x72-precomposed.png]
[www.umcdiscipleship.org/apple-touch-icon-57x57-precomposed.png]
[www.umcdiscipleship.org/apple-touch-icon.png]
[www.umcdiscipleship.org/css/main.css]
[www.umcdiscipleship.org/css/print.css]
[gbod-assets.s3.amazonaws.com/legacy/kintera-images/worship-history-hymns/Isaac_Watts.jpg]
[gbod-assets.s3.amazonaws.com/DM_Icon.jpg]
[www.umcdiscipleship.org/js/lib/modernizr/modernizr-2.7.1.min.js]
[www.umcdiscipleship.org/misc/privacy-policy.html]
[d10lpsik1i8c69.cloudfront.net/w.js]
[www.google.com/recaptcha/api.js]
[woobox.com/js/plugins/woo.js]
[connect.facebook.net/en_US/sdk.js]
[www.googletagmanager.com/ns7f32.html]
[www.umcdiscipleship.org/css/img/gbod-logo@2x.png]
[www.umcdiscipleship.org/index.html]
[www.umcdiscipleship.org/worship.html]
[www.umcdiscipleship.org/worship/worship-planning.html]
[www.umcdiscipleship.org/worship/music.html]
[www.umcdiscipleship.org/worship/preaching.html]
[www.umcdiscipleship.org/worship/lectionary-calendar.html]
[www.umcdiscipleship.org/worship/season-after-epiphany-2019-part-1-worship-planning-series.html]
[www.umcdiscipleship.org/worship/season-after-epiphany-2019-part-2-worship-planning-series.html]
[www.umcdiscipleship.org/worship/lent-2019-worship-planning-series.html]
[www.umcdiscipleship.org/worship/easter-2019-part-1-worship-planning-series.html]
[www.umcdiscipleship.org/worship/year-b-archive-advent-2017-advent-2018.html]
[www.umcdiscipleship.org/leadership-resources.html]
[www.umcdiscipleship.org/leadership-resources/children.html]
[umcyoungpeople.org/index.html]
[www.umcdiscipleship.org/leadership-resources/adults.html]
[www.umcdiscipleship.org/leadership-resources/older-adults.html]
[www.umcdiscipleship.org/leadership-resources/ministry-of-the-laity.html]
[www.umcdiscipleship.org/leadership-resources/church-leaders.html]
[www.umcdiscipleship.org/leadership-resources/educational-ministry.html]
[www.umcdiscipleship.org/leadership-resources/covenant-discipleship.html]
[www.umcdiscipleship.org/leadership-resources/evangelism.html]
[www.umcdiscipleship.org/leadership-resources/stewardship.html]
[www.umcdiscipleship.org/leadership-resources/intergenerational-family-ministries.html]
[www.umcdiscipleship.org/leadership-resources/ethnic-language-resources.html]
[www.umcdiscipleship.org/leadership-resources/camp-retreat-ministries.html]
[www.umcdiscipleship.org/leadership-resources/congregational-development.html]
[www.umcdiscipleship.org/leadership-resources/teamworks.html]
[www.umcdiscipleship.org/leadership-resources/safe-sanctuaries.html]
[www.umcdiscipleship.org/new-church-starts.html]
[www.umcdiscipleship.org/new-church-starts/planting.html]
[www.umcdiscipleship.org/new-church-starts/training.html]
[www.umcdiscipleship.org/new-church-starts/coaching.html]
[www.umcdiscipleship.org/new-church-starts/nuevas-congregaciones-hispanas-latinas.html]
[www.umcdiscipleship.org/new-church-starts/about-new-church-starts.html]
[www.umcdiscipleship.org/new-church-starts/prayer.html]
[www.umcdiscipleship.org/new-church-starts/contact.html]
[blog.umcdiscipleship.org/category/new-church/path1/index.html]
[www.umcdiscipleship.org/international-ministries.html]
[www.umcdiscipleship.org/drint.html]
[www.umcdiscipleship.org/about.html]
[www.umcdiscipleship.org/topics.html]
[blog.umcdiscipleship.org/index.html]
[www.umcdiscipleship.org/webinars.html]
[www.umcdiscipleship.org/about/give-now.html]
[umc.org/directory.41.delayed]
[www.umcdiscipleship.org/about/contact-us.html]
[umc.org/resources/fac.43.delayed]
[umc.org/contact/ask-a-question]
[umcyoungpeople.org/resources.html]
[umcyoungpeople.org/grants-scholarships.html]
[umcyoungpeople.org/events.html]
[umcyoungpeople.org/about.html]
[umcyoungpeople.org/the-latest/gypc-2018-resources.html]
[youth2019.com/index.html]
[www.umcdiscipleship.org/worship/hymns-hymn-singing-hymnals-hymnology.html]
[www.umcdiscipleship.org/cdn-cgi/l/email-protection.html]
[twitter.com/share.56802e.delayed]
[twitter.com/intent/tweet10db.html]
[m.facebook.com/loginc3ae.html]
[www.umcdiscipleship.org/resources/history-of-hymns-introduction.html]
[www.umcdiscipleship.org/worship/lectionary-calendar/eighth-sunday-after-the-epiphany-transfiguration-2019-year-c.html]
[www.umcdiscipleship.org/worship/ccli-top-100.html]
[www.umcdiscipleship.org/worship/music-downloads.html]
[www.umcdiscipleship.org/worship/modern-worship-music.html]
[www.umcdiscipleship.org/worship/composers.html]
[www.umcdiscipleship.org/worship/piano-accompaniment-recordings.html]
[www.umcdiscipleship.org/worship/piano-solo-recordings.html]
[www.umcdiscipleship.org/worship/hymns-for-the-global-church1.html]
[www.umcdiscipleship.org/worship/management-procedures.html]
[www.umcdiscipleship.org/worship/leadership-guidance.html]
[www.umcdiscipleship.org/worship/general-resources.html]
[twitter.com/imdbm.html]
[www.facebook.com/homeac8c.html]
[www.umcdiscipleship.org/events.html]
[www.umcdiscipleship.org/about/grants-and-scholarships.html]
[twitter.com/UMCdiscipleship.html]
[www.facebook.com/UMCdiscipleship.html]
[www.umcdiscipleship.org/css/img/umc-logo-large.png]
[www.youtube.com/user/boardofdiscipleship.html]
[www.umcdiscipleship.org/about/press-center.html]
[www.umcdiscipleship.org/about/current-job-openings.html]
[www.umcdiscipleship.org/about/feedback.html]
[www.umcdiscipleship.org/about/subscribe-to-gbod-e-news.html]
[www.umcdiscipleship.org/cdn-cgi/scripts/5c5dd728/cloudflare-static/email-decode.min.js]
[www.umcdiscipleship.org/misc/terms-of-use.html]
[www.umcdiscipleship.org/resources/history-of-hymns-joy-to-the-world.html]
[www.umcdiscipleship.org/apple-touch-icon-144x144-precomposed.html]
[www.umcdiscipleship.org/apple-touch-icon-114x114-precomposed.html]
[www.umcdiscipleship.org/apple-touch-icon-72x72-precomposed.html]
[www.umcdiscipleship.org/apple-touch-icon-57x57-precomposed.html]
[www.umcdiscipleship.org/css/main.css]
[www.umcdiscipleship.org/js/lib/require/require.js]
[fonts.googleapis.com/css3f04.css]
[www.umcdiscipleship.org/css/print.css]
[www.umcdiscipleship.org/misc/privacy-policy.html]
[connect.facebook.net/en_US/sdk.js]
[www.googletagmanager.com/ns7f32.html]
[www.googletagmanager.com/gtm5445.html]
[www.umcdiscipleship.org/index.html]
[www.umcdiscipleship.org/worship.html]
[www.umcdiscipleship.org/worship/worship-planning.html]
[www.umcdiscipleship.org/worship/music.html]
[www.umcdiscipleship.org/worship/preaching.html]
[www.umcdiscipleship.org/worship/lectionary-calendar.html]
[www.umcdiscipleship.org/worship/season-after-epiphany-2019-part-1-worship-planning-series.html]
[www.umcdiscipleship.org/worship/season-after-epiphany-2019-part-2-worship-planning-series.html]
[www.umcdiscipleship.org/worship/lent-2019-worship-planning-series.html]
[www.umcdiscipleship.org/worship/easter-2019-part-1-worship-planning-series.html]
[www.umcdiscipleship.org/worship/year-b-archive-advent-2017-advent-2018.html]
[www.umcdiscipleship.org/leadership-resources.html]
[www.umcdiscipleship.org/leadership-resources/children.html]
[umcyoungpeople.org/index.html]
[www.umcdiscipleship.org/leadership-resources/adults.html]
[www.umcdiscipleship.org/leadership-resources/older-adults.html]
[www.umcdiscipleship.org/leadership-resources/ministry-of-the-laity.html]
[www.umcdiscipleship.org/leadership-resources/church-leaders.html]
[www.umcdiscipleship.org/leadership-resources/educational-ministry.html]
[www.umcdiscipleship.org/leadership-resources/covenant-discipleship.html]
[www.umcdiscipleship.org/leadership-resources/evangelism.html]
[www.umcdiscipleship.org/leadership-resources/stewardship.html]
[www.umcdiscipleship.org/leadership-resources/intergenerational-family-ministries.html]
[www.umcdiscipleship.org/leadership-resources/ethnic-language-resources.html]
[www.umcdiscipleship.org/leadership-resources/camp-retreat-ministries.html]
[www.umcdiscipleship.org/leadership-resources/congregational-development.html]
[www.umcdiscipleship.org/leadership-resources/teamworks.html]
[www.umcdiscipleship.org/leadership-resources/safe-sanctuaries.html]
[www.umcdiscipleship.org/new-church-starts.html]
[www.umcdiscipleship.org/new-church-starts/planting.html]
[www.umcdiscipleship.org/new-church-starts/training.html]
[www.umcdiscipleship.org/new-church-starts/coaching.html]
[www.umcdiscipleship.org/new-church-starts/nuevas-congregaciones-hispanas-latinas.html]
[www.umcdiscipleship.org/new-church-starts/about-new-church-starts.html]
[www.umcdiscipleship.org/new-church-starts/prayer.html]
[blog.umcdiscipleship.org/category/new-church/path1/index.html]
[www.umcdiscipleship.org/new-church-starts/contact.html]
[www.umcdiscipleship.org/international-ministries.html]
[www.umcdiscipleship.org/drint.html]
[international.upperroom.org/africa/africa-englishedition.html]
[emmaus.upperroom.org/index.html]
[chrysalis.upperroom.org/index.html]
[prayer-center.upperroom.org/index.html]
[academy.upperroom.org/index.html]
[www.umcdiscipleship.org/about.html]
[www.upperroom.org/index.html]
[www.umcdiscipleship.org/topics.html]
[blog.umcdiscipleship.org/index.html]
[www.umcdiscipleship.org/webinars.html]
[www.umcdiscipleship.org/about/give-now.html]
[www.umcdiscipleship.org/about/contact-us.html]
[www.umc.org/index.html]
[www.umc.org/directory.html]
[www.umc.org/find-a-church/search.html]
[www.umc.org/contact/ask-a-question.html]
[store.umcdiscipleship.org/index.html]
[bookstore.upperroom.org/index.html]
[umcyoungpeople.org/resources.html]
[umcyoungpeople.org/grants-scholarships.html]
[umcyoungpeople.org/events.html]
[umcyoungpeople.org/about.html]
[umcyoungpeople.org/the-latest/gypc-2018-resources.html]
[youth2019.com/index.html]
[www.umcdiscipleship.org/worship/hymns-hymn-singing-hymnals-hymnology.html]
[www.umcdiscipleship.org/cdn-cgi/l/email-protection.html]
[twitter.com/intent/tweet10db.html]
[m.facebook.com/loginc3ae.html]
[plus.google.com/up/indexeb8e.html]
[www.umcdiscipleship.org/resources/history-of-hymns-introduction.html]
[www.umcdiscipleship.org/worship/lectionary-calendar/eighth-sunday-after-the-epiphany-transfiguration-2019-year-c.html]
[www.umcdiscipleship.org/worship/ccli-top-100.html]
[www.umcdiscipleship.org/worship/music-downloads.html]
[www.umcdiscipleship.org/worship/modern-worship-music.html]
[www.umcdiscipleship.org/worship/composers.html]
[www.umcdiscipleship.org/worship/piano-accompaniment-recordings.html]
[www.umcdiscipleship.org/worship/piano-solo-recordings.html]
[www.umcdiscipleship.org/worship/hymns-for-the-global-church1.html]
[www.umcdiscipleship.org/worship/management-procedures.html]
[www.umcdiscipleship.org/worship/leadership-guidance.html]
[www.umcdiscipleship.org/worship/general-resources.html]
[twitter.com/imdbm.html]
[www.facebook.com/homeac8c.html]
[www.umcdiscipleship.org/events.html]
[www.umcdiscipleship.org/about/grants-and-scholarships.html]
[twitter.com/UMCdiscipleship.html]
[www.facebook.com/UMCdiscipleship.html]
[www.youtube.com/user/boardofdiscipleship.html]
[www.umcdiscipleship.org/about/press-center.html]
[www.umcdiscipleship.org/about/current-job-openings.html]
[www.umcdiscipleship.org/about/feedback.html]
[www.umcdiscipleship.org/about/subscribe-to-gbod-e-news.html]
[www.umcdiscipleship.org/misc/terms-of-use.html]
[globalyoungpeople.org/event/gypc-la-2014]
