[study.com/academy/lesson/how-to-find-the-area-of-a-triangle-lesson-for-kids.html]
[backblue.gif]
[fade.gif]
[index.html]
[study.com/images/StudyCom-og-Facebook-Logo.jpg]
[study.com/css/openSans-0037d119cd.css]
[study.com/css/icons/icomoonSwap-ddfa762cb5.css]
[study.com/css/pages/globalFast-05e9320250.css]
[study.com/css/pages/globalDefer-f3c7a1589b.css]
[study.com/css/notification/humane-3.2.0-themes/remilon-custom-6af209b03a.css]
[study.com/favicon5e1f.ico]
[study.com/css/pages/lessonFast-e3a99822ff.css]
[study.com/css/pages/lessonDefer-26fb9ba67b.css]
[study.com/academy/plans/teacher.html]
[study.com/academy/plans/teacher-group.html]
[study.com/pages/working-scholars-enterprise.html]
[study.com/images/reDesign/global/logo.png]
[study.com/academy/login.html]
[study.com/index.html]
[study.com/academy/plans.html]
[study.com/academy/course/index.html]
[study.com/academy/subj/science.html]
[study.com/academy/subj/math.html]
[study.com/academy/subj/business.html]
[study.com/academy/subj/psychology.html]
[study.com/academy/subj/history.html]
[study.com/academy/subj/english.html]
[study.com/academy/subj/social-science.html]
[study.com/academy/subj/humanities.html]
[study.com/academy/subj/foreign-language.html]
[study.com/academy/goal/test-prep/act-and-sat-prep.html]
[study.com/academy/goal/professional-licensure/teacher-certification.html]
[study.com/academy/goal/professional-licensure.html]
[study.com/academy/level/college.html]
[study.com/academy/level/high-school.html]
[study.com/academy/level/middle-school.html]
[study.com/academy/college-accelerator-hub/how-to-transfer-college-credit-online.html]
[study.com/academy/goal/transferable-credit/online-college-credit.html]
[study.com/academy/goal/certificates/certificates-of-completion.html]
[study.com/directory/category/index.html]
[study.com/directory/category/Agriculture.html]
[study.com/directory/category/Architecture.html]
[study.com/directory/category/Biological_and_Biomedical_Sciences.html]
[study.com/directory/category/Business.html]
[study.com/directory/category/Communications_and_Journalism.html]
[study.com/directory/category/Computer_Sciences.html]
[study.com/directory/category/Culinary_Arts_and_Personal_Services.html]
[study.com/directory/category/Education.html]
[study.com/directory/category/Engineering.html]
[study.com/directory/category/Legal.html]
[study.com/directory/category/Liberal_Arts_and_Humanities.html]
[study.com/directory/category/Mechanic_and_Repair_Technologies.html]
[study.com/directory/category/Medical_and_Health_Professions.html]
[study.com/directory/category/Physical_Sciences.html]
[study.com/directory/category/Psychology.html]
[study.com/directory/category/Transportation_and_Distribution.html]
[study.com/directory/category/Visual_and_Performing_Arts.html]
[study.com/pages/Online_High_Schools.html]
[study.com/article_directory/Glossary_of_Associate's_Degree_Programs.html]
[study.com/article_directory/Glossary_of_Bachelor's_Degree_Programs.html]
[study.com/article_directory/Glossary_of_Master's_Degree_Programs.html]
[study.com/online_degree.html]
[study.com/article_directory/College_and_University_Overviews_(by_State).html]
[study.com/directory/degree_type/Graduate.html]
[study.com/directory/degree_type/High_School_Diploma.html]
[study.com/directory/degree_type/Non-Degree.html]
[study.com/directory/degree_type/Post_Degree_Certificate.html]
[study.com/directory/degree_type/Undergraduate.html]
[study.com/pages/Top_College_and_University_Video_Reviews.html]
[study.com/video_library/Job_Interviewing_Videos.html]
[study.com/video_library/Job_Networking_Videos.html]
[study.com/video_library/Resume_Videos.html]
[study.com/articles/Finding_the_Right_Job_Searching_Resources_for_You.html]
[study.com/video_library/index.html]
[study.com/video_library/Researching_Careers_Videos.html]
[study.com/article_directory/Glossary_of_Career_Education_Programs.html]
[study.com/article_directory/Articles_about_Careers.html]
[study.com/article_directory/Articles_about_Career_Planning.html]
[study.com/article_directory/index.html]
[study.com/contact/index.html]
[study.com/timages/noscript.gif]
[study.com/js/logging/error-1ab5f274a2.js]
[cdnjs.cloudflare.com/ajax/libs/require.js/2.3.2/require.min.js]
[study.com/js/js-file-mappings-64ebaebc80.js]
[study.com/js/requireConfig-499d0806b0.js]
[study.com/js/logging/trck-40c79101ff.js]
[study.com/js/logging/eventLoggingInit-4ad215fce0.js]
[study.com/js/redesign/hotjarTriggers-83d3a0ce1e.js]
[study.com/academy/course/math-for-kids.html]
[study.com/academy/lesson/how-to-find-the-volume-of-a-cylinder-lesson-for-kids.html]
[study.com/academy/topic/geometry-for-elementary-school.html]
[study.com/academy/practice/finding-a-triangle-s-area-quiz-worksheet-for-kids.html]
[study.com/cimages/multimages/16/screen_shot_2016-01-26_at_4.40.25_pm.png]
[m.facebook.com/login8305.html]
[study.com/cimages/multimages/16/screen_shot_2016-01-26_at_4.55.29_pm.png]
[study.com/academy/goal/transferable-credit/credit-by-exam/ap-exams-advanced-placement.html]
[study.com/images/testimonials/teacher-promo-video-preview-xxs.jpg]
[study.com/academy/login40ec.html]
[study.com/academy/try/earn-college-credit.html]
[study.com/articles/how_do_i_use_education_portal_s_assign_lesson_feature.html]
[study.com/articles/Using_Biology_Lessons.html]
[study.com/articles/Lesson_Plan_Design_Courses_and_Classes_Overview.html]
[study.com/articles/Online_Typing_Class_Lesson_and_Course_Overviews.html]
[study.com/articles/Education_Portal_Academy_Sneak_Peek_Personality_Disorder_Crime_Force.html]
[study.com/articles/Public_or_Private_Universities_Readers_Weigh_In.html]
[study.com/articles/OCW_Student_Diary_Week_4.html]
[study.com/articles/Is_Suspension_Ever_a_Good_Punishment.html]
[study.com/articles/Education_Writer_Job_Description_and_Career_Information_for_Becoming_an_Education_Writer.html]
[study.com/articles/Plans_for_a_Common_Core_Standards_Open_Resource.html]
[study.com/articles/cybersecurity_graduate_programs_that_dont_require_the_gre.html]
[study.com/articles/wildlife_biology_masters_programs_in_texas.html]
[study.com/articles/List_of_Free_Online_Data_Entry_Courses_and_Lessons.html]
[study.com/articles/executive_mba_programs_in_philadelphia.html]
[study.com/articles/architectural_history_graduate_programs.html]
[study.com/articles/chief_operating_officer_vs_ceo.html]
[study.com/construction_management_career_training_in_texas.html]
[study.com/articles/masters_of_engineering_management_in_illinois.html]
[study.com/academy/topic/numbers-for-elementary-school.html]
[study.com/academy/lesson/surface-area-lesson-for-kids.html]
[study.com/academy/lesson/types-of-angles-lesson-for-kids.html]
[study.com/academy/lesson/types-of-triangles-lesson-for-kids.html]
[study.com/academy/lesson/geometric-shapes-lesson-for-kids.html]
[study.com/academy/lesson/isosceles-triangle-lesson-for-kids.html]
[study.com/academy/lesson/how-to-use-a-protractor-lesson-for-kids.html]
[study.com/academy/lesson/3-d-shapes-lesson-for-kids.html]
[study.com/academy/lesson/pentagon-shapes-lesson-for-kids.html]
[study.com/academy/lesson/polygon-shapes-lesson-for-kids.html]
[study.com/academy/lesson/diamond-shapes-lesson-for-kids.html]
[study.com/academy/lesson/measuring-angles-lesson-for-kids.html]
[study.com/academy/lesson/circle-definition-lesson-for-kids.html]
[study.com/academy/lesson/circumference-lesson-for-kids-definition-formula.html]
[study.com/academy/lesson/cubes-lesson-for-kids.html]
[study.com/academy/lesson/properties-of-a-circle-lesson-for-kids.html]
[study.com/academy/lesson/rectangle-definition-lesson-for-kids.html]
[study.com/academy/lesson/triangle-lesson-for-kids-definition-facts.html]
[study.com/academy/lesson/2-d-shapes-lesson-for-kids.html]
[study.com/academy/lesson/pentagon-shape-facts-lesson-for-kids.html]
[study.com/academy/lesson/vertices-lesson-for-kids.html]
[study.com/academy/lesson/what-is-a-regular-polygon-lesson-for-kids.html]
[study.com/academy/lesson/pythagorean-theorem-proof-lesson-for-kids.html]
[study.com/academy/lesson/pythagorean-theorem-lesson-for-kids-definition-examples.html]
[study.com/academy/lesson/how-to-find-the-perimeter-of-a-regular-pentagon.html]
[study.com/academy/lesson/is-a-pentagon-a-regular-polygon.html]
[study.com/academy/lesson/geometry-definition-lesson-for-kids.html]
[study.com/academy/lesson/names-of-polygons.html]
[study.com/academy/lesson/what-is-a-venn-diagram-lesson-for-kids.html]
[study.com/academy/lesson/triangle-sum-theorem-proof.html]
[study.com/academy/lesson/facts-about-right-angles.html]
[study.com/academy/lesson/octagon-lesson-for-kids-definition-facts.html]
[study.com/academy/lesson/hexagon-lesson-for-kids-definition-facts.html]
[study.com/academy/lesson/perimeter-lesson-for-kids-definition-examples.html]
[study.com/academy/lesson/4-sided-polygons.html]
[study.com/academy/lesson/dodecahedron-definition-facts.html]
[study.com/academy/lesson/special-right-triangles-3-4-5-triangle.html]
[study.com/academy/lesson/triangle-sum-theorem-definition-examples.html]
[study.com/academy/lesson/dodecahedron-patterns-properties.html]
[study.com/academy/lesson/finding-the-area-of-an-irregular-hexagon.html]
[study.com/academy/lesson/how-to-divide-an-angle-into-two-equal-angles.html]
[study.com/academy/lesson/what-is-a-congruent-angle-lesson-for-kids.html]
[study.com/academy/topic/fractions-for-elementary-school.html]
[study.com/academy/topic/math-basics-for-elementary-school.html]
[study.com/academy/topic/statistics-for-elementary-school.html]
[study.com/academy/topic/number-properties-for-elementary-school.html]
[study.com/academy/topic/algebra-for-elementary-school.html]
[study.com/academy/topic/math-patterns-for-elementary-school.html]
[study.com/academy/topic/history-of-math-for-elementary-school.html]
[study.com/academy/topic/math-terms-for-elementary-school.html]
[study.com/academy/topic/working-with-numbers-for-elementary-school.html]
[study.com/academy/topic/types-of-numbers-for-elementary-school.html]
[study.com/academy/topic/measurements-for-elementary-school.html]
[study.com/academy/topic/working-with-data-for-elementary-school.html]
[study.com/academy/topic/representing-numbers-for-elementary-school.html]
[study.com/academy/topic/types-of-data-for-elementary-school.html]
[study.com/academy/topic/math-strategies-for-elementary-school.html]
[study.com/academy/topic/fraction-operations-for-elementary-school.html]
[study.com/academy/topic/shapes-for-elementary-school.html]
[study.com/academy/topic/negative-numbers-for-elementary-school.html]
[study.com/academy/topic/decimals-for-elementary-school.html]
[study.com/academy/topic/lines-angles-for-elementary-school.html]
[study.com/academy/topic/multiplication-for-elementary-school.html]
[study.com/academy/goal/teacher-resources.html]
[study.com/academy/level/elementary-school.html]
[study.com/academy/course/ap-calculus-bc-exam-prep.html]
[study.com/academy/course/contemporary-math-syllabus-resource-lesson-plans.html]
[study.com/academy/course/oup-oxford-ib-math-studies-online-textbook-help.html]
[study.com/academy/course/ohio-assessments-for-educators-mathematics-practice-study-guide.html]
[study.com/academy/course/michigan-merit-exam-math-test-prep-practice.html]
[study.com/academy/course/saxon-algebra-2-homeschool-online-textbook-help.html]
[study.com/academy/course/saxon-algebra-1-homeschool-online-textbook-help.html]
[study.com/academy/course/fsa-grade-8-math-test-prep-practice.html]
[study.com/academy/course/saxon-algebra-1-2-homeschool-online-textbook-help.html]
[study.com/academy/course/mtel-adult-basic-education-practice-study-guide.html]
[study.com/academy/course/fsa-grade-6-math-test-prep-practice.html]
[study.com/academy/course/cambridge-pre-u-mathematics-practice-study-guide.html]
[study.com/academy/course/fsa-grade-7-math-test-prep-practice.html]
[study.com/academy/lesson/calculating-currency-transactions-involving-commission.html]
[study.com/academy/lesson/how-to-find-the-distance-between-points-on-a-solid.html]
[study.com/academy/lesson/angle-measurement-between-lines-planes.html]
[study.com/academy/lesson/the-relationship-between-pascals-triangle-combinations.html]
[study.com/academy/lesson/how-to-identify-common-probability-misconceptions.html]
[study.com/academy/practice/quiz-worksheet-dilation-properties.html]
[study.com/academy/practice/quiz-worksheet-factoring-exponents.html]
[study.com/academy/practice/quiz-worksheet-equations-for-age-math-problems.html]
[study.com/academy/practice/quiz-worksheet-equations-angular-relationships.html]
[study.com/academy/practice/quiz-worksheet-roots-scientific-calculators.html]
[study.com/academy/topic/mttc-math-secondary-absolute-value.html]
[study.com/academy/topic/mttc-math-secondary-integers.html]
[study.com/academy/topic/mttc-math-secondary-introduction-to-fractions.html]
[study.com/academy/topic/mttc-math-secondary-operations-with-fractions.html]
[study.com/academy/topic/mttc-math-secondary-introduction-to-decimals.html]
[study.com/academy/course/computer-science-335-mobile-forensics.html]
[study.com/academy/course/electricity-physics-engineering-lesson-plans.html]
[study.com/academy/course/teaching-economics-lesson-plans.html]
[study.com/academy/course/us-politics-civics-lesson-plans.html]
[study.com/academy/course/us-history-civil-war-lesson-plans-resources.html]
[study.com/academy/topic/hesi-admission-assessment-exam-factors-multiples.html]
[study.com/academy/topic/hesi-admission-assessment-exam-probability-ratios-proportions.html]
[study.com/academy/topic/hesi-admission-assessment-exam-3d-shapes.html]
[study.com/academy/topic/hesi-admission-assessment-exam-punctuation.html]
[study.com/academy/topic/hesi-admission-assessment-exam-linear-equations-inequalities-functions.html]
[study.com/academy/popular/cpce-prep-product-comparison.html]
[study.com/academy/popular/ccxp-prep-product-comparison.html]
[study.com/academy/popular/cne-prep-product-comparison.html]
[study.com/academy/popular/iaap-cap-prep-product-comparison.html]
[study.com/academy/popular/tachs-prep-product-comparison.html]
[study.com/academy/popular/top-50-blended-learning-high-schools.html]
[study.com/academy/popular/eppp-prep-product-comparison.html]
[study.com/academy/lesson/history-of-sparta.html]
[study.com/academy/lesson/realistic-vs-optimistic-thinking.html]
[study.com/academy/lesson/how-language-reflects-culture-affects-meaning.html]
[study.com/academy/lesson/logical-thinking-reasoning-questions-lesson-for-kids.html]
[study.com/academy/lesson/public-service-announcement-project-ideas.html]
[study.com/academy/lesson/black-lives-matter-lesson-plan.html]
[study.com/academy/lesson/separating-mixtures-lesson-plan.html]
[study.com/academy/practice/quiz-worksheet-frontalis-muscle.html]
[study.com/academy/practice/quiz-worksheet-dolphin-mating-reproduction.html]
[study.com/academy/practice/quiz-worksheet-fezziwig-in-a-christmas-carol.html]
[study.com/academy/practice/octopus-diet-quiz-worksheet-for-kids.html]
[study.com/academy/flashcards/flashcards-measurement-&-experimental-design.html]
[study.com/academy/flashcards/flashcards-stars-&-celestial-bodies.html]
[study.com/learn/high-school-science-worksheets.html]
[study.com/learn/informative-essay-topics.html]
[study.com/academy/course/abnormal-psychology-certificate-course.html]
[study.com/academy/course/nmta-physical-education-practice-study-guide.html]
[study.com/academy/course/ilts-school-psychologist-test.html]
[study.com/academy/course/orela-english-language-arts-practice-study-guide.html]
[study.com/academy/topic/introduction-to-operations-management.html]
[study.com/academy/course/praxis-ii-mathematics-practice-and-study-guide.html]
[study.com/academy/topic/nmta-elementary-education-subtest-ii-ratio-proportion.html]
[study.com/academy/practice/quiz-worksheet-moral-law-theories-of-the-stoics-foot-rousseau-nozick.html]
[study.com/academy/practice/quiz-worksheet-the-mikado.html]
[study.com/academy/practice/quiz-worksheet-the-lydians.html]
[study.com/academy/practice/quiz-worksheet-czechoslovakia-after-wwii.html]
[study.com/academy/practice/quiz-worksheet-south-carolina-ordinance-of-nullification-of-1832.html]
[study.com/academy/lesson/two-main-branches-of-physical-science.html]
[study.com/academy/lesson/the-albany-congress-definition-summary.html]
[study.com/academy/popular/mercantilism-lesson-plan.html]
[study.com/academy/popular/how-much-does-the-mcat-cost.html]
[study.com/academy/popular/pert-test-dates.html]
[study.com/academy/popular/fractions-lesson-plan.html]
[study.com/academy/popular/how-to-pass-a-math-test.html]
[study.com/academy/popular/ftce-elementary-education-k-6-passing-score.html]
[study.com/academy/popular/middle-ages-lesson-plan.html]
[study.com/academy/popular/idaho-science-standards-for-5th-grade.html]
[study.com/academy/popular/things-falls-apart-lesson-plan.html]
[study.com/academy/popular/national-science-standards-for-elementary-school.html]
[study.com/learn/math-videos.html]
[study.com/learn/math-quizzes.html]
[study.com/learn/math-questions-and-answers.html]
[study.com/learn/social-sciences-videos.html]
[study.com/learn/social-sciences-quizzes.html]
[study.com/learn/social-sciences-questions-and-answers.html]
[study.com/learn/science-videos.html]
[study.com/learn/science-quizzes.html]
[study.com/learn/science-questions-and-answers.html]
[study.com/learn/business-videos.html]
[study.com/learn/business-quizzes.html]
[study.com/learn/business-questions-and-answers.html]
[study.com/learn/humanities-videos.html]
[study.com/learn/humanities-quizzes.html]
[study.com/learn/humanities-questions-and-answers.html]
[study.com/learn/education-videos.html]
[study.com/learn/education-quizzes.html]
[study.com/learn/education-questions-and-answers.html]
[study.com/learn/history-videos.html]
[study.com/learn/history-quizzes.html]
[study.com/learn/history-questions-and-answers.html]
[study.com/learn/art-and-design-videos.html]
[study.com/learn/art-and-design-quizzes.html]
[study.com/learn/art-and-design-questions-and-answers.html]
[study.com/learn/tech-and-engineering-videos.html]
[study.com/learn/tech-and-engineering-quizzes.html]
[study.com/learn/tech-and-engineering-questions-and-answers.html]
[study.com/learn/health-and-medicine-videos.html]
[study.com/learn/health-and-medicine-quizzes.html]
[study.com/learn/health-and-medicine-questions-and-answers.html]
[study.com/academy/goal/teacher-resources/curriculum-standards/common-core-state-standards.html]
[study.com/academy/goal/transferable-credit/high-school-equivalency/ged-general-education-development.html]
[study.com/academy/goal/transferable-credit/high-school-equivalency.html]
[study.com/academy/goal/career/job-search-guidance.html]
[study.com/academy/goal/test-prep/college-placement-exams.html]
[study.com/academy/goal/test-prep/entrance-exams.html]
[study.com/academy/goal/test-prep.html]
[study.com/academy/subj/lifestyle.html]
[study.com/images/reDesign/ctas/google-play-store-download-button.png]
[itunes.apple.com/us/app/study.com-video-lessons-learn/id1128875336.html]
[study.com/images/reDesign/ctas/apple-app-store-download-button.png]
[play.google.com/store/apps/details9ab5.html]
[www.facebook.com/StudyDotCom.html]
[twitter.com/studydotcom.html]
[study.com/learn.html]
[study.com/pages/About_Us.html]
[study.com/blog/index.html]
[study.com/pages/Employment.html]
[study.com/pages/Advertise.html]
[study.com/pages/Contractors.html]
[study.com/press.html]
[study.com/pages/working-scholars-overview.html]
[study.com/images/bbbLogo_ep.png]
[study.com/pages/terms_of_use.html]
[study.com/pages/privacy_policy.html]
[study.com/pages/dmca.html]
[study.com/pages/ada.html]
[study.com/pages/honor_code_for_students.html]
[study.com/js/video/initEmbeds-2181ecf00c.js]
[study.com/js/redesign/global-67d29a3c5c.js]
[study.com/js/redesign/loadDeferredCss-687496d6c4.js]
[study.com/js/redesign/setUserTestingCookie-ec7c6bf7bd.js]
[study.com/js/util/smoothJazzScroll-4404bd70cd.js]
[study.com/js/redesign/lesson/lesson-01c62fe254.js]
[study.com/images/registration/teacher/jaime-b-50.png]
[study.com/images/classrooms/teacher-edition/icon-apple-on-books.png]
[study.com/images/reDesign/global/spinner-orange.png]
[study.com/academy/lesson/how-to-find-the-area-of-a-triangle-lesson-for-kids.html]
[study.com/css/openSans-0037d119cd.css]
[study.com/css/icons/icomoonSwap-ddfa762cb5.css]
[study.com/css/pages/globalFast-05e9320250.css]
[study.com/css/pages/globalDefer-f3c7a1589b.css]
[study.com/css/notification/humane-3.2.0-themes/remilon-custom-6af209b03a.css]
[study.com/css/pages/lessonFast-e3a99822ff.css]
[study.com/css/pages/lessonDefer-26fb9ba67b.css]
[study.com/academy/plans/teacher.html]
[study.com/academy/plans/teacher-group.html]
[study.com/pages/working-scholars-enterprise.html]
[study.com/index.html]
[study.com/academy/login.html]
[study.com/academy/plans.html]
[study.com/academy/course/index.html]
[study.com/academy/subj/science.html]
[study.com/academy/subj/math.html]
[study.com/academy/subj/business.html]
[study.com/academy/subj/psychology.html]
[study.com/academy/subj/history.html]
[study.com/academy/subj/english.html]
[study.com/academy/subj/social-science.html]
[study.com/academy/subj/humanities.html]
[study.com/academy/subj/foreign-language.html]
[study.com/academy/goal/test-prep/act-and-sat-prep.html]
[study.com/academy/goal/professional-licensure/teacher-certification.html]
[study.com/academy/goal/professional-licensure.html]
[study.com/academy/level/college.html]
[study.com/academy/level/high-school.html]
[study.com/academy/level/middle-school.html]
[study.com/academy/college-accelerator-hub/how-to-transfer-college-credit-online.html]
[study.com/academy/goal/transferable-credit/online-college-credit.html]
[study.com/academy/goal/certificates/certificates-of-completion.html]
[study.com/directory/category/index.html]
[study.com/directory/category/Agriculture.html]
[study.com/directory/category/Architecture.html]
[study.com/directory/category/Biological_and_Biomedical_Sciences.html]
[study.com/directory/category/Business.html]
[study.com/directory/category/Communications_and_Journalism.html]
[study.com/directory/category/Computer_Sciences.html]
[study.com/directory/category/Culinary_Arts_and_Personal_Services.html]
[study.com/directory/category/Education.html]
[study.com/directory/category/Engineering.html]
[study.com/directory/category/Legal.html]
[study.com/directory/category/Liberal_Arts_and_Humanities.html]
[study.com/directory/category/Mechanic_and_Repair_Technologies.html]
[study.com/directory/category/Medical_and_Health_Professions.html]
[study.com/directory/category/Physical_Sciences.html]
[study.com/directory/category/Psychology.html]
[study.com/directory/category/Transportation_and_Distribution.html]
[study.com/directory/category/Visual_and_Performing_Arts.html]
[study.com/pages/Online_High_Schools.html]
[study.com/article_directory/Glossary_of_Associate's_Degree_Programs.html]
[study.com/article_directory/Glossary_of_Bachelor's_Degree_Programs.html]
[study.com/article_directory/Glossary_of_Master's_Degree_Programs.html]
[study.com/online_degree.html]
[study.com/article_directory/College_and_University_Overviews_(by_State).html]
[study.com/directory/degree_type/Graduate.html]
[study.com/directory/degree_type/High_School_Diploma.html]
[study.com/directory/degree_type/Non-Degree.html]
[study.com/directory/degree_type/Post_Degree_Certificate.html]
[study.com/directory/degree_type/Undergraduate.html]
[study.com/pages/Top_College_and_University_Video_Reviews.html]
[study.com/video_library/Job_Interviewing_Videos.html]
[study.com/video_library/Job_Networking_Videos.html]
[study.com/video_library/Resume_Videos.html]
[study.com/articles/Finding_the_Right_Job_Searching_Resources_for_You.html]
[study.com/video_library/index.html]
[study.com/video_library/Researching_Careers_Videos.html]
[study.com/article_directory/Glossary_of_Career_Education_Programs.html]
[study.com/article_directory/Articles_about_Careers.html]
[study.com/article_directory/Articles_about_Career_Planning.html]
[study.com/article_directory/index.html]
[study.com/contact/index.html]
[study.com/academy/course/math-for-kids.html]
[study.com/academy/lesson/how-to-find-the-volume-of-a-cylinder-lesson-for-kids.html]
[study.com/academy/topic/geometry-for-elementary-school.html]
[study.com/academy/practice/finding-a-triangle-s-area-quiz-worksheet-for-kids.html]
[m.facebook.com/login8305.html]
[study.com/academy/goal/transferable-credit/credit-by-exam/ap-exams-advanced-placement.html]
[videos.study.com/index.html]
[study.com/academy/login40ec.html]
[study.com/academy/try/earn-college-credit.html]
[study.com/articles/how_do_i_use_education_portal_s_assign_lesson_feature.html]
[study.com/articles/Using_Biology_Lessons.html]
[study.com/articles/Lesson_Plan_Design_Courses_and_Classes_Overview.html]
[study.com/articles/Online_Typing_Class_Lesson_and_Course_Overviews.html]
[study.com/articles/Education_Portal_Academy_Sneak_Peek_Personality_Disorder_Crime_Force.html]
[study.com/articles/Public_or_Private_Universities_Readers_Weigh_In.html]
[study.com/articles/OCW_Student_Diary_Week_4.html]
[study.com/articles/Is_Suspension_Ever_a_Good_Punishment.html]
[study.com/articles/Education_Writer_Job_Description_and_Career_Information_for_Becoming_an_Education_Writer.html]
[study.com/articles/Plans_for_a_Common_Core_Standards_Open_Resource.html]
[study.com/articles/cybersecurity_graduate_programs_that_dont_require_the_gre.html]
[study.com/articles/wildlife_biology_masters_programs_in_texas.html]
[study.com/articles/List_of_Free_Online_Data_Entry_Courses_and_Lessons.html]
[study.com/articles/executive_mba_programs_in_philadelphia.html]
[study.com/articles/architectural_history_graduate_programs.html]
[study.com/articles/chief_operating_officer_vs_ceo.html]
[study.com/construction_management_career_training_in_texas.html]
[study.com/articles/masters_of_engineering_management_in_illinois.html]
[study.com/academy/topic/numbers-for-elementary-school.html]
[study.com/academy/lesson/surface-area-lesson-for-kids.html]
[study.com/academy/lesson/types-of-angles-lesson-for-kids.html]
[study.com/academy/lesson/types-of-triangles-lesson-for-kids.html]
[study.com/academy/lesson/geometric-shapes-lesson-for-kids.html]
[study.com/academy/lesson/isosceles-triangle-lesson-for-kids.html]
[study.com/academy/lesson/how-to-use-a-protractor-lesson-for-kids.html]
[study.com/academy/lesson/3-d-shapes-lesson-for-kids.html]
[study.com/academy/lesson/pentagon-shapes-lesson-for-kids.html]
[study.com/academy/lesson/polygon-shapes-lesson-for-kids.html]
[study.com/academy/lesson/diamond-shapes-lesson-for-kids.html]
[study.com/academy/lesson/measuring-angles-lesson-for-kids.html]
[study.com/academy/lesson/circle-definition-lesson-for-kids.html]
[study.com/academy/lesson/circumference-lesson-for-kids-definition-formula.html]
[study.com/academy/lesson/cubes-lesson-for-kids.html]
[study.com/academy/lesson/properties-of-a-circle-lesson-for-kids.html]
[study.com/academy/lesson/rectangle-definition-lesson-for-kids.html]
[study.com/academy/lesson/triangle-lesson-for-kids-definition-facts.html]
[study.com/academy/lesson/2-d-shapes-lesson-for-kids.html]
[study.com/academy/lesson/pentagon-shape-facts-lesson-for-kids.html]
[study.com/academy/lesson/vertices-lesson-for-kids.html]
[study.com/academy/lesson/what-is-a-regular-polygon-lesson-for-kids.html]
[study.com/academy/lesson/pythagorean-theorem-proof-lesson-for-kids.html]
[study.com/academy/lesson/pythagorean-theorem-lesson-for-kids-definition-examples.html]
[study.com/academy/lesson/how-to-find-the-perimeter-of-a-regular-pentagon.html]
[study.com/academy/lesson/is-a-pentagon-a-regular-polygon.html]
[study.com/academy/lesson/geometry-definition-lesson-for-kids.html]
[study.com/academy/lesson/names-of-polygons.html]
[study.com/academy/lesson/what-is-a-venn-diagram-lesson-for-kids.html]
[study.com/academy/lesson/triangle-sum-theorem-proof.html]
[study.com/academy/lesson/facts-about-right-angles.html]
[study.com/academy/lesson/octagon-lesson-for-kids-definition-facts.html]
[study.com/academy/lesson/hexagon-lesson-for-kids-definition-facts.html]
[study.com/academy/lesson/perimeter-lesson-for-kids-definition-examples.html]
[study.com/academy/lesson/4-sided-polygons.html]
[study.com/academy/lesson/dodecahedron-definition-facts.html]
[study.com/academy/lesson/special-right-triangles-3-4-5-triangle.html]
[study.com/academy/lesson/triangle-sum-theorem-definition-examples.html]
[study.com/academy/lesson/dodecahedron-patterns-properties.html]
[study.com/academy/lesson/finding-the-area-of-an-irregular-hexagon.html]
[study.com/academy/lesson/how-to-divide-an-angle-into-two-equal-angles.html]
[study.com/academy/lesson/what-is-a-congruent-angle-lesson-for-kids.html]
[study.com/academy/topic/fractions-for-elementary-school.html]
[study.com/academy/topic/math-basics-for-elementary-school.html]
[study.com/academy/topic/statistics-for-elementary-school.html]
[study.com/academy/topic/number-properties-for-elementary-school.html]
[study.com/academy/topic/algebra-for-elementary-school.html]
[study.com/academy/topic/math-patterns-for-elementary-school.html]
[study.com/academy/topic/history-of-math-for-elementary-school.html]
[study.com/academy/topic/math-terms-for-elementary-school.html]
[study.com/academy/topic/working-with-numbers-for-elementary-school.html]
[study.com/academy/topic/types-of-numbers-for-elementary-school.html]
[study.com/academy/topic/measurements-for-elementary-school.html]
[study.com/academy/topic/working-with-data-for-elementary-school.html]
[study.com/academy/topic/representing-numbers-for-elementary-school.html]
[study.com/academy/topic/types-of-data-for-elementary-school.html]
[study.com/academy/topic/math-strategies-for-elementary-school.html]
[study.com/academy/topic/fraction-operations-for-elementary-school.html]
[study.com/academy/topic/shapes-for-elementary-school.html]
[study.com/academy/topic/negative-numbers-for-elementary-school.html]
[study.com/academy/topic/decimals-for-elementary-school.html]
[study.com/academy/topic/lines-angles-for-elementary-school.html]
[study.com/academy/topic/multiplication-for-elementary-school.html]
[study.com/academy/goal/teacher-resources.html]
[study.com/academy/level/elementary-school.html]
[study.com/academy/course/ap-calculus-bc-exam-prep.html]
[study.com/academy/course/contemporary-math-syllabus-resource-lesson-plans.html]
[study.com/academy/course/oup-oxford-ib-math-studies-online-textbook-help.html]
[study.com/academy/course/ohio-assessments-for-educators-mathematics-practice-study-guide.html]
[study.com/academy/course/michigan-merit-exam-math-test-prep-practice.html]
[study.com/academy/course/saxon-algebra-2-homeschool-online-textbook-help.html]
[study.com/academy/course/saxon-algebra-1-homeschool-online-textbook-help.html]
[study.com/academy/course/fsa-grade-8-math-test-prep-practice.html]
[study.com/academy/course/saxon-algebra-1-2-homeschool-online-textbook-help.html]
[study.com/academy/course/mtel-adult-basic-education-practice-study-guide.html]
[study.com/academy/course/fsa-grade-6-math-test-prep-practice.html]
[study.com/academy/course/cambridge-pre-u-mathematics-practice-study-guide.html]
[study.com/academy/course/fsa-grade-7-math-test-prep-practice.html]
[study.com/academy/lesson/calculating-currency-transactions-involving-commission.html]
[study.com/academy/lesson/how-to-find-the-distance-between-points-on-a-solid.html]
[study.com/academy/lesson/angle-measurement-between-lines-planes.html]
[study.com/academy/lesson/the-relationship-between-pascals-triangle-combinations.html]
[study.com/academy/lesson/how-to-identify-common-probability-misconceptions.html]
[study.com/academy/practice/quiz-worksheet-dilation-properties.html]
[study.com/academy/practice/quiz-worksheet-factoring-exponents.html]
[study.com/academy/practice/quiz-worksheet-equations-for-age-math-problems.html]
[study.com/academy/practice/quiz-worksheet-equations-angular-relationships.html]
[study.com/academy/practice/quiz-worksheet-roots-scientific-calculators.html]
[study.com/academy/topic/mttc-math-secondary-absolute-value.html]
[study.com/academy/topic/mttc-math-secondary-integers.html]
[study.com/academy/topic/mttc-math-secondary-introduction-to-fractions.html]
[study.com/academy/topic/mttc-math-secondary-operations-with-fractions.html]
[study.com/academy/topic/mttc-math-secondary-introduction-to-decimals.html]
[study.com/academy/course/computer-science-335-mobile-forensics.html]
[study.com/academy/course/electricity-physics-engineering-lesson-plans.html]
[study.com/academy/course/teaching-economics-lesson-plans.html]
[study.com/academy/course/us-politics-civics-lesson-plans.html]
[study.com/academy/course/us-history-civil-war-lesson-plans-resources.html]
[study.com/academy/topic/hesi-admission-assessment-exam-factors-multiples.html]
[study.com/academy/topic/hesi-admission-assessment-exam-probability-ratios-proportions.html]
[study.com/academy/topic/hesi-admission-assessment-exam-3d-shapes.html]
[study.com/academy/topic/hesi-admission-assessment-exam-punctuation.html]
[study.com/academy/topic/hesi-admission-assessment-exam-linear-equations-inequalities-functions.html]
[study.com/academy/popular/cpce-prep-product-comparison.html]
[study.com/academy/popular/ccxp-prep-product-comparison.html]
[study.com/academy/popular/cne-prep-product-comparison.html]
[study.com/academy/popular/iaap-cap-prep-product-comparison.html]
[study.com/academy/popular/tachs-prep-product-comparison.html]
[study.com/academy/popular/top-50-blended-learning-high-schools.html]
[study.com/academy/popular/eppp-prep-product-comparison.html]
[study.com/academy/lesson/history-of-sparta.html]
[study.com/academy/lesson/realistic-vs-optimistic-thinking.html]
[study.com/academy/lesson/how-language-reflects-culture-affects-meaning.html]
[study.com/academy/lesson/logical-thinking-reasoning-questions-lesson-for-kids.html]
[study.com/academy/lesson/public-service-announcement-project-ideas.html]
[study.com/academy/lesson/black-lives-matter-lesson-plan.html]
[study.com/academy/lesson/separating-mixtures-lesson-plan.html]
[study.com/academy/practice/quiz-worksheet-frontalis-muscle.html]
[study.com/academy/practice/quiz-worksheet-dolphin-mating-reproduction.html]
[study.com/academy/practice/quiz-worksheet-fezziwig-in-a-christmas-carol.html]
[study.com/academy/practice/octopus-diet-quiz-worksheet-for-kids.html]
[study.com/academy/flashcards/flashcards-measurement-&-experimental-design.html]
[study.com/academy/flashcards/flashcards-stars-&-celestial-bodies.html]
[study.com/learn/high-school-science-worksheets.html]
[study.com/learn/informative-essay-topics.html]
[study.com/academy/course/abnormal-psychology-certificate-course.html]
[study.com/academy/course/nmta-physical-education-practice-study-guide.html]
[study.com/academy/course/ilts-school-psychologist-test.html]
[study.com/academy/course/orela-english-language-arts-practice-study-guide.html]
[study.com/academy/course/praxis-ii-mathematics-practice-and-study-guide.html]
[study.com/academy/topic/introduction-to-operations-management.html]
[study.com/academy/topic/nmta-elementary-education-subtest-ii-ratio-proportion.html]
[study.com/academy/practice/quiz-worksheet-moral-law-theories-of-the-stoics-foot-rousseau-nozick.html]
[study.com/academy/practice/quiz-worksheet-the-mikado.html]
[study.com/academy/practice/quiz-worksheet-the-lydians.html]
[study.com/academy/practice/quiz-worksheet-czechoslovakia-after-wwii.html]
[study.com/academy/practice/quiz-worksheet-south-carolina-ordinance-of-nullification-of-1832.html]
[study.com/academy/lesson/two-main-branches-of-physical-science.html]
[study.com/academy/lesson/the-albany-congress-definition-summary.html]
[study.com/academy/popular/mercantilism-lesson-plan.html]
[study.com/academy/popular/how-much-does-the-mcat-cost.html]
[study.com/academy/popular/pert-test-dates.html]
[study.com/academy/popular/fractions-lesson-plan.html]
[study.com/academy/popular/how-to-pass-a-math-test.html]
[study.com/academy/popular/ftce-elementary-education-k-6-passing-score.html]
[study.com/academy/popular/middle-ages-lesson-plan.html]
[study.com/academy/popular/idaho-science-standards-for-5th-grade.html]
[study.com/academy/popular/things-falls-apart-lesson-plan.html]
[study.com/academy/popular/national-science-standards-for-elementary-school.html]
[study.com/learn/math-videos.html]
[study.com/learn/math-quizzes.html]
[study.com/learn/math-questions-and-answers.html]
[study.com/learn/social-sciences-videos.html]
[study.com/learn/social-sciences-quizzes.html]
[study.com/learn/social-sciences-questions-and-answers.html]
[study.com/learn/science-videos.html]
[study.com/learn/science-quizzes.html]
[study.com/learn/science-questions-and-answers.html]
[study.com/learn/business-videos.html]
[study.com/learn/business-quizzes.html]
[study.com/learn/business-questions-and-answers.html]
[study.com/learn/humanities-videos.html]
[study.com/learn/humanities-quizzes.html]
[study.com/learn/humanities-questions-and-answers.html]
[study.com/learn/education-videos.html]
[study.com/learn/education-quizzes.html]
[study.com/learn/education-questions-and-answers.html]
[study.com/learn/history-videos.html]
[study.com/learn/history-quizzes.html]
[study.com/learn/history-questions-and-answers.html]
[study.com/learn/art-and-design-videos.html]
[study.com/learn/art-and-design-quizzes.html]
[study.com/learn/art-and-design-questions-and-answers.html]
[study.com/learn/tech-and-engineering-videos.html]
[study.com/learn/tech-and-engineering-quizzes.html]
[study.com/learn/tech-and-engineering-questions-and-answers.html]
[study.com/learn/health-and-medicine-videos.html]
[study.com/learn/health-and-medicine-quizzes.html]
[study.com/learn/health-and-medicine-questions-and-answers.html]
[study.com/academy/goal/teacher-resources/curriculum-standards/common-core-state-standards.html]
[study.com/academy/goal/transferable-credit/high-school-equivalency/ged-general-education-development.html]
[study.com/academy/goal/transferable-credit/high-school-equivalency.html]
[study.com/academy/goal/career/job-search-guidance.html]
[study.com/academy/goal/test-prep/college-placement-exams.html]
[study.com/academy/goal/test-prep/entrance-exams.html]
[study.com/academy/goal/test-prep.html]
[study.com/academy/subj/lifestyle.html]
[play.google.com/store/apps/details9ab5.html]
[itunes.apple.com/us/app/study.com-video-lessons-learn/id1128875336.html]
[www.facebook.com/StudyDotCom.html]
[twitter.com/studydotcom.html]
[www.youtube.com/user/EducationPortalVideo/index.html]
[study.com/learn.html]
[study.com/pages/About_Us.html]
[study.com/blog/index.html]
[study.com/pages/Employment.html]
[study.com/pages/Advertise.html]
[study.com/pages/Contractors.html]
[study.com/press.html]
[support.study.com/index.html]
[study.com/pages/working-scholars-overview.html]
[study.com/pages/terms_of_use.html]
[study.com/pages/privacy_policy.html]
[study.com/pages/dmca.html]
[study.com/pages/ada.html]
[study.com/pages/honor_code_for_students.html]
[www.bbb.org/sanjose/business-reviews/educational-consultants/remilon-1000006412]
