[www.wikihow.com/Roller-Skate.html]
[backblue.gif]
[fade.gif]
[index.html]
[m.wikihow.com/Roller-Skate.html]
[m.wikihow.com/Roller-Skate5593.html]
[www.wikihow.com/skins/WikiHow/wH-initials_152x152.png]
[www.wikihow.com/favicon.ico]
[www.wikihow.com/opensearch_desc.php]
[www.wikihow.com/api251f.php]
[www.wikihow.com/feed.rss]
[www.wikihow.com/android-app_/com.wikihow.wikihowapp/http/www.wikihow.com/Roller-Skate.b.delayed]
[plus.google.com/102818024478962731382.html]
[www.wikihow.com/Android-app_/com.wikihow.wikihowapp/http/www.wikihow.com/Roller-Skate]
[www.wikihow.com/ios-app_/309209200/wikihow/articlef6f9]
[es.wikihow.com/patinar.html]
[de.wikihow.com/Rollschuh-fahren.html]
[pt.wikihow.com/Patinar.html]
[www.wikihow.it/Imparare-a-Pattinare.html]
[ru.wikihow.com/кататься-на-роликах.html]
[fr.wikihow.com/apprendre-à-faire-du-roller.html]
[zh.wikihow.com/滑旱冰.html]
[id.wikihow.com/Bermain-Sepatu-Roda-(Roller-Skate).html]
[www.wikihow.cz/Jak-bruslit-na-kolečkových-bruslích.html]
[ar.wikihow.com/كيفية-التزلج-بالعجلات.html]
[nl.wikihow.com/Rolschaatsen.html]
[c.amazon-adsystem.com/aax2/apstag.js]
[www.wikihow.com/skins/WikiHow/images/bkg_error_bottom.png]
[www.wikihow.com/Special_UserLoginabb7.html]
[www.wikihow.com/Special_UserLogin0ada.html]
[www.wikihow.com/wikiHow_About-wikiHow.html]
[www.wikihow.com/Special_Categorylisting.html]
[www.wikihow.com/Main-Page.html]
[www.wikihow.com/skins/owl/images/wikihow_logo.png]
[www.wikihow.com/wikiHow_Cookie-Policy.html]
[www.wikihow.com/Category_Sports-and-Fitness.html]
[www.wikihow.com/Category_Individual-Sports.html]
[www.wikihow.com/Category_Inline-and-Roller-Skating.html]
[securepubads.g.doubleclick.net/static/glade.js]
[www.wikihow.com/GET]
[www.wikihow.com/Rollerblade.html]
[www.wikihow.com/skins/WikiHow/images/WH_logo.svg]
[www.wikihow.com/Play-Roller-Derby.html]
[www.wikihow.com/Start-Aggressive-Inline-Skating.html]
[www.wikihow.com/{{verifierData.imagePath}}]
[www.wikihow.com/{{{submitterAvatar}}}]
[www.wikihow.com/{{{ta_image}}}]
[www.wikihow.com/images/thumb/4/4f/Rollerblade-Step-17.jpg/-crop-342-184-245px-Rollerblade-Step-17.jpg]
[www.wikihow.com/Do-a-Crossover-on-Inline-Skates.html]
[www.wikihow.com/Inline-Skate.html]
[www.wikihow.com/Stop-on-Inline-Skates.html]
[www.wikihow.com/Do-Tricks-on-Roller-Skates.html]
[www.wikihow.com/Stop-on-Roller-Skates.html]
[www.wikihow.com/Roller-Skate-Backwards.html]
[www.wikihow.com/Rollerblade-Backwards.html]
[www.wikihow.com/Turn-on-Rollerblades.html]
[www.wikihow.com/Choose-Inline-Skate-Wheels.html]
[www.skates.com/how-to-skate-s/84838.html]
[www.wikihow.com/Category_Featured-Articles.html]
[www.wikihow.com/_ads/ads.js]
[twitter.com/wikihow.html]
[www.instagram.com/wikihow/index.html]
[www.facebook.com/wikiHow/index.html]
[www.wikihow.com/About-wikiHow.46.delayed]
[www.youtube.com/wikihow.html]
[www.wikihow.com/wikiHow_Jobs.html]
[www.wikihow.com/Terms-of-Use]
[www.wikihow.com/wikiHow_Terms-of-Use.html]
[www.wikihow.com/Special_Sitemap.html]
[www.wikihow.com/load795e.php]
[www.wikihow.com/Roller-Skate.html]
[m.wikihow.com/Roller-Skate.html]
[m.wikihow.com/Roller-Skate5593.html]
[www.wikihow.com/index7524.html]
[www.wikihow.com/index890f.html]
[plus.google.com/102818024478962731382.html]
[www.wikihow.com/Android-app_/com.wikihow.wikihowapp/http/www.wikihow.com/Roller-Skate.html]
[www.wikihow.com/ios-app_/309209200/wikihow/articlef6f9.html]
[es.wikihow.com/patinar.html]
[de.wikihow.com/Rollschuh-fahren.html]
[pt.wikihow.com/Patinar.html]
[www.wikihow.it/Imparare-a-Pattinare.html]
[ru.wikihow.com/кататься-на-роликах.html]
[fr.wikihow.com/apprendre-à-faire-du-roller.html]
[zh.wikihow.com/滑旱冰.html]
[id.wikihow.com/Bermain-Sepatu-Roda-(Roller-Skate).html]
[www.wikihow.cz/Jak-bruslit-na-kolečkových-bruslích.html]
[ar.wikihow.com/كيفية-التزلج-بالعجلات.html]
[nl.wikihow.com/Rolschaatsen.html]
[www.wikihow.com/index.html]
[www.wikihow.com/Special_UserLoginabb7.html]
[www.wikihow.com/Special_UserLogin0ada.html]
[www.wikihow.com/Special_CommunityDashboard.html]
[www.wikihow.com/Special_Randomizer.html]
[www.wikihow.com/wikiHow_About-wikiHow.html]
[www.wikihow.com/Special_Categorylisting.html]
[www.wikihow.com/Special_RecentChanges.html]
[www.wikihow.com/Special_CreatePage.html]
[www.wikihow.com/Special_RequestTopic.html]
[www.wikihow.com/Special_ListRequestedTopics.html]
[www.wikihow.com/Main-Page.html]
[www.wikihow.com/wikiHow_Cookie-Policy.html]
[www.wikihow.com/Category_Sports-and-Fitness.html]
[www.wikihow.com/Category_Individual-Sports.html]
[www.wikihow.com/Category_Inline-and-Roller-Skating.html]
[www.wikihow.com/GET.html]
[www.wikihow.com/Special_ArticleReviewers.html]
[www.wikihow.com/Rollerblade.html]
[www.wikihow.com/skins/WikiHow/images/WH_logo.svg]
[www.wikihow.com/Play-Roller-Derby.html]
[www.wikihow.com/Start-Aggressive-Inline-Skating.html]
[www.wikihow.com/{{verifierData.html]
[www.wikihow.com/{{{submitterAvatar}}}.html]
[www.wikihow.com/{{{ta_image}}}.html]
[www.wikihow.com/Do-a-Crossover-on-Inline-Skates.html]
[www.wikihow.com/Inline-Skate.html]
[www.wikihow.com/Stop-on-Inline-Skates.html]
[www.wikihow.com/Do-Tricks-on-Roller-Skates.html]
[www.wikihow.com/Stop-on-Roller-Skates.html]
[www.wikihow.com/Roller-Skate-Backwards.html]
[www.wikihow.com/Rollerblade-Backwards.html]
[www.wikihow.com/Turn-on-Rollerblades.html]
[www.wikihow.com/Choose-Inline-Skate-Wheels.html]
[www.skates.com/how-to-skate-s/84838.html]
[www.wikihow.com/Category_Featured-Articles.html]
[www.wikihow.com/index2f0a.html]
[www.instagram.com/wikihow/index.html]
[www.facebook.com/wikiHow/index.html]
[twitter.com/wikihow.html]
[www.youtube.com/wikihow.html]
[www.wikihow.com/wikiHow_Jobs.html]
[www.wikihow.com/wikiHow_Terms-of-Use.html]
[www.wikihow.com/Special_Sitemap.html]
[www.wikihow.com/Special_AnswerQuestions.html]
