[en.wikipedia.org/wiki/Pineapple.html]
[backblue.gif]
[fade.gif]
[index.html]
[en.wikipedia.org/wiki/Mw.TMHGalleryHook.js]
[en.wikipedia.org/wiki/Android-app_/org.wikipedia/http/en.m.wikipedia.org/wiki/Pineapple]
[en.wikipedia.org/wiki/Pineapple_(disambiguation).html]
[en.wikipedia.org/wiki/File_കൈതച്ചക്ക.html]
[en.wikipedia.org/wiki/Wikipedia_Protection_policy.html]
[en.wikipedia.org/wiki/Template_Taxonomy/Ananas.html]
[en.wikipedia.org/wiki/Taxonomy_(biology).html]
[en.wikipedia.org/wiki/Flowering_plant.html]
[en.wikipedia.org/wiki/Commelinids.html]
[en.wikipedia.org/wiki/Monocotyledon.html]
[en.wikipedia.org/wiki/Poales.html]
[en.wikipedia.org/wiki/Bromeliaceae.html]
[en.wikipedia.org/wiki/Ananas.html]
[en.wikipedia.org/wiki/Carl_Linnaeus.html]
[en.wikipedia.org/wiki/Merr.html]
[en.wikipedia.org/wiki/Multiple_fruit.html]
[en.wikipedia.org/wiki/Berry.html]
[en.wikipedia.org/wiki/Binomial_nomenclature.html]
[en.wikipedia.org/wiki/File_Pineapple_and_cross_section.html]
[en.wikipedia.org/wiki/Offset_(botany).html]
[en.wikipedia.org/wiki/File_Flowering_Pineapple_Sept_4_2011.html]
[en.wikipedia.org/wiki/Plant_reproductive_morphology.html]
[en.wikipedia.org/wiki/Conifer.html]
[en.wikipedia.org/wiki/Conifer_cone.html]
[en.wikipedia.org/wiki/André_Thevet.html]
[en.wikipedia.org/wiki/File_PineApple_-_Ananas_comosus_-_starting_stage.html]
[en.wikipedia.org/wiki/Tupian_languages.html]
[en.wikipedia.org/wiki/Herbaceous_plant.html]
[en.wikipedia.org/wiki/Perennial.html]
[en.wikipedia.org/wiki/Plant_stem.html]
[en.wikipedia.org/wiki/Crassulacean_acid_metabolism.html]
[en.wikipedia.org/wiki/Fibonacci_number.html]
[en.wikipedia.org/wiki/Malate.html]
[en.wikipedia.org/wiki/Hummingbird.html]
[en.wikipedia.org/wiki/Forage.html]
[en.wikipedia.org/wiki/Plant_breeding.html]
[en.wikipedia.org/wiki/Bat.html]
[en.wikipedia.org/wiki/Cannery.html]
[en.wikipedia.org/wiki/Paraná_River.html]
[en.wikipedia.org/wiki/20th_century.html]
[en.wikipedia.org/wiki/Paraguay_River.html]
[en.wikipedia.org/wiki/Southern_Region,_Brazil.html]
[en.wikipedia.org/wiki/Bromeliad.html]
[en.wikipedia.org/wiki/Hawaiian_Islands.html]
[en.wikipedia.org/wiki/Philippines.html]
[en.wikipedia.org/wiki/Guam.html]
[en.wikipedia.org/wiki/File_Charles-pineapple.html]
[en.wikipedia.org/wiki/Zimbabwe.html]
[en.wikipedia.org/wiki/Hendrik_Danckerts.html]
[en.wikipedia.org/wiki/Brazil.html]
[en.wikipedia.org/wiki/Charles_II_of_England.html]
[en.wikipedia.org/wiki/Pieter_de_la_Court.html]
[en.wikipedia.org/wiki/Chelsea_Physic_Garden.html]
[en.wikipedia.org/wiki/Surinam.html]
[en.wikipedia.org/wiki/Netherlands.html]
[en.wikipedia.org/wiki/Louis_XV.html]
[en.wikipedia.org/wiki/Garden_of_Versailles.html]
[en.wikipedia.org/wiki/Catherine_the_Great.html]
[en.wikipedia.org/wiki/Greenhouse.html]
[en.wikipedia.org/wiki/Cupola.html]
[en.wikipedia.org/wiki/Dunmore_Pineapple.html]
[en.wikipedia.org/wiki/John_Murray,_4th_Earl_of_Dunmore.html]
[en.wikipedia.org/wiki/James_Dole.html]
[en.wikipedia.org/wiki/Del_Monte_Foods.html]
[en.wikipedia.org/wiki/Dole_Food_Company.html]
[en.wikipedia.org/wiki/Oahu.html]
[en.wikipedia.org/wiki/Maui_Pineapple_Company.html]
[en.wikipedia.org/wiki/Maui.html]
[en.wikipedia.org/wiki/Maui_Land_and_Pineapple.html]
[en.wikipedia.org/wiki/File_Del_Monte_Pineapple_field_at_Camp_Philips,_Bukidnon,_Philippines_03.html]
[en.wikipedia.org/wiki/Bukidnon.html]
[en.wikipedia.org/wiki/Honolulu.html]
[en.wikipedia.org/wiki/Dole_Plantation.html]
[en.wikipedia.org/wiki/Latin_America.html]
[en.wikipedia.org/wiki/Spanish_colonial_period_of_the_Philippines.html]
[en.wikipedia.org/wiki/17th_century.html]
[en.wikipedia.org/wiki/History_of_the_Philippines_(1898–1946).html]
[en.wikipedia.org/wiki/United_States_Department_of_Agriculture.html]
[en.wikipedia.org/wiki/Mindanao.html]
[en.wikipedia.org/wiki/Choline.html]
[en.wikipedia.org/wiki/Cotabato.html]
[en.wikipedia.org/wiki/Cherry.html]
[en.wikipedia.org/wiki/Hamburger.html]
[en.wikipedia.org/wiki/Sugar.html]
[en.wikipedia.org/wiki/Hamonado.html]
[en.wikipedia.org/wiki/Vitamin.html]
[en.wikipedia.org/wiki/Afritada.html]
[en.wikipedia.org/wiki/Riboflavin.html]
[en.wikipedia.org/wiki/Niacin.html]
[en.wikipedia.org/wiki/Kaeng_som.html]
[en.wikipedia.org/wiki/Folate.html]
[en.wikipedia.org/wiki/Thiamine.html]
[en.wikipedia.org/wiki/Hawaiian_haystack.html]
[en.wikipedia.org/wiki/Vitamin_C.html]
[en.wikipedia.org/wiki/Cocktail.html]
[en.wikipedia.org/wiki/Manganese.html]
[en.wikipedia.org/wiki/Phosphorus.html]
[en.wikipedia.org/wiki/Piña_colada.html]
[en.wikipedia.org/wiki/Zinc.html]
[en.wikipedia.org/wiki/Tepache.html]
[en.wikipedia.org/wiki/File_Chicken_Afritada_on_white_rice_with_pineapple_tidbits_(Philippines)_2.html]
[en.wikipedia.org/wiki/File_TepacheStraw.html]
[en.wikipedia.org/wiki/File_Pineapple_chicken_(Pininyahang_Manok).html]
[en.wikipedia.org/wiki/Pininyahang_manok.html]
[en.wikipedia.org/wiki/File_2017-11-13_13_56_02_Sicilian_pizza_with_mushrooms_and_pineapple_from_Buon_Appetito's_NY_Pizza_in_Dulles,_Loudoun_County,_Virginia.html]
[en.wikipedia.org/wiki/File_Kaeng_lueang.html]
[en.wikipedia.org/wiki/Pizza.html]
[en.wikipedia.org/wiki/Piña.html]
[en.wikipedia.org/wiki/Barong_Tagalog.html]
[en.wikipedia.org/wiki/Baro't_saya.html]
[en.wikipedia.org/wiki/Abacá.html]
[en.wikipedia.org/wiki/Traje_de_mestiza.html]
[en.wikipedia.org/wiki/File_Tampuhan_by_Juan_Luna.html]
[en.wikipedia.org/wiki/File_Barong_Up_Close.html]
[en.wikipedia.org/wiki/Kerchief.html]
[en.wikipedia.org/wiki/File_Kerchief_(Pañuelo)_MET_115249a.html]
[en.wikipedia.org/wiki/Second_World_War.html]
[en.wikipedia.org/wiki/File_Textile_(Philippines),_19th_century_(CH_18348723).html]
[en.wikipedia.org/wiki/Metropolitan_Museum_of_Art.html]
[en.wikipedia.org/wiki/Cotton.html]
[en.wikipedia.org/wiki/Bromelain.html]
[en.wikipedia.org/wiki/Cooper_Hewitt,_Smithsonian_Design_Museum.html]
[en.wikipedia.org/wiki/Proteolytic.html]
[en.wikipedia.org/wiki/Enzyme.html]
[en.wikipedia.org/wiki/Pregnancy.html]
[en.wikipedia.org/wiki/Anticoagulation.html]
[en.wikipedia.org/wiki/Marinade.html]
[en.wikipedia.org/wiki/Allergies.html]
[en.wikipedia.org/wiki/Tenderizer.html]
[en.wikipedia.org/wiki/Gelatin.html]
[en.wikipedia.org/wiki/Capsule_(pharmacy).html]
[en.wikipedia.org/wiki/Gel.html]
[en.wikipedia.org/wiki/Extraction_(chemistry).html]
[en.wikipedia.org/wiki/Canning.html]
[en.wikipedia.org/wiki/Raphide.html]
[en.wikipedia.org/wiki/Calcium_oxalate.html]
[en.wikipedia.org/wiki/List_of_countries_by_pineapple_production.html]
[en.wikipedia.org/wiki/Home.html]
[en.wikipedia.org/wiki/Costa_Rica.html]
[en.wikipedia.org/wiki/Thailand.html]
[en.wikipedia.org/wiki/India.html]
[en.wikipedia.org/wiki/Indonesia.html]
[en.wikipedia.org/wiki/United_Nations.html]
[en.wikipedia.org/wiki/File_Ananas_bracteatus,_Dole_Pineapple_Plantation,_Oahu,_Hawaii,_USA2.html]
[en.wikipedia.org/wiki/Red_pineapple.html]
[en.wikipedia.org/wiki/Pesticides.html]
[en.wikipedia.org/wiki/Organophosphates.html]
[en.wikipedia.org/wiki/Organochlorines.html]
[en.wikipedia.org/wiki/Endocrine_disruptor.html]
[en.wikipedia.org/wiki/Carcinogen.html]
[en.wikipedia.org/wiki/Birth_defects.html]
[en.wikipedia.org/wiki/Nicaragua.html]
[en.wikipedia.org/wiki/Wikipedia_Manual_of_Style/Dates_and_numbers.html]
[en.wikipedia.org/wiki/Cultivar.html]
[en.wikipedia.org/wiki/Wikipedia_Citation_needed.html]
[en.wikipedia.org/wiki/Paraguay.html]
[en.wikipedia.org/wiki/Amerind_peoples.html]
[en.wikipedia.org/wiki/Sarawak.html]
[en.wikipedia.org/wiki/Aesthetic.html]
[en.wikipedia.org/wiki/File_Abacaxi_(Ananas_comosus)_2014-07-14_20-40.html]
[en.wikipedia.org/wiki/File_Dolejf2103.html]
[en.wikipedia.org/wiki/File_Ananas_comosus_Victoria_P1190459.html]
[en.wikipedia.org/wiki/Syringic_acid.html]
[en.wikipedia.org/wiki/Gallic_acid.html]
[en.wikipedia.org/wiki/Polyphenol.html]
[en.wikipedia.org/wiki/Ferulic_acid.html]
[en.wikipedia.org/wiki/Vanillin.html]
[en.wikipedia.org/wiki/Sinapic_acid.html]
[en.wikipedia.org/wiki/Coumaric_acid.html]
[en.wikipedia.org/wiki/Chlorogenic_acid.html]
[en.wikipedia.org/wiki/Arbutin.html]
[en.wikipedia.org/wiki/List_of_pineapple_diseases.html]
[en.wikipedia.org/wiki/Mealybug.html]
[en.wikipedia.org/wiki/Phanerochaete_salmonicolor.html]
[en.wikipedia.org/wiki/Anthracnose.html]
[en.wikipedia.org/wiki/Pantoea.html]
[en.wikipedia.org/wiki/Symphylid.html]
[en.wikipedia.org/wiki/Thrip.html]
[en.wikipedia.org/wiki/Suckers_(botany).html]
[en.wikipedia.org/wiki/Ethephon.html]
[en.wikipedia.org/wiki/Mimi_Sheller.html]
[en.wikipedia.org/wiki/Age_of_Sail.html]
[en.wikipedia.org/wiki/Ethylene.html]
[en.wikipedia.org/wiki/Finial.html]
[en.wikipedia.org/wiki/Hospitality.html]
[en.wikipedia.org/wiki/Pendant_vault.html]
[en.wikipedia.org/wiki/Pediment.html]
[en.wikipedia.org/wiki/Door_knocker.html]
[en.wikipedia.org/wiki/_/upload.wikimedia.org/wikipedia/commons/thumb/c/c4/Preparing_pineapple_-_01.ogv/720px--Preparing_pineapple_-_01.ogv.jpg_]
[en.wikipedia.org/wiki/_/upload.wikimedia.org/wikipedia/commons/transcoded/c/c4/Preparing_pineapple_-_01.ogv/Preparing_pineapple_-_01.ogv.480p.webm_]
[en.wikipedia.org/wiki/_/upload.wikimedia.org/wikipedia/commons/transcoded/c/c4/Preparing_pineapple_-_01.ogv/Preparing_pineapple_-_01.ogv.480p.vp9.webm_]
[en.wikipedia.org/wiki/_/upload.wikimedia.org/wikipedia/commons/c/c4/Preparing_pineapple_-_01.ogv_]
[en.wikipedia.org/wiki/_/upload.wikimedia.org/wikipedia/commons/transcoded/c/c4/Preparing_pineapple_-_01.ogv/Preparing_pineapple_-_01.ogv.120p.vp9.webm_]
[en.wikipedia.org/wiki/_/upload.wikimedia.org/wikipedia/commons/transcoded/c/c4/Preparing_pineapple_-_01.ogv/Preparing_pineapple_-_01.ogv.160p.webm_]
[en.wikipedia.org/wiki/_/upload.wikimedia.org/wikipedia/commons/transcoded/c/c4/Preparing_pineapple_-_01.ogv/Preparing_pineapple_-_01.ogv.180p.vp9.webm_]
[en.wikipedia.org/wiki/_/upload.wikimedia.org/wikipedia/commons/transcoded/c/c4/Preparing_pineapple_-_01.ogv/Preparing_pineapple_-_01.ogv.240p.webm_]
[en.wikipedia.org/wiki/_/upload.wikimedia.org/wikipedia/commons/transcoded/c/c4/Preparing_pineapple_-_01.ogv/Preparing_pineapple_-_01.ogv.240p.vp9.webm_]
[en.wikipedia.org/wiki/_/upload.wikimedia.org/wikipedia/commons/transcoded/c/c4/Preparing_pineapple_-_01.ogv/Preparing_pineapple_-_01.ogv.360p.webm_]
[en.wikipedia.org/wiki/_/upload.wikimedia.org/wikipedia/commons/transcoded/c/c4/Preparing_pineapple_-_01.ogv/Preparing_pineapple_-_01.ogv.360p.vp9.webm_]
[en.wikipedia.org/wiki/Hainan.html]
[en.wikipedia.org/wiki/File_Pineapple_(organic).html]
[en.wikipedia.org/wiki/File_Pineapple_detail.html]
[en.wikipedia.org/wiki/File_Pineapple_leaf_detail.html]
[en.wikipedia.org/wiki/Portal_Pineapples.html]
[en.wikipedia.org/wiki/File_Foodlogo2.html]
[en.wikipedia.org/wiki/Portal_Food.html]
[en.wikipedia.org/wiki/Big_Pineapple.html]
[en.wikipedia.org/wiki/Pineapple_cutter.html]
[en.wikipedia.org/wiki/Pineapple_tart.html]
[en.wikipedia.org/wiki/Vazhakulam_pineapple.html]
[hort.purdue.edu/newcrop/morton/pineapple.html]
[en.wikipedia.org/wiki/Mw-data_TemplateStyles_r879151008]
[en.wikipedia.org/wiki/International_Standard_Book_Number.html]
[en.wikipedia.org/wiki/Wikipedia_Link_rot.html]
[en.wikipedia.org/wiki/Special_BookSources/978-0-85199-503-8.html]
[web.archive.org/web/20100617043835/http_/www.tropicalpermaculture.com/pineapple-growing.html]
[www.tropicalpermaculture.com/pineapple-growing.html]
[en.wikipedia.org/wiki/Digital_object_identifier.html]
[en.wikipedia.org/wiki/Special_BookSources/978-0-7394-7582-9.html]
[en.wikipedia.org/wiki/Special_BookSources/9783319252209.html]
[en.wikipedia.org/wiki/Special_BookSources/978-0-19-532001-5.html]
[en.wikipedia.org/wiki/Honolulu_Star-Bulletin.html]
[en.wikipedia.org/wiki/Special_BookSources/978-0-7011-7699-0.html]
[filipinoyum.blogspot.com/2011/10/history-of-pineapple-in-philippines.html]
[en.wikipedia.org/wiki/Category_CS1_maint__Uses_authors_parameter.html]
[en.wikipedia.org/wiki/Philippine_Stock_Exchange.html]
[en.wikipedia.org/wiki/Bibcode.html]
[web.archive.org/web/20101123122521/http_/fijatevos.com/business-news/200-dole-responds-to-costa-rican-pineapple-criticism.html]
[en.wikipedia.org/wiki/Special_BookSources/978-0-333-93118-9.html]
[en.wikipedia.org/wiki/Special_BookSources/978-1-85833-579-7.html]
[www.nytimes.com/1982/04/21/garden/a-guide-to-choosing-a-ripe-pineapple.html]
[en.wikipedia.org/wiki/James_Stevens_Curl.html]
[en.wikipedia.org/wiki/Cyril_Manton_Harris.html]
[en.wikipedia.org/wiki/Southern_Living.html]
[en.wikipedia.org/wiki/File_Commons-logo.html]
[en.wikipedia.org/wiki/Special_BookSources/0122266706.html]
[en.wikipedia.org/wiki/Template_Pineapples.html]
[en.wikipedia.org/wiki/The_Paris_Review.html]
[en.wikipedia.org/wiki/Template_talk_Pineapples.html]
[en.wikipedia.org/wiki/Ananas_ananassoides.html]
[en.wikipedia.org/wiki/Ananas_bracteatus.html]
[en.wikipedia.org/wiki/Ananas_erectifolius.html]
[en.wikipedia.org/wiki/Ananas_lucidus.html]
[en.wikipedia.org/wiki/Ananas_macrodontes.html]
[en.wikipedia.org/wiki/Ananas_parguazensis.html]
[en.wikipedia.org/wiki/File_Ananas_May_2008-1.html]
[en.wikipedia.org/wiki/Azucarron_pineapple.html]
[en.wikipedia.org/wiki/Del_Monte_Fresh_Produce_Co._v._Dole_Food_Co.html]
[en.wikipedia.org/wiki/Pineapple_cake.html]
[en.wikipedia.org/wiki/Pineapple_Lumps.html]
[en.wikipedia.org/wiki/Pineapple_pit.html]
[en.wikipedia.org/wiki/Pineapple_production_in_Ivory_Coast.html]
[en.wikipedia.org/wiki/File_Tux_Paint_pineapple.html]
[en.wikipedia.org/wiki/Category_Pineapples.html]
[en.wikipedia.org/wiki/Category_Pineapple_production.html]
[en.wikipedia.org/wiki/Template_Juice.html]
[en.wikipedia.org/wiki/Template_talk_Juice.html]
[en.wikipedia.org/wiki/Juice.html]
[en.wikipedia.org/wiki/List_of_juices.html]
[en.wikipedia.org/wiki/Fruit_juice.html]
[en.wikipedia.org/wiki/Coconut_water.html]
[en.wikipedia.org/wiki/Cranberry_juice.html]
[en.wikipedia.org/wiki/Cucumber_juice.html]
[en.wikipedia.org/wiki/Grape_juice.html]
[en.wikipedia.org/wiki/Grapefruit_juice.html]
[en.wikipedia.org/wiki/Lemon_juice.html]
[en.wikipedia.org/wiki/Lemonade.html]
[en.wikipedia.org/wiki/Orange_juice.html]
[en.wikipedia.org/wiki/Pineapple_juice.html]
[en.wikipedia.org/wiki/Raspberry_juice.html]
[en.wikipedia.org/wiki/Pomegranate_juice.html]
[en.wikipedia.org/wiki/Tomato_juice.html]
[en.wikipedia.org/wiki/File_Orange_juice_1.html]
[en.wikipedia.org/wiki/Vegetable_juice.html]
[en.wikipedia.org/wiki/Carrot_juice.html]
[en.wikipedia.org/wiki/Şalgam.html]
[en.wikipedia.org/wiki/Turmeric_juice.html]
[en.wikipedia.org/wiki/Clam_juice.html]
[en.wikipedia.org/wiki/Cold-pressed_juice.html]
[en.wikipedia.org/wiki/Hemp_juice.html]
[en.wikipedia.org/wiki/Juice_fasting.html]
[en.wikipedia.org/wiki/Wheatgrass.html]
[en.wikipedia.org/wiki/Juicer.html]
[en.wikipedia.org/wiki/Fruit_press.html]
[en.wikipedia.org/wiki/Juicing.html]
[en.wikipedia.org/wiki/Smoothie.html]
[en.wikipedia.org/wiki/File_Orange_juice.html]
[en.wikipedia.org/wiki/Portal_Juice.html]
[en.wikipedia.org/wiki/Category_Vegetable_juice.html]
[en.wikipedia.org/wiki/Category_Fruit_juice.html]
[en.wikipedia.org/wiki/Interim_Register_of_Marine_and_Nonmarine_Genera.html]
[en.wikipedia.org/wiki/World_Checklist_of_Selected_Plant_Families.html]
[en.wikipedia.org/wiki/Integrated_Authority_File.html]
[en.wikipedia.org/wiki/Library_of_Congress_Control_Number.html]
[en.wikipedia.org/wiki/Wikispecies.html]
[en.wikipedia.org/wiki/Category_Ananas.html]
[en.wikipedia.org/wiki/Category_Crops_originating_from_the_Americas.html]
[en.wikipedia.org/wiki/International_Plant_Names_Index.html]
[en.wikipedia.org/wiki/Category_Edible_fruits.html]
[en.wikipedia.org/wiki/Category_Hawaiian_cuisine.html]
[en.wikipedia.org/wiki/National_Center_for_Biotechnology_Information.html]
[en.wikipedia.org/wiki/Natural_Resources_Conservation_Service.html]
[en.wikipedia.org/wiki/Tropicos.html]
[en.wikipedia.org/wiki/Category_Medicinal_plants.html]
[en.wikipedia.org/wiki/Category_Tropical_agriculture.html]
[en.wikipedia.org/wiki/Category_Tropical_fruit.html]
[en.wikipedia.org/wiki/Category_All_articles_with_dead_external_links.html]
[en.wikipedia.org/wiki/Category_Articles_with_dead_external_links_from_March_2018.html]
[en.wikipedia.org/wiki/Category_Articles_with_permanently_dead_external_links.html]
[en.wikipedia.org/wiki/Category_Use_dmy_dates_from_June_2015.html]
[en.wikipedia.org/wiki/Category_All_articles_with_unsourced_statements.html]
[en.wikipedia.org/wiki/Category_Articles_with_unsourced_statements_from_July_2011.html]
[en.wikipedia.org/wiki/Category_Articles_with_'species'_microformats.html]
[en.wikipedia.org/wiki/Category_Articles_with_unsourced_statements_from_August_2015.html]
[en.wikipedia.org/wiki/Category_Commons_category_link_is_locally_defined.html]
[en.wikipedia.org/wiki/Category_Taxonbars_with_automatically_added_basionyms.html]
[en.wikipedia.org/wiki/Category_Wikipedia_articles_with_GND_identifiers.html]
[en.wikipedia.org/wiki/Category_Wikipedia_articles_with_LCCN_identifiers.html]
[en.wikipedia.org/wiki/Category_Articles_containing_video_clips.html]
[en.wikipedia.org/wiki/Talk_Pineapple.html]
[en.wikipedia.org/wiki/Francesco_Andreini.html]
[en.wikipedia.org/wiki/Special_MyTalk.html]
[en.wikipedia.org/wiki/Special_MyContributions.html]
[en.wikipedia.org/wiki/Special_WhatLinksHere/Pineapple.html]
[en.wikipedia.org/wiki/Special_RecentChangesLinked/Pineapple.html]
[en.wikipedia.org/wiki/Pineapple.html]
[en.wikipedia.org/wiki/Special_RecentChanges.html]
[en.wikipedia.org/wiki/Mw.TMHGalleryHook.html]
[en.wikipedia.org/wiki/Android-app_/org.wikipedia/http/en.m.wikipedia.org/wiki/Pineapple.html]
[en.wikipedia.org/wiki/Wikipedia_About.html]
[en.wikipedia.org/wiki/Wikipedia_Protection_policy.html]
[en.wikipedia.org/wiki/Wikipedia_Community_portal.html]
[en.wikipedia.org/wiki/Pineapple_(disambiguation).html]
[en.wikipedia.org/wiki/File_കൈതച്ചക്ക.html]
[en.wikipedia.org/wiki/Special_SpecialPages.html]
[en.wikipedia.org/wiki/Taxonomy_(biology).html]
[en.wikipedia.org/wiki/Template_Taxonomy/Ananas.html]
[en.wikipedia.org/wiki/Plant.html]
[en.wikipedia.org/wiki/Flowering_plant.html]
[en.wikipedia.org/wiki/Monocotyledon.html]
[en.wikipedia.org/wiki/Commelinids.html]
[en.wikipedia.org/wiki/Poales.html]
[en.wikipedia.org/wiki/Bromeliaceae.html]
[en.wikipedia.org/wiki/Ananas.html]
[en.wikipedia.org/wiki/Binomial_nomenclature.html]
[en.wikipedia.org/wiki/Carl_Linnaeus.html]
[en.wikipedia.org/wiki/Merr.html]
[en.wikipedia.org/wiki/Synonym_(taxonomy).html]
[en.wikipedia.org/wiki/Multiple_fruit.html]
[en.wikipedia.org/wiki/Berry.html]
[en.wikipedia.org/wiki/Offset_(botany).html]
[en.wikipedia.org/wiki/File_Pineapple_and_cross_section.html]
[en.wikipedia.org/wiki/File_Flowering_Pineapple_Sept_4_2011.html]
[en.wikipedia.org/wiki/Plant_reproductive_morphology.html]
[en.wikipedia.org/wiki/Conifer.html]
[en.wikipedia.org/wiki/Conifer_cone.html]
[en.wikipedia.org/wiki/Tupian_languages.html]
[en.wikipedia.org/wiki/André_Thevet.html]
[en.wikipedia.org/wiki/File_PineApple_-_Ananas_comosus_-_starting_stage.html]
[en.wikipedia.org/wiki/Herbaceous_plant.html]
[en.wikipedia.org/wiki/Perennial.html]
[en.wikipedia.org/wiki/Plant_stem.html]
[en.wikipedia.org/wiki/Fibonacci_number.html]
[en.wikipedia.org/wiki/Crassulacean_acid_metabolism.html]
[en.wikipedia.org/wiki/Malate.html]
[en.wikipedia.org/wiki/Hummingbird.html]
[en.wikipedia.org/wiki/Forage.html]
[en.wikipedia.org/wiki/Bat.html]
[en.wikipedia.org/wiki/Plant_breeding.html]
[en.wikipedia.org/wiki/Cannery.html]
[en.wikipedia.org/wiki/20th_century.html]
[en.wikipedia.org/wiki/Paraná_River.html]
[en.wikipedia.org/wiki/Paraguay_River.html]
[en.wikipedia.org/wiki/Southern_Region,_Brazil.html]
[en.wikipedia.org/wiki/Bromeliad.html]
[en.wikipedia.org/wiki/Philippines.html]
[en.wikipedia.org/wiki/Hawaiian_Islands.html]
[en.wikipedia.org/wiki/Zimbabwe.html]
[en.wikipedia.org/wiki/Guam.html]
[en.wikipedia.org/wiki/Brazil.html]
[en.wikipedia.org/wiki/File_Charles-pineapple.html]
[en.wikipedia.org/wiki/Charles_II_of_England.html]
[en.wikipedia.org/wiki/Hendrik_Danckerts.html]
[en.wikipedia.org/wiki/Netherlands.html]
[en.wikipedia.org/wiki/Surinam.html]
[en.wikipedia.org/wiki/Pieter_de_la_Court.html]
[en.wikipedia.org/wiki/Chelsea_Physic_Garden.html]
[en.wikipedia.org/wiki/Louis_XV.html]
[en.wikipedia.org/wiki/Garden_of_Versailles.html]
[en.wikipedia.org/wiki/Catherine_the_Great.html]
[en.wikipedia.org/wiki/Greenhouse.html]
[en.wikipedia.org/wiki/John_Murray,_4th_Earl_of_Dunmore.html]
[en.wikipedia.org/wiki/Cupola.html]
[en.wikipedia.org/wiki/Dunmore_Pineapple.html]
[en.wikipedia.org/wiki/James_Dole.html]
[en.wikipedia.org/wiki/Dole_Food_Company.html]
[en.wikipedia.org/wiki/Del_Monte_Foods.html]
[en.wikipedia.org/wiki/Oahu.html]
[en.wikipedia.org/wiki/Maui_Pineapple_Company.html]
[en.wikipedia.org/wiki/Maui.html]
[en.wikipedia.org/wiki/Maui_Land_and_Pineapple.html]
[en.wikipedia.org/wiki/File_Del_Monte_Pineapple_field_at_Camp_Philips,_Bukidnon,_Philippines_03.html]
[en.wikipedia.org/wiki/Bukidnon.html]
[en.wikipedia.org/wiki/Honolulu.html]
[en.wikipedia.org/wiki/Dole_Plantation.html]
[en.wikipedia.org/wiki/17th_century.html]
[en.wikipedia.org/wiki/Latin_America.html]
[en.wikipedia.org/wiki/Spanish_colonial_period_of_the_Philippines.html]
[en.wikipedia.org/wiki/United_States_Department_of_Agriculture.html]
[en.wikipedia.org/wiki/History_of_the_Philippines_(1898–1946).html]
[en.wikipedia.org/wiki/Mindanao.html]
[en.wikipedia.org/wiki/Cotabato.html]
[en.wikipedia.org/wiki/Food_energy.html]
[en.wikipedia.org/wiki/Carbohydrate.html]
[en.wikipedia.org/wiki/Sugar.html]
[en.wikipedia.org/wiki/Dietary_fiber.html]
[en.wikipedia.org/wiki/Fat.html]
[en.wikipedia.org/wiki/Protein_(nutrient).html]
[en.wikipedia.org/wiki/Vitamin.html]
[en.wikipedia.org/wiki/Thiamine.html]
[en.wikipedia.org/wiki/Riboflavin.html]
[en.wikipedia.org/wiki/Niacin.html]
[en.wikipedia.org/wiki/Pantothenic_acid.html]
[en.wikipedia.org/wiki/Vitamin_B6.html]
[en.wikipedia.org/wiki/Folate.html]
[en.wikipedia.org/wiki/Choline.html]
[en.wikipedia.org/wiki/Vitamin_C.html]
[en.wikipedia.org/wiki/Mineral_(nutrient).html]
[en.wikipedia.org/wiki/Calcium_in_biology.html]
[en.wikipedia.org/wiki/Human_iron_metabolism.html]
[en.wikipedia.org/wiki/Magnesium_in_biology.html]
[en.wikipedia.org/wiki/Manganese.html]
[en.wikipedia.org/wiki/Phosphorus.html]
[en.wikipedia.org/wiki/Potassium_in_biology.html]
[en.wikipedia.org/wiki/Sodium_in_biology.html]
[en.wikipedia.org/wiki/Zinc.html]
[en.wikipedia.org/wiki/Microgram.html]
[en.wikipedia.org/wiki/Milligram.html]
[en.wikipedia.org/wiki/International_unit.html]
[en.wikipedia.org/wiki/Dietary_Reference_Intake.html]
[en.wikipedia.org/wiki/Cherry.html]
[en.wikipedia.org/wiki/Hamburger.html]
[en.wikipedia.org/wiki/Hamonado.html]
[en.wikipedia.org/wiki/Afritada.html]
[en.wikipedia.org/wiki/Kaeng_som.html]
[en.wikipedia.org/wiki/Hawaiian_haystack.html]
[en.wikipedia.org/wiki/Cocktail.html]
[en.wikipedia.org/wiki/Piña_colada.html]
[en.wikipedia.org/wiki/Tepache.html]
[en.wikipedia.org/wiki/File_Chicken_Afritada_on_white_rice_with_pineapple_tidbits_(Philippines)_2.html]
[en.wikipedia.org/wiki/File_TepacheStraw.html]
[en.wikipedia.org/wiki/File_Pineapple_chicken_(Pininyahang_Manok).html]
[en.wikipedia.org/wiki/Pininyahang_manok.html]
[en.wikipedia.org/wiki/File_2017-11-13_13_56_02_Sicilian_pizza_with_mushrooms_and_pineapple_from_Buon_Appetito's_NY_Pizza_in_Dulles,_Loudoun_County,_Virginia.html]
[en.wikipedia.org/wiki/Pizza.html]
[en.wikipedia.org/wiki/File_Kaeng_lueang.html]
[en.wikipedia.org/wiki/Piña.html]
[en.wikipedia.org/wiki/Abacá.html]
[en.wikipedia.org/wiki/Barong_Tagalog.html]
[en.wikipedia.org/wiki/Baro't_saya.html]
[en.wikipedia.org/wiki/Traje_de_mestiza.html]
[en.wikipedia.org/wiki/Kerchief.html]
[en.wikipedia.org/wiki/Second_World_War.html]
[en.wikipedia.org/wiki/File_Tampuhan_by_Juan_Luna.html]
[en.wikipedia.org/wiki/File_Barong_Up_Close.html]
[en.wikipedia.org/wiki/File_Kerchief_(Pañuelo)_MET_115249a.html]
[en.wikipedia.org/wiki/Metropolitan_Museum_of_Art.html]
[en.wikipedia.org/wiki/File_Textile_(Philippines),_19th_century_(CH_18348723).html]
[en.wikipedia.org/wiki/Cotton.html]
[en.wikipedia.org/wiki/Cooper_Hewitt,_Smithsonian_Design_Museum.html]
[en.wikipedia.org/wiki/Essential_nutrients.html]
[en.wikipedia.org/wiki/Bromelain.html]
[en.wikipedia.org/wiki/Proteolytic.html]
[en.wikipedia.org/wiki/Enzyme.html]
[en.wikipedia.org/wiki/Pregnancy.html]
[en.wikipedia.org/wiki/Allergies.html]
[en.wikipedia.org/wiki/Anticoagulation.html]
[en.wikipedia.org/wiki/Marinade.html]
[en.wikipedia.org/wiki/Tenderizer.html]
[en.wikipedia.org/wiki/Gelatin.html]
[en.wikipedia.org/wiki/Gel.html]
[en.wikipedia.org/wiki/Capsule_(pharmacy).html]
[en.wikipedia.org/wiki/Canning.html]
[en.wikipedia.org/wiki/Extraction_(chemistry).html]
[en.wikipedia.org/wiki/Home.html]
[en.wikipedia.org/wiki/Raphide.html]
[en.wikipedia.org/wiki/Calcium_oxalate.html]
[en.wikipedia.org/wiki/List_of_countries_by_pineapple_production.html]
[en.wikipedia.org/wiki/Tonne.html]
[en.wikipedia.org/wiki/Costa_Rica.html]
[en.wikipedia.org/wiki/Thailand.html]
[en.wikipedia.org/wiki/India.html]
[en.wikipedia.org/wiki/Indonesia.html]
[en.wikipedia.org/wiki/FAOSTAT.html]
[en.wikipedia.org/wiki/United_Nations.html]
[en.wikipedia.org/wiki/File_Ananas_bracteatus,_Dole_Pineapple_Plantation,_Oahu,_Hawaii,_USA2.html]
[en.wikipedia.org/wiki/Red_pineapple.html]
[en.wikipedia.org/wiki/Pesticides.html]
[en.wikipedia.org/wiki/Organophosphates.html]
[en.wikipedia.org/wiki/Organochlorines.html]
[en.wikipedia.org/wiki/Endocrine_disruptor.html]
[en.wikipedia.org/wiki/Carcinogen.html]
[en.wikipedia.org/wiki/Birth_defects.html]
[en.wikipedia.org/wiki/Nicaragua.html]
[en.wikipedia.org/wiki/Wikipedia_Manual_of_Style/Dates_and_numbers.html]
[en.wikipedia.org/wiki/Cultivar.html]
[en.wikipedia.org/wiki/Paraguay.html]
[en.wikipedia.org/wiki/Wikipedia_Citation_needed.html]
[en.wikipedia.org/wiki/Amerind_peoples.html]
[en.wikipedia.org/wiki/Sarawak.html]
[en.wikipedia.org/wiki/Ornamental_plant.html]
[en.wikipedia.org/wiki/Aesthetic.html]
[en.wikipedia.org/wiki/File_Abacaxi_(Ananas_comosus)_2014-07-14_20-40.html]
[en.wikipedia.org/wiki/File_Dolejf2103.html]
[en.wikipedia.org/wiki/File_Ananas_comosus_Victoria_P1190459.html]
[en.wikipedia.org/wiki/Phytochemical.html]
[en.wikipedia.org/wiki/Polyphenol.html]
[en.wikipedia.org/wiki/Gallic_acid.html]
[en.wikipedia.org/wiki/Syringic_acid.html]
[en.wikipedia.org/wiki/Vanillin.html]
[en.wikipedia.org/wiki/Ferulic_acid.html]
[en.wikipedia.org/wiki/Sinapic_acid.html]
[en.wikipedia.org/wiki/Coumaric_acid.html]
[en.wikipedia.org/wiki/Chlorogenic_acid.html]
[en.wikipedia.org/wiki/Epicatechin.html]
[en.wikipedia.org/wiki/Arbutin.html]
[en.wikipedia.org/wiki/List_of_pineapple_diseases.html]
[en.wikipedia.org/wiki/Mealybug.html]
[en.wikipedia.org/wiki/Phanerochaete_salmonicolor.html]
[en.wikipedia.org/wiki/Anthracnose.html]
[en.wikipedia.org/wiki/Pantoea.html]
[en.wikipedia.org/wiki/Thrip.html]
[en.wikipedia.org/wiki/Symphylid.html]
[en.wikipedia.org/wiki/Suckers_(botany).html]
[en.wikipedia.org/wiki/Ethephon.html]
[en.wikipedia.org/wiki/Ethylene.html]
[en.wikipedia.org/wiki/Mimi_Sheller.html]
[en.wikipedia.org/wiki/Age_of_Sail.html]
[en.wikipedia.org/wiki/Hospitality.html]
[en.wikipedia.org/wiki/Finial.html]
[en.wikipedia.org/wiki/Pendant_vault.html]
[en.wikipedia.org/wiki/Pediment.html]
[en.wikipedia.org/wiki/Door_knocker.html]
[en.wikipedia.org/wiki/_/upload.wikimedia.org/wikipedia/commons/thumb/c/c4/Preparing_pineapple_-_01.ogv/720px--Preparing_pineapple_-_01.ogv.html]
[en.wikipedia.org/wiki/_/upload.wikimedia.org/wikipedia/commons/transcoded/c/c4/Preparing_pineapple_-_01.ogv/Preparing_pineapple_-_01.ogv.480p.html]
[en.wikipedia.org/wiki/_/upload.wikimedia.org/wikipedia/commons/transcoded/c/c4/Preparing_pineapple_-_01.ogv/Preparing_pineapple_-_01.ogv.480p.vp9.html]
[en.wikipedia.org/wiki/_/upload.wikimedia.org/wikipedia/commons/c/c4/Preparing_pineapple_-_01.html]
[en.wikipedia.org/wiki/_/upload.wikimedia.org/wikipedia/commons/transcoded/c/c4/Preparing_pineapple_-_01.ogv/Preparing_pineapple_-_01.ogv.120p.vp9.html]
[en.wikipedia.org/wiki/_/upload.wikimedia.org/wikipedia/commons/transcoded/c/c4/Preparing_pineapple_-_01.ogv/Preparing_pineapple_-_01.ogv.160p.html]
[en.wikipedia.org/wiki/_/upload.wikimedia.org/wikipedia/commons/transcoded/c/c4/Preparing_pineapple_-_01.ogv/Preparing_pineapple_-_01.ogv.180p.vp9.html]
[en.wikipedia.org/wiki/_/upload.wikimedia.org/wikipedia/commons/transcoded/c/c4/Preparing_pineapple_-_01.ogv/Preparing_pineapple_-_01.ogv.240p.html]
[en.wikipedia.org/wiki/_/upload.wikimedia.org/wikipedia/commons/transcoded/c/c4/Preparing_pineapple_-_01.ogv/Preparing_pineapple_-_01.ogv.240p.vp9.html]
[en.wikipedia.org/wiki/_/upload.wikimedia.org/wikipedia/commons/transcoded/c/c4/Preparing_pineapple_-_01.ogv/Preparing_pineapple_-_01.ogv.360p.html]
[en.wikipedia.org/wiki/_/upload.wikimedia.org/wikipedia/commons/transcoded/c/c4/Preparing_pineapple_-_01.ogv/Preparing_pineapple_-_01.ogv.360p.vp9.html]
[en.wikipedia.org/wiki/Hainan.html]
[en.wikipedia.org/wiki/File_Pineapple_(organic).html]
[en.wikipedia.org/wiki/File_Pineapple_detail.html]
[en.wikipedia.org/wiki/File_Pineapple_leaf_detail.html]
[en.wikipedia.org/wiki/Portal_Pineapples.html]
[en.wikipedia.org/wiki/File_Foodlogo2.html]
[en.wikipedia.org/wiki/Portal_Food.html]
[en.wikipedia.org/wiki/Big_Pineapple.html]
[en.wikipedia.org/wiki/Pineapple_cutter.html]
[en.wikipedia.org/wiki/Pineapple_tart.html]
[en.wikipedia.org/wiki/Vazhakulam_pineapple.html]
[hort.purdue.edu/newcrop/morton/pineapple.html]
[en.wikipedia.org/wiki/Mw-data_TemplateStyles_r879151008.html]
[en.wikipedia.org/wiki/International_Standard_Book_Number.html]
[en.wikipedia.org/wiki/Special_BookSources/978-0-85199-503-8.html]
[en.wikipedia.org/wiki/Wikipedia_Link_rot.html]
[web.archive.org/web/20100617043835/http_/www.tropicalpermaculture.com/pineapple-growing.html]
[www.tropicalpermaculture.com/pineapple-growing.html]
[en.wikipedia.org/wiki/Special_BookSources/978-0-7394-7582-9.html]
[en.wikipedia.org/wiki/Digital_object_identifier.html]
[en.wikipedia.org/wiki/PubMed_Central.html]
[en.wikipedia.org/wiki/PubMed_Identifier.html]
[en.wikipedia.org/wiki/Special_BookSources/9783319252209.html]
[en.wikipedia.org/wiki/Special_BookSources/978-0-19-532001-5.html]
[en.wikipedia.org/wiki/Special_BookSources/978-0-7011-7699-0.html]
[en.wikipedia.org/wiki/Honolulu_Star-Bulletin.html]
[filipinoyum.blogspot.com/2011/10/history-of-pineapple-in-philippines.html]
[en.wikipedia.org/wiki/Philippine_Stock_Exchange.html]
[en.wikipedia.org/wiki/Category_CS1_maint__Uses_authors_parameter.html]
[medlineplus.gov/druginfo/natural/895.html]
[en.wikipedia.org/wiki/Bibcode.html]
[web.archive.org/web/20101123122521/http_/fijatevos.com/business-news/200-dole-responds-to-costa-rican-pineapple-criticism.html]
[www.fijatevos.com/business-news/200-dole-responds-to-costa-rican-pineapple-criticism.html]
[en.wikipedia.org/wiki/Special_BookSources/978-0-333-93118-9.html]
[en.wikipedia.org/wiki/Wayback_Machine.html]
[en.wikipedia.org/wiki/Special_BookSources/978-1-85833-579-7.html]
[www.nytimes.com/1982/04/21/garden/a-guide-to-choosing-a-ripe-pineapple.html]
[en.wikipedia.org/wiki/James_Stevens_Curl.html]
[en.wikipedia.org/wiki/Cyril_Manton_Harris.html]
[en.wikipedia.org/wiki/Southern_Living.html]
[en.wikipedia.org/wiki/Special_BookSources/0122266706.html]
[en.wikipedia.org/wiki/File_Commons-logo.html]
[www.crfg.org/pubs/ff/pineapple.html]
[en.wikipedia.org/wiki/The_Paris_Review.html]
[en.wikipedia.org/wiki/Template_Pineapples.html]
[en.wikipedia.org/wiki/Template_talk_Pineapples.html]
[en.wikipedia.org/wiki/Ananas_ananassoides.html]
[en.wikipedia.org/wiki/Ananas_bracteatus.html]
[en.wikipedia.org/wiki/Ananas_erectifolius.html]
[en.wikipedia.org/wiki/Ananas_lucidus.html]
[en.wikipedia.org/wiki/Ananas_macrodontes.html]
[en.wikipedia.org/wiki/Ananas_parguazensis.html]
[en.wikipedia.org/wiki/File_Ananas_May_2008-1.html]
[en.wikipedia.org/wiki/Azucarron_pineapple.html]
[en.wikipedia.org/wiki/Del_Monte_Fresh_Produce_Co._v._Dole_Food_Co.html]
[en.wikipedia.org/wiki/Pineapple_cake.html]
[en.wikipedia.org/wiki/Pineapple_Lumps.html]
[en.wikipedia.org/wiki/Pineapple_pit.html]
[en.wikipedia.org/wiki/Pineapple_production_in_Ivory_Coast.html]
[en.wikipedia.org/wiki/File_Tux_Paint_pineapple.html]
[en.wikipedia.org/wiki/Category_Pineapples.html]
[en.wikipedia.org/wiki/Category_Pineapple_production.html]
[en.wikipedia.org/wiki/Template_Juice.html]
[en.wikipedia.org/wiki/Template_talk_Juice.html]
[en.wikipedia.org/wiki/Juice.html]
[en.wikipedia.org/wiki/List_of_juices.html]
[en.wikipedia.org/wiki/Fruit_juice.html]
[en.wikipedia.org/wiki/Apple_juice.html]
[en.wikipedia.org/wiki/Coconut_water.html]
[en.wikipedia.org/wiki/Cranberry_juice.html]
[en.wikipedia.org/wiki/Cucumber_juice.html]
[en.wikipedia.org/wiki/Grape_juice.html]
[en.wikipedia.org/wiki/Grapefruit_juice.html]
[en.wikipedia.org/wiki/Lemon_juice.html]
[en.wikipedia.org/wiki/Lemonade.html]
[en.wikipedia.org/wiki/Orange_juice.html]
[en.wikipedia.org/wiki/Pineapple_juice.html]
[en.wikipedia.org/wiki/Pomegranate_juice.html]
[en.wikipedia.org/wiki/Raspberry_juice.html]
[en.wikipedia.org/wiki/Tomato_juice.html]
[en.wikipedia.org/wiki/File_Orange_juice_1.html]
[en.wikipedia.org/wiki/Vegetable_juice.html]
[en.wikipedia.org/wiki/Carrot_juice.html]
[en.wikipedia.org/wiki/Şalgam.html]
[en.wikipedia.org/wiki/Turmeric_juice.html]
[en.wikipedia.org/wiki/Clam_juice.html]
[en.wikipedia.org/wiki/Cold-pressed_juice.html]
[en.wikipedia.org/wiki/Hemp_juice.html]
[en.wikipedia.org/wiki/Wheatgrass.html]
[en.wikipedia.org/wiki/Juice_fasting.html]
[en.wikipedia.org/wiki/Juicer.html]
[en.wikipedia.org/wiki/Fruit_press.html]
[en.wikipedia.org/wiki/Juicing.html]
[en.wikipedia.org/wiki/Smoothie.html]
[en.wikipedia.org/wiki/File_Orange_juice.html]
[en.wikipedia.org/wiki/Portal_Juice.html]
[en.wikipedia.org/wiki/Category_Fruit_juice.html]
[en.wikipedia.org/wiki/Category_Vegetable_juice.html]
[en.wikipedia.org/wiki/Help_Taxon_identifiers.html]
[en.wikipedia.org/wiki/Wikidata.html]
[en.wikipedia.org/wiki/Wikispecies.html]
[en.wikipedia.org/wiki/Australian_Plant_Name_Index.html]
[en.wikipedia.org/wiki/Encyclopedia_of_Life.html]
[en.wikipedia.org/wiki/EPPO_Code.html]
[en.wikipedia.org/wiki/Flora_of_China.html]
[en.wikipedia.org/wiki/Global_Biodiversity_Information_Facility.html]
[en.wikipedia.org/wiki/Germplasm_Resources_Information_Network.html]
[en.wikipedia.org/wiki/INaturalist.html]
[en.wikipedia.org/wiki/International_Plant_Names_Index.html]
[en.wikipedia.org/wiki/Interim_Register_of_Marine_and_Nonmarine_Genera.html]
[en.wikipedia.org/wiki/Integrated_Taxonomic_Information_System.html]
[en.wikipedia.org/wiki/Missouri_Botanical_Garden.html]
[en.wikipedia.org/wiki/National_Center_for_Biotechnology_Information.html]
[en.wikipedia.org/wiki/The_Plant_List.html]
[en.wikipedia.org/wiki/Natural_Resources_Conservation_Service.html]
[en.wikipedia.org/wiki/Plants_of_the_World_Online.html]
[en.wikipedia.org/wiki/Tropicos.html]
[en.wikipedia.org/wiki/World_Checklist_of_Selected_Plant_Families.html]
[en.wikipedia.org/wiki/Help_Authority_control.html]
[en.wikipedia.org/wiki/Integrated_Authority_File.html]
[en.wikipedia.org/wiki/Library_of_Congress_Control_Number.html]
[en.wikipedia.org/wiki/Help_Category.html]
[en.wikipedia.org/wiki/Category_Ananas.html]
[en.wikipedia.org/wiki/Category_Crops_originating_from_the_Americas.html]
[en.wikipedia.org/wiki/Category_Edible_fruits.html]
[en.wikipedia.org/wiki/Category_Hawaiian_cuisine.html]
[en.wikipedia.org/wiki/Category_Medicinal_plants.html]
[en.wikipedia.org/wiki/Category_Tropical_agriculture.html]
[en.wikipedia.org/wiki/Category_Tropical_fruit.html]
[en.wikipedia.org/wiki/Category_All_articles_with_dead_external_links.html]
[en.wikipedia.org/wiki/Category_Articles_with_dead_external_links_from_March_2018.html]
[en.wikipedia.org/wiki/Category_Articles_with_permanently_dead_external_links.html]
[en.wikipedia.org/wiki/Category_Webarchive_template_wayback_links.html]
[en.wikipedia.org/wiki/Category_Wikipedia_indefinitely_semi-protected_pages.html]
[en.wikipedia.org/wiki/Category_Use_dmy_dates_from_June_2015.html]
[en.wikipedia.org/wiki/Category_Articles_with_'species'_microformats.html]
[en.wikipedia.org/wiki/Category_All_articles_with_unsourced_statements.html]
[en.wikipedia.org/wiki/Category_Articles_with_unsourced_statements_from_July_2011.html]
[en.wikipedia.org/wiki/Category_Articles_with_unsourced_statements_from_August_2015.html]
[en.wikipedia.org/wiki/Category_Commons_category_link_is_locally_defined.html]
[en.wikipedia.org/wiki/Category_Taxonbars_with_automatically_added_basionyms.html]
[en.wikipedia.org/wiki/Category_Taxonbars_with_20–24_taxon_IDs.html]
[en.wikipedia.org/wiki/Category_Wikipedia_articles_with_GND_identifiers.html]
[en.wikipedia.org/wiki/Category_Wikipedia_articles_with_LCCN_identifiers.html]
[en.wikipedia.org/wiki/Category_Articles_containing_video_clips.html]
[en.wikipedia.org/wiki/Special_MyTalk.html]
[en.wikipedia.org/wiki/Special_MyContributions.html]
[en.wikipedia.org/wiki/Talk_Pineapple.html]
[en.wikipedia.org/wiki/Main_Page.html]
[en.wikipedia.org/wiki/Portal_Contents.html]
[en.wikipedia.org/wiki/Portal_Featured_content.html]
[en.wikipedia.org/wiki/Portal_Current_events.html]
[en.wikipedia.org/wiki/Francesco_Andreini.html]
[en.wikipedia.org/wiki/Help_Contents.html]
[en.wikipedia.org/wiki/Wikipedia_About.html]
[en.wikipedia.org/wiki/Wikipedia_Community_portal.html]
[en.wikipedia.org/wiki/Special_RecentChanges.html]
[en.wikipedia.org/wiki/Wikipedia_Contact_us]
[en.wikipedia.org/wiki/Special_WhatLinksHere/Pineapple.html]
[en.wikipedia.org/wiki/Special_RecentChangesLinked/Pineapple.html]
[en.wikipedia.org/wiki/Wikipedia_File_Upload_Wizard.html]
[en.wikipedia.org/wiki/Special_SpecialPages.html]
[en.wikipedia.org/wiki/Wikipedia_Text_of_Creative_Commons_Attribution-ShareAlike_3.0_Unported_License]
[en.wikipedia.org/wiki/Wikipedia_General_disclaimer.html]
