[en.wikipedia.org/wiki/Apple.html]
[backblue.gif]
[fade.gif]
[index.html]
[en.wikipedia.org/wiki/Android-app_/org.wikipedia/http/en.m.wikipedia.org/wiki/Apple]
[en.wikipedia.org/wiki/Apple_Inc.html]
[en.wikipedia.org/wiki/Apple_(disambiguation).html]
[en.wikipedia.org/wiki/Apple_Blossom_(disambiguation).html]
[en.wikipedia.org/wiki/Wikipedia_Protection_policy.html]
[en.wikipedia.org/wiki/Apple_tree_(disambiguation).html]
[en.wikipedia.org/wiki/Apple_(symbolism).html]
[en.wikipedia.org/wiki/Wikipedia_Merging.html]
[en.wikipedia.org/wiki/Talk_Apple.html]
[en.wikipedia.org/wiki/File_Honeycrisp.html]
[en.wikipedia.org/wiki/File_Malus_domestica_a1.html]
[en.wikipedia.org/wiki/Template_Taxonomy/Malus.html]
[en.wikipedia.org/wiki/Taxonomy_(biology).html]
[en.wikipedia.org/wiki/Plant.html]
[en.wikipedia.org/wiki/Flowering_plant.html]
[en.wikipedia.org/wiki/Eudicots.html]
[en.wikipedia.org/wiki/Rosids.html]
[en.wikipedia.org/wiki/Rosales.html]
[en.wikipedia.org/wiki/Rosaceae.html]
[en.wikipedia.org/wiki/Malus.html]
[en.wikipedia.org/wiki/Philip_Miller.html]
[en.wikipedia.org/wiki/Binomial_nomenclature.html]
[en.wikipedia.org/wiki/Synonym_(taxonomy).html]
[en.wikipedia.org/wiki/Fruit_tree.html]
[en.wikipedia.org/wiki/Fruit.html]
[en.wikipedia.org/wiki/Genus.html]
[en.wikipedia.org/wiki/Agriculture.html]
[en.wikipedia.org/wiki/Malus_sieversii.html]
[en.wikipedia.org/wiki/Central_Asia.html]
[en.wikipedia.org/wiki/Asia.html]
[en.wikipedia.org/wiki/European_colonization_of_the_Americas.html]
[en.wikipedia.org/wiki/Europe.html]
[en.wikipedia.org/wiki/Mythology.html]
[en.wikipedia.org/wiki/Norse_mythology.html]
[en.wikipedia.org/wiki/Christianity_in_Europe.html]
[en.wikipedia.org/wiki/Greek_mythology.html]
[en.wikipedia.org/wiki/Cultivar.html]
[en.wikipedia.org/wiki/Rootstock.html]
[en.wikipedia.org/wiki/Grafting.html]
[en.wikipedia.org/wiki/Cooking_apple.html]
[en.wikipedia.org/wiki/List_of_apple_cultivars.html]
[en.wikipedia.org/wiki/Apple_cider.html]
[en.wikipedia.org/wiki/Fungus.html]
[en.wikipedia.org/wiki/Organic_farming.html]
[en.wikipedia.org/wiki/Genome.html]
[en.wikipedia.org/wiki/File_Malus_domestica_-_Köhler–s_Medizinal-Pflanzen-108.html]
[en.wikipedia.org/wiki/Tonnes.html]
[en.wikipedia.org/wiki/DNA_sequencing.html]
[en.wikipedia.org/wiki/File_Pink_lady_and_cross_section.html]
[en.wikipedia.org/wiki/Deciduous.html]
[en.wikipedia.org/wiki/Leaf_arrangement.html]
[en.wikipedia.org/wiki/File_Apple_Blossom_@_Manali.html]
[en.wikipedia.org/wiki/Leaf.html]
[en.wikipedia.org/wiki/Blossoms.html]
[en.wikipedia.org/wiki/Petal.html]
[en.wikipedia.org/wiki/Inflorescence.html]
[en.wikipedia.org/wiki/Russetted.html]
[en.wikipedia.org/wiki/Cyme_(botany).html]
[en.wikipedia.org/wiki/Epicuticular_wax.html]
[en.wikipedia.org/wiki/Ancestor.html]
[en.wikipedia.org/wiki/Mountains_of_Central_Asia.html]
[en.wikipedia.org/wiki/Kazakhstan.html]
[en.wikipedia.org/wiki/Kyrgyzstan.html]
[en.wikipedia.org/wiki/Tajikistan.html]
[en.wikipedia.org/wiki/Tian_Shan.html]
[en.wikipedia.org/wiki/Introgression.html]
[en.wikipedia.org/wiki/Xinjiang.html]
[en.wikipedia.org/wiki/Malus_sylvestris.html]
[en.wikipedia.org/wiki/Morphology_(biology).html]
[en.wikipedia.org/wiki/Golden_Delicious.html]
[en.wikipedia.org/wiki/File_95apple.html]
[en.wikipedia.org/wiki/Washington_State_University.html]
[en.wikipedia.org/wiki/BCE.html]
[en.wikipedia.org/wiki/Chiloé_Archipelago.html]
[en.wikipedia.org/wiki/Turkey.html]
[en.wikipedia.org/wiki/Alexander_the_Great.html]
[en.wikipedia.org/wiki/16th_century.html]
[en.wikipedia.org/wiki/17th_century.html]
[en.wikipedia.org/wiki/William_Blaxton.html]
[en.wikipedia.org/wiki/Crab_apples.html]
[en.wikipedia.org/wiki/Boston.html]
[en.wikipedia.org/wiki/Eastern_Washington.html]
[en.wikipedia.org/wiki/Root_cellar.html]
[en.wikipedia.org/wiki/Controlled_atmosphere.html]
[en.wikipedia.org/wiki/File_Carl_Larsson_Brita_as_Iduna.html]
[en.wikipedia.org/wiki/Iðunn.html]
[en.wikipedia.org/wiki/Carl_Larsson.html]
[en.wikipedia.org/wiki/Prose_Edda.html]
[en.wikipedia.org/wiki/Snorri_Sturluson.html]
[en.wikipedia.org/wiki/Eternal_youth.html]
[en.wikipedia.org/wiki/H._R.html]
[en.wikipedia.org/wiki/Gods.html]
[en.wikipedia.org/wiki/Germanic_paganism.html]
[en.wikipedia.org/wiki/Oseberg_ship.html]
[en.wikipedia.org/wiki/Skáldskaparmál.html]
[en.wikipedia.org/wiki/Norse_paganism.html]
[en.wikipedia.org/wiki/Fertility.html]
[en.wikipedia.org/wiki/Germanic_peoples.html]
[en.wikipedia.org/wiki/Vanir.html]
[en.wikipedia.org/wiki/Gerðr.html]
[en.wikipedia.org/wiki/Skírnir.html]
[en.wikipedia.org/wiki/Skírnismál.html]
[en.wikipedia.org/wiki/Freyr.html]
[en.wikipedia.org/wiki/Völsunga_saga.html]
[en.wikipedia.org/wiki/Rerir.html]
[en.wikipedia.org/wiki/Frigg.html]
[en.wikipedia.org/wiki/Tumulus.html]
[en.wikipedia.org/wiki/Völsung.html]
[en.wikipedia.org/wiki/Caesarean_section.html]
[en.wikipedia.org/wiki/Hel_(location).html]
[en.wikipedia.org/wiki/Skald.html]
[en.wikipedia.org/wiki/Nehalennia.html]
[en.wikipedia.org/wiki/Near_East.html]
[en.wikipedia.org/wiki/Roman_Empire.html]
[en.wikipedia.org/wiki/File_Hercules_Musei_Capitolini_MC1265_n2.html]
[en.wikipedia.org/wiki/Heracles.html]
[en.wikipedia.org/wiki/Hesperides.html]
[en.wikipedia.org/wiki/World_religions.html]
[en.wikipedia.org/wiki/Forbidden_fruit.html]
[en.wikipedia.org/wiki/Greek_hero.html]
[en.wikipedia.org/wiki/Folklore.html]
[en.wikipedia.org/wiki/Labours_of_Hercules.html]
[en.wikipedia.org/wiki/Eris_(mythology).html]
[en.wikipedia.org/wiki/Peleus.html]
[en.wikipedia.org/wiki/Thetis.html]
[en.wikipedia.org/wiki/Apple_of_Discord.html]
[en.wikipedia.org/wiki/Kallisti.html]
[en.wikipedia.org/wiki/Hera.html]
[en.wikipedia.org/wiki/Athena.html]
[en.wikipedia.org/wiki/Paris_(mythology).html]
[en.wikipedia.org/wiki/Aphrodite.html]
[en.wikipedia.org/wiki/Troy.html]
[en.wikipedia.org/wiki/Helen_of_Troy.html]
[en.wikipedia.org/wiki/Sparta.html]
[en.wikipedia.org/wiki/Trojan_War.html]
[en.wikipedia.org/wiki/Atalanta.html]
[en.wikipedia.org/wiki/Hippomenes.html]
[en.wikipedia.org/wiki/Melanion.html]
[en.wikipedia.org/wiki/Plato.html]
[en.wikipedia.org/wiki/File_Albrecht_Dürer_-_Adam_and_Eve_(Prado)_2.html]
[en.wikipedia.org/wiki/Adam_and_Eve.html]
[en.wikipedia.org/wiki/Albrecht_Dürer.html]
[en.wikipedia.org/wiki/Garden_of_Eden.html]
[en.wikipedia.org/wiki/Book_of_Genesis.html]
[en.wikipedia.org/wiki/Eve.html]
[en.wikipedia.org/wiki/Adam.html]
[en.wikipedia.org/wiki/Golden_apple.html]
[en.wikipedia.org/wiki/Latin_language.html]
[en.wikipedia.org/wiki/Renaissance.html]
[en.wikipedia.org/wiki/Larynx.html]
[en.wikipedia.org/wiki/Adam's_apple.html]
[en.wikipedia.org/wiki/Crop_yield.html]
[en.wikipedia.org/wiki/Seduction.html]
[en.wikipedia.org/wiki/Temperate.html]
[en.wikipedia.org/wiki/Subtropical.html]
[en.wikipedia.org/wiki/Cider_apple.html]
[en.wikipedia.org/wiki/Russet_apple.html]
[en.wikipedia.org/wiki/Cider.html]
[en.wikipedia.org/wiki/Cox's_Orange_Pippin.html]
[en.wikipedia.org/wiki/Indian_Subcontinent.html]
[en.wikipedia.org/wiki/Egremont_Russet.html]
[en.wikipedia.org/wiki/File_Aliceapple.html]
[en.wikipedia.org/wiki/File_Ambrosia_apples_2017_A3.html]
[en.wikipedia.org/wiki/Ambrosia_(apple).html]
[en.wikipedia.org/wiki/File_Malus-Ananasrenette.html]
[en.wikipedia.org/wiki/File_Arkansas_Black_apples_(cropped).html]
[en.wikipedia.org/wiki/File_Aroma_äpplen_i_korg.html]
[en.wikipedia.org/wiki/File_Malus-Boskoop_organic.html]
[en.wikipedia.org/wiki/Belle_de_Boskoop.html]
[en.wikipedia.org/wiki/File_Brimley_Apples.html]
[en.wikipedia.org/wiki/File_Malus-Cox-Pomona.html]
[en.wikipedia.org/wiki/File_Discovery_apples.html]
[en.wikipedia.org/wiki/Discovery_(apple).html]
[en.wikipedia.org/wiki/File_Fuji_apple.html]
[en.wikipedia.org/wiki/Fuji_(apple).html]
[en.wikipedia.org/wiki/File_Red_Apple.html]
[en.wikipedia.org/wiki/Gala_(apple).html]
[en.wikipedia.org/wiki/File_Golden_delicious_apple.html]
[en.wikipedia.org/wiki/File_Malus_Goldrenette_F._v._Berlepsch.html]
[en.wikipedia.org/wiki/Reinette.html]
[en.wikipedia.org/wiki/File_Granny_smith_closeup.html]
[en.wikipedia.org/wiki/Granny_Smith.html]
[en.wikipedia.org/wiki/Honeycrisp.html]
[en.wikipedia.org/wiki/File_Malus-James-Grieve.html]
[en.wikipedia.org/wiki/File_Jonagold.html]
[en.wikipedia.org/wiki/Jonagold.html]
[en.wikipedia.org/wiki/File_Lobo_cultivar.html]
[en.wikipedia.org/wiki/File_McIntosh_with_sticker_by_Lars_Zapf_2006-03-30_cropped.html]
[en.wikipedia.org/wiki/McIntosh_(apple).html]
[en.wikipedia.org/wiki/File_Apple_03.html]
[en.wikipedia.org/wiki/File_Malus-Cripps-Pink.html]
[en.wikipedia.org/wiki/Cripps_Pink.html]
[en.wikipedia.org/wiki/File_Red_Delicious.html]
[en.wikipedia.org/wiki/Red_Delicious.html]
[en.wikipedia.org/wiki/File_Sampion_cultivar.html]
[en.wikipedia.org/wiki/Champion_(apple).html]
[en.wikipedia.org/wiki/File_The_SugarBee_Apple_now_grown_in_Washington_State.html]
[en.wikipedia.org/wiki/SugarBee.html]
[en.wikipedia.org/wiki/File_Summerred.html]
[en.wikipedia.org/wiki/File_Yellow_Transparent.html]
[en.wikipedia.org/wiki/File_Jabuka_stark_delišes_u_dozrijevanju.html]
[en.wikipedia.org/wiki/Fruit_tree_propagation.html]
[en.wikipedia.org/wiki/Malling_series.html]
[en.wikipedia.org/wiki/File_Apfelbaum_Winterrambour_Hochstamm.html]
[en.wikipedia.org/wiki/File_Blooming_apple_tree.html]
[en.wikipedia.org/wiki/Kota_Batu,_Indonesia.html]
[en.wikipedia.org/wiki/Zygosity.html]
[en.wikipedia.org/wiki/True-breeding_organism.html]
[en.wikipedia.org/wiki/Polyploid.html]
[en.wikipedia.org/wiki/Asia_Minor.html]
[en.wikipedia.org/wiki/Persia.html]
[en.wikipedia.org/wiki/Aristotle.html]
[en.wikipedia.org/wiki/Lyceum.html]
[en.wikipedia.org/wiki/East_Malling_Research_Station.html]
[en.wikipedia.org/wiki/Northern_Spy.html]
[en.wikipedia.org/wiki/London_Borough_of_Merton.html]
[en.wikipedia.org/wiki/Bud_sport.html]
[en.wikipedia.org/wiki/University_of_Minnesota.html]
[en.wikipedia.org/wiki/Haralson_(apple).html]
[en.wikipedia.org/wiki/Minnesota.html]
[en.wikipedia.org/wiki/Wealthy_(apple).html]
[en.wikipedia.org/wiki/Wisconsin.html]
[en.wikipedia.org/wiki/Fruit_tree_pollination.html]
[en.wikipedia.org/wiki/File_Apple_tree_blossom.html]
[en.wikipedia.org/wiki/Ayrshire.html]
[en.wikipedia.org/wiki/File_Orchmason.html]
[en.wikipedia.org/wiki/Orchard_mason_bee.html]
[en.wikipedia.org/wiki/British_Columbia.html]
[en.wikipedia.org/wiki/Pollinator.html]
[en.wikipedia.org/wiki/Pollination.html]
[en.wikipedia.org/wiki/Osmia_lignaria.html]
[en.wikipedia.org/wiki/Honey_bee.html]
[en.wikipedia.org/wiki/Queen_bee.html]
[en.wikipedia.org/wiki/Gravenstein.html]
[en.wikipedia.org/wiki/Bumblebee.html]
[en.wikipedia.org/wiki/Idared.html]
[en.wikipedia.org/wiki/Braeburn.html]
[en.wikipedia.org/wiki/Fruit_picking.html]
[en.wikipedia.org/wiki/Fruit_tree_pruning.html]
[en.wikipedia.org/wiki/Sweet_Bough.html]
[en.wikipedia.org/wiki/Swazie_(apple).html]
[en.wikipedia.org/wiki/File_MIN_Rungis_pommes.html]
[en.wikipedia.org/wiki/Ethylene.html]
[en.wikipedia.org/wiki/Wikipedia_Accuracy_dispute.html]
[en.wikipedia.org/wiki/Carbon_dioxide.html]
[en.wikipedia.org/wiki/Wikipedia_Verifiability.html]
[en.wikipedia.org/wiki/1-methylcyclopropene.html]
[en.wikipedia.org/wiki/File_Apple_tree_leaves_with_insect_damage.html]
[en.wikipedia.org/wiki/List_of_apple_diseases.html]
[en.wikipedia.org/wiki/List_of_Lepidoptera_that_feed_on_Malus.html]
[en.wikipedia.org/wiki/Mildew.html]
[en.wikipedia.org/wiki/Botryotinia.html]
[en.wikipedia.org/wiki/Bacterium.html]
[en.wikipedia.org/wiki/Apple_scab.html]
[en.wikipedia.org/wiki/Aphids.html]
[en.wikipedia.org/wiki/Fireblight.html]
[en.wikipedia.org/wiki/Gymnosporangium.html]
[en.wikipedia.org/wiki/Black_Spot_(disease).html]
[en.wikipedia.org/wiki/Apple_maggot.html]
[en.wikipedia.org/wiki/Codling_moth.html]
[en.wikipedia.org/wiki/Synanthedon_myopaeformis.html]
[en.wikipedia.org/wiki/Tonne.html]
[en.wikipedia.org/wiki/European_Union.html]
[en.wikipedia.org/wiki/China.html]
[en.wikipedia.org/wiki/Poland.html]
[en.wikipedia.org/wiki/India.html]
[en.wikipedia.org/wiki/FAOSTAT.html]
[en.wikipedia.org/wiki/Iran.html]
[en.wikipedia.org/wiki/List_of_countries_by_apple_production.html]
[en.wikipedia.org/wiki/Food_energy.html]
[en.wikipedia.org/wiki/Carbohydrate.html]
[en.wikipedia.org/wiki/Sugar.html]
[en.wikipedia.org/wiki/Fat.html]
[en.wikipedia.org/wiki/Dietary_fiber.html]
[en.wikipedia.org/wiki/Protein_(nutrient).html]
[en.wikipedia.org/wiki/Vitamin.html]
[en.wikipedia.org/wiki/Vitamin_A.html]
[en.wikipedia.org/wiki/Beta-Carotene.html]
[en.wikipedia.org/wiki/Lutein.html]
[en.wikipedia.org/wiki/Zeaxanthin.html]
[en.wikipedia.org/wiki/Thiamine.html]
[en.wikipedia.org/wiki/Riboflavin.html]
[en.wikipedia.org/wiki/Niacin.html]
[en.wikipedia.org/wiki/Pantothenic_acid.html]
[en.wikipedia.org/wiki/Vitamin_B6.html]
[en.wikipedia.org/wiki/Folate.html]
[en.wikipedia.org/wiki/Vitamin_C.html]
[en.wikipedia.org/wiki/Vitamin_E.html]
[en.wikipedia.org/wiki/Vitamin_K.html]
[en.wikipedia.org/wiki/Mineral_(nutrient).html]
[en.wikipedia.org/wiki/Calcium_in_biology.html]
[en.wikipedia.org/wiki/Human_iron_metabolism.html]
[en.wikipedia.org/wiki/Magnesium_in_biology.html]
[en.wikipedia.org/wiki/Manganese.html]
[en.wikipedia.org/wiki/Potassium_in_biology.html]
[en.wikipedia.org/wiki/Phosphorus.html]
[en.wikipedia.org/wiki/Sodium_in_biology.html]
[en.wikipedia.org/wiki/Microgram.html]
[en.wikipedia.org/wiki/Fluoride.html]
[en.wikipedia.org/wiki/Zinc.html]
[en.wikipedia.org/wiki/International_unit.html]
[en.wikipedia.org/wiki/Milligram.html]
[en.wikipedia.org/wiki/Dietary_Reference_Intake.html]
[en.wikipedia.org/wiki/Calories.html]
[en.wikipedia.org/wiki/Essential_nutrients.html]
[en.wikipedia.org/wiki/File_Apple_stark_s.html]
[en.wikipedia.org/wiki/Apple_juice.html]
[en.wikipedia.org/wiki/Apple_pie.html]
[en.wikipedia.org/wiki/Apple_sauce.html]
[en.wikipedia.org/wiki/Table_apple.html]
[en.wikipedia.org/wiki/Apple_butter.html]
[en.wikipedia.org/wiki/Toffee_apple.html]
[en.wikipedia.org/wiki/Toffee.html]
[en.wikipedia.org/wiki/Candy_apple.html]
[en.wikipedia.org/wiki/Caramel_apples.html]
[en.wikipedia.org/wiki/Caramel.html]
[en.wikipedia.org/wiki/Crumble.html]
[en.wikipedia.org/wiki/Rosh_Hashanah.html]
[en.wikipedia.org/wiki/Apple_crisp.html]
[en.wikipedia.org/wiki/Apple_cake.html]
[en.wikipedia.org/wiki/Baked.html]
[en.wikipedia.org/wiki/Stewed.html]
[en.wikipedia.org/wiki/Ciderkin.html]
[en.wikipedia.org/wiki/Fermentation_(food).html]
[en.wikipedia.org/wiki/Applejack_(beverage).html]
[en.wikipedia.org/wiki/Distillation.html]
[en.wikipedia.org/wiki/Calvados_(spirit).html]
[en.wikipedia.org/wiki/Apfelwein.html]
[en.wikipedia.org/wiki/Melanin.html]
[en.wikipedia.org/wiki/Arctic_Apples.html]
[en.wikipedia.org/wiki/Oxygen.html]
[en.wikipedia.org/wiki/Genetically_engineered.html]
[en.wikipedia.org/wiki/Acidulated_water.html]
[en.wikipedia.org/wiki/Pyrethrum.html]
[en.wikipedia.org/wiki/Neem.html]
[en.wikipedia.org/wiki/Kaolin.html]
[en.wikipedia.org/wiki/Phytochemical.html]
[en.wikipedia.org/wiki/Flavonoid.html]
[en.wikipedia.org/wiki/Flavanol.html]
[en.wikipedia.org/wiki/Catechin.html]
[en.wikipedia.org/wiki/Quercetin.html]
[en.wikipedia.org/wiki/Polyphenol.html]
[en.wikipedia.org/wiki/Procyanidin.html]
[en.wikipedia.org/wiki/Epicatechin.html]
[en.wikipedia.org/wiki/Ideain.html]
[en.wikipedia.org/wiki/Phlorizin.html]
[en.wikipedia.org/wiki/Anthocyanin.html]
[en.wikipedia.org/wiki/Apple_seed_oil.html]
[en.wikipedia.org/wiki/Pectin.html]
[en.wikipedia.org/wiki/Birch.html]
[en.wikipedia.org/wiki/Oral_allergy_syndrome.html]
[en.wikipedia.org/wiki/Pollen.html]
[en.wikipedia.org/wiki/Anaphylaxis.html]
[en.wikipedia.org/wiki/Hypoallergenic.html]
[en.wikipedia.org/wiki/Urticaria.html]
[en.wikipedia.org/wiki/Amygdalin.html]
[en.wikipedia.org/wiki/Cyanogenic_glycoside.html]
[en.wikipedia.org/wiki/Cyanide.html]
[en.wikipedia.org/wiki/Adverse_reaction.html]
[en.wikipedia.org/wiki/Hydrolyzed.html]
[en.wikipedia.org/wiki/National_Library_of_Medicine.html]
[en.wikipedia.org/wiki/Hazardous_Substances_Data_Bank.html]
[en.wikipedia.org/wiki/An_apple_a_day_keeps_the_doctor_away.html]
[en.wikipedia.org/wiki/File_Apple_icon_1.html]
[en.wikipedia.org/wiki/Proverb.html]
[en.wikipedia.org/wiki/Apple_chips.html]
[en.wikipedia.org/wiki/Portal_Apples.html]
[en.wikipedia.org/wiki/Applecrab.html]
[en.wikipedia.org/wiki/List_of_apple_dishes.html]
[en.wikipedia.org/wiki/Johnny_Appleseed.html]
[en.wikipedia.org/wiki/Welsh_Apples.html]
[en.wikipedia.org/wiki/Missouri_Botanical_Garden.html]
[en.wikipedia.org/wiki/Harvard_University_Herbaria.html]
[en.wikipedia.org/wiki/Mw-data_TemplateStyles_r879151008]
[www.uga.edu/fruit/apple.17c.delayed]
[www.uga.edu/fruit/apple.17d.delayed]
[en.wikipedia.org/wiki/University_of_Georgia.html]
[web.archive.org/web/20080121045236/http_/www.uga.edu/fruit/apple.html]
[en.wikipedia.org/wiki/Special_BookSources/978-0-471-31014-3.html]
[web.archive.org/web/20121213032323/http_/www.nature.com/ng/journal/v42/n10/full/ng.654.html]
[en.wikipedia.org/wiki/Wayback_Machine.html]
[www.vegparadise.com/highestperch39.html]
[web.archive.org/web/20080211100203/http_/www.vegparadise.com/highestperch39.html]
[en.wikipedia.org/wiki/Revista_Chilena_de_Historia_Natural.html]
[en.wikipedia.org/wiki/Special_BookSources/978-0-486-29715-6.html]
[en.wikipedia.org/wiki/Nabu_Press.html]
[en.wikipedia.org/wiki/Special_BookSources/978-0-920656-10-5.html]
[en.wikipedia.org/wiki/Special_BookSources/978-1-177-72589-7.html]
[en.wikipedia.org/wiki/Special_BookSources/978-0-8070-2107-1.html]
[en.wikipedia.org/wiki/Penguin_Books.html]
[en.wikipedia.org/wiki/Special_BookSources/0-14-013627-4.html]
[en.wikipedia.org/wiki/Routledge.html]
[en.wikipedia.org/wiki/Special_BookSources/0-415-13610-5.html]
[en.wikipedia.org/wiki/R.html]
[en.wikipedia.org/wiki/Special_BookSources/978-0-8493-8901-6.html]
[en.wikipedia.org/wiki/Carl_Ruck.html]
[en.wikipedia.org/wiki/Blaise_Daniel_Staples.html]
[en.wikipedia.org/wiki/Special_BookSources/978-0-15-683800-9.html]
[en.wikipedia.org/wiki/Special_BookSources/978-0-89089-924-3.html]
[en.wikipedia.org/wiki/Special_BookSources/978-0-89281-997-3.html]
[www.theoi.com/Text/HyginusFabulae2.html]
[web.archive.org/web/20130209204358/http_/www.theoi.com/Text/HyginusFabulae2.html]
[www.theoi.com/Text/LucianDialoguesGods1.html]
[en.wikipedia.org/wiki/Apple.html]
[en.wikipedia.org/wiki/Android-app_/org.wikipedia/http/en.m.wikipedia.org/wiki/Apple.html]
[en.wikipedia.org/wiki/Wikipedia_Good_articles.html]
[en.wikipedia.org/wiki/Wikipedia_Protection_policy.html]
[en.wikipedia.org/wiki/Apple_Inc.html]
[en.wikipedia.org/wiki/Apple_(disambiguation).html]
[en.wikipedia.org/wiki/Apple_Blossom_(disambiguation).html]
[en.wikipedia.org/wiki/Apple_tree_(disambiguation).html]
[en.wikipedia.org/wiki/Apple_(symbolism).html]
[en.wikipedia.org/wiki/Wikipedia_Merging.html]
[en.wikipedia.org/wiki/Talk_Apple.html]
[en.wikipedia.org/wiki/File_Honeycrisp.html]
[en.wikipedia.org/wiki/File_Malus_domestica_a1.html]
[en.wikipedia.org/wiki/Taxonomy_(biology).html]
[en.wikipedia.org/wiki/Template_Taxonomy/Malus.html]
[en.wikipedia.org/wiki/Plant.html]
[en.wikipedia.org/wiki/Flowering_plant.html]
[en.wikipedia.org/wiki/Eudicots.html]
[en.wikipedia.org/wiki/Rosids.html]
[en.wikipedia.org/wiki/Rosales.html]
[en.wikipedia.org/wiki/Rosaceae.html]
[en.wikipedia.org/wiki/Malus.html]
[en.wikipedia.org/wiki/Binomial_nomenclature.html]
[en.wikipedia.org/wiki/Philip_Miller.html]
[en.wikipedia.org/wiki/Synonym_(taxonomy).html]
[en.wikipedia.org/wiki/Fruit.html]
[en.wikipedia.org/wiki/Fruit_tree.html]
[en.wikipedia.org/wiki/Agriculture.html]
[en.wikipedia.org/wiki/Genus.html]
[en.wikipedia.org/wiki/Central_Asia.html]
[en.wikipedia.org/wiki/Malus_sieversii.html]
[en.wikipedia.org/wiki/Asia.html]
[en.wikipedia.org/wiki/Europe.html]
[en.wikipedia.org/wiki/European_colonization_of_the_Americas.html]
[en.wikipedia.org/wiki/Mythology.html]
[en.wikipedia.org/wiki/Norse_mythology.html]
[en.wikipedia.org/wiki/Greek_mythology.html]
[en.wikipedia.org/wiki/Christianity_in_Europe.html]
[en.wikipedia.org/wiki/Cultivar.html]
[en.wikipedia.org/wiki/Grafting.html]
[en.wikipedia.org/wiki/Rootstock.html]
[en.wikipedia.org/wiki/List_of_apple_cultivars.html]
[en.wikipedia.org/wiki/Cooking_apple.html]
[en.wikipedia.org/wiki/Apple_cider.html]
[en.wikipedia.org/wiki/Fungus.html]
[en.wikipedia.org/wiki/Organic_farming.html]
[en.wikipedia.org/wiki/Genome.html]
[en.wikipedia.org/wiki/DNA_sequencing.html]
[en.wikipedia.org/wiki/Tonnes.html]
[en.wikipedia.org/wiki/File_Malus_domestica_-_Köhler–s_Medizinal-Pflanzen-108.html]
[en.wikipedia.org/wiki/File_Pink_lady_and_cross_section.html]
[en.wikipedia.org/wiki/Deciduous.html]
[en.wikipedia.org/wiki/Leaf.html]
[en.wikipedia.org/wiki/Leaf_arrangement.html]
[en.wikipedia.org/wiki/File_Apple_Blossom_@_Manali.html]
[en.wikipedia.org/wiki/Blossoms.html]
[en.wikipedia.org/wiki/Petal.html]
[en.wikipedia.org/wiki/Inflorescence.html]
[en.wikipedia.org/wiki/Cyme_(botany).html]
[en.wikipedia.org/wiki/Russetted.html]
[en.wikipedia.org/wiki/Epicuticular_wax.html]
[en.wikipedia.org/wiki/Ancestor.html]
[en.wikipedia.org/wiki/Mountains_of_Central_Asia.html]
[en.wikipedia.org/wiki/Kazakhstan.html]
[en.wikipedia.org/wiki/Kyrgyzstan.html]
[en.wikipedia.org/wiki/Tajikistan.html]
[en.wikipedia.org/wiki/Xinjiang.html]
[en.wikipedia.org/wiki/Tian_Shan.html]
[en.wikipedia.org/wiki/Introgression.html]
[en.wikipedia.org/wiki/Malus_sylvestris.html]
[en.wikipedia.org/wiki/Morphology_(biology).html]
[en.wikipedia.org/wiki/Washington_State_University.html]
[en.wikipedia.org/wiki/Golden_Delicious.html]
[en.wikipedia.org/wiki/File_95apple.html]
[en.wikipedia.org/wiki/Turkey.html]
[en.wikipedia.org/wiki/Alexander_the_Great.html]
[en.wikipedia.org/wiki/BCE.html]
[en.wikipedia.org/wiki/Chiloé_Archipelago.html]
[en.wikipedia.org/wiki/16th_century.html]
[en.wikipedia.org/wiki/17th_century.html]
[en.wikipedia.org/wiki/Boston.html]
[en.wikipedia.org/wiki/William_Blaxton.html]
[en.wikipedia.org/wiki/Crab_apples.html]
[en.wikipedia.org/wiki/Eastern_Washington.html]
[en.wikipedia.org/wiki/Root_cellar.html]
[en.wikipedia.org/wiki/Controlled_atmosphere.html]
[en.wikipedia.org/wiki/File_Carl_Larsson_Brita_as_Iduna.html]
[en.wikipedia.org/wiki/Iðunn.html]
[en.wikipedia.org/wiki/Carl_Larsson.html]
[en.wikipedia.org/wiki/Prose_Edda.html]
[en.wikipedia.org/wiki/Snorri_Sturluson.html]
[en.wikipedia.org/wiki/Gods.html]
[en.wikipedia.org/wiki/Eternal_youth.html]
[en.wikipedia.org/wiki/H._R.html]
[en.wikipedia.org/wiki/Germanic_paganism.html]
[en.wikipedia.org/wiki/Norse_paganism.html]
[en.wikipedia.org/wiki/Oseberg_ship.html]
[en.wikipedia.org/wiki/Skáldskaparmál.html]
[en.wikipedia.org/wiki/Germanic_peoples.html]
[en.wikipedia.org/wiki/Fertility.html]
[en.wikipedia.org/wiki/Vanir.html]
[en.wikipedia.org/wiki/Gerðr.html]
[en.wikipedia.org/wiki/Skírnir.html]
[en.wikipedia.org/wiki/Freyr.html]
[en.wikipedia.org/wiki/Skírnismál.html]
[en.wikipedia.org/wiki/Völsunga_saga.html]
[en.wikipedia.org/wiki/Frigg.html]
[en.wikipedia.org/wiki/Rerir.html]
[en.wikipedia.org/wiki/Tumulus.html]
[en.wikipedia.org/wiki/Caesarean_section.html]
[en.wikipedia.org/wiki/Völsung.html]
[en.wikipedia.org/wiki/Hel_(location).html]
[en.wikipedia.org/wiki/Skald.html]
[en.wikipedia.org/wiki/Nehalennia.html]
[en.wikipedia.org/wiki/Roman_Empire.html]
[en.wikipedia.org/wiki/Near_East.html]
[en.wikipedia.org/wiki/File_Hercules_Musei_Capitolini_MC1265_n2.html]
[en.wikipedia.org/wiki/Heracles.html]
[en.wikipedia.org/wiki/Hesperides.html]
[en.wikipedia.org/wiki/World_religions.html]
[en.wikipedia.org/wiki/Forbidden_fruit.html]
[en.wikipedia.org/wiki/Folklore.html]
[en.wikipedia.org/wiki/Greek_hero.html]
[en.wikipedia.org/wiki/Labours_of_Hercules.html]
[en.wikipedia.org/wiki/Eris_(mythology).html]
[en.wikipedia.org/wiki/Peleus.html]
[en.wikipedia.org/wiki/Thetis.html]
[en.wikipedia.org/wiki/Apple_of_Discord.html]
[en.wikipedia.org/wiki/Kallisti.html]
[en.wikipedia.org/wiki/Hera.html]
[en.wikipedia.org/wiki/Athena.html]
[en.wikipedia.org/wiki/Aphrodite.html]
[en.wikipedia.org/wiki/Paris_(mythology).html]
[en.wikipedia.org/wiki/Troy.html]
[en.wikipedia.org/wiki/Helen_of_Troy.html]
[en.wikipedia.org/wiki/Sparta.html]
[en.wikipedia.org/wiki/Trojan_War.html]
[en.wikipedia.org/wiki/Plato.html]
[en.wikipedia.org/wiki/Atalanta.html]
[en.wikipedia.org/wiki/Hippomenes.html]
[en.wikipedia.org/wiki/Melanion.html]
[en.wikipedia.org/wiki/File_Albrecht_Dürer_-_Adam_and_Eve_(Prado)_2.html]
[en.wikipedia.org/wiki/Adam_and_Eve.html]
[en.wikipedia.org/wiki/Albrecht_Dürer.html]
[en.wikipedia.org/wiki/Garden_of_Eden.html]
[en.wikipedia.org/wiki/Book_of_Genesis.html]
[en.wikipedia.org/wiki/Eve.html]
[en.wikipedia.org/wiki/Adam.html]
[en.wikipedia.org/wiki/Latin_language.html]
[en.wikipedia.org/wiki/Renaissance.html]
[en.wikipedia.org/wiki/Golden_apple.html]
[en.wikipedia.org/wiki/Larynx.html]
[en.wikipedia.org/wiki/Adam's_apple.html]
[en.wikipedia.org/wiki/Seduction.html]
[en.wikipedia.org/wiki/Crop_yield.html]
[en.wikipedia.org/wiki/Temperate.html]
[en.wikipedia.org/wiki/Subtropical.html]
[en.wikipedia.org/wiki/Cider.html]
[en.wikipedia.org/wiki/Cider_apple.html]
[en.wikipedia.org/wiki/Russet_apple.html]
[en.wikipedia.org/wiki/Indian_Subcontinent.html]
[en.wikipedia.org/wiki/Cox's_Orange_Pippin.html]
[en.wikipedia.org/wiki/Egremont_Russet.html]
[en.wikipedia.org/wiki/File_Aliceapple.html]
[en.wikipedia.org/wiki/File_Ambrosia_apples_2017_A3.html]
[en.wikipedia.org/wiki/Ambrosia_(apple).html]
[en.wikipedia.org/wiki/File_Malus-Ananasrenette.html]
[en.wikipedia.org/wiki/File_Arkansas_Black_apples_(cropped).html]
[en.wikipedia.org/wiki/File_Aroma_äpplen_i_korg.html]
[en.wikipedia.org/wiki/File_Malus-Boskoop_organic.html]
[en.wikipedia.org/wiki/Belle_de_Boskoop.html]
[en.wikipedia.org/wiki/File_Brimley_Apples.html]
[en.wikipedia.org/wiki/File_Malus-Cox-Pomona.html]
[en.wikipedia.org/wiki/File_Discovery_apples.html]
[en.wikipedia.org/wiki/Discovery_(apple).html]
[en.wikipedia.org/wiki/File_Fuji_apple.html]
[en.wikipedia.org/wiki/Fuji_(apple).html]
[en.wikipedia.org/wiki/File_Red_Apple.html]
[en.wikipedia.org/wiki/Gala_(apple).html]
[en.wikipedia.org/wiki/File_Golden_delicious_apple.html]
[en.wikipedia.org/wiki/File_Malus_Goldrenette_F._v._Berlepsch.html]
[en.wikipedia.org/wiki/Reinette.html]
[en.wikipedia.org/wiki/File_Granny_smith_closeup.html]
[en.wikipedia.org/wiki/Granny_Smith.html]
[en.wikipedia.org/wiki/Honeycrisp.html]
[en.wikipedia.org/wiki/File_Malus-James-Grieve.html]
[en.wikipedia.org/wiki/File_Jonagold.html]
[en.wikipedia.org/wiki/Jonagold.html]
[en.wikipedia.org/wiki/File_Lobo_cultivar.html]
[en.wikipedia.org/wiki/File_McIntosh_with_sticker_by_Lars_Zapf_2006-03-30_cropped.html]
[en.wikipedia.org/wiki/McIntosh_(apple).html]
[en.wikipedia.org/wiki/File_Apple_03.html]
[en.wikipedia.org/wiki/File_Malus-Cripps-Pink.html]
[en.wikipedia.org/wiki/Cripps_Pink.html]
[en.wikipedia.org/wiki/File_Red_Delicious.html]
[en.wikipedia.org/wiki/Red_Delicious.html]
[en.wikipedia.org/wiki/File_Sampion_cultivar.html]
[en.wikipedia.org/wiki/Champion_(apple).html]
[en.wikipedia.org/wiki/File_The_SugarBee_Apple_now_grown_in_Washington_State.html]
[en.wikipedia.org/wiki/SugarBee.html]
[en.wikipedia.org/wiki/File_Summerred.html]
[en.wikipedia.org/wiki/File_Yellow_Transparent.html]
[en.wikipedia.org/wiki/File_Jabuka_stark_delišes_u_dozrijevanju.html]
[en.wikipedia.org/wiki/Fruit_tree_propagation.html]
[en.wikipedia.org/wiki/Malling_series.html]
[en.wikipedia.org/wiki/File_Apfelbaum_Winterrambour_Hochstamm.html]
[en.wikipedia.org/wiki/File_Blooming_apple_tree.html]
[en.wikipedia.org/wiki/Kota_Batu,_Indonesia.html]
[en.wikipedia.org/wiki/Zygosity.html]
[en.wikipedia.org/wiki/Polyploid.html]
[en.wikipedia.org/wiki/True-breeding_organism.html]
[en.wikipedia.org/wiki/Persia.html]
[en.wikipedia.org/wiki/Asia_Minor.html]
[en.wikipedia.org/wiki/Aristotle.html]
[en.wikipedia.org/wiki/Lyceum.html]
[en.wikipedia.org/wiki/East_Malling_Research_Station.html]
[en.wikipedia.org/wiki/Northern_Spy.html]
[en.wikipedia.org/wiki/London_Borough_of_Merton.html]
[en.wikipedia.org/wiki/Bud_sport.html]
[en.wikipedia.org/wiki/University_of_Minnesota.html]
[en.wikipedia.org/wiki/Minnesota.html]
[en.wikipedia.org/wiki/Wisconsin.html]
[en.wikipedia.org/wiki/Haralson_(apple).html]
[en.wikipedia.org/wiki/Wealthy_(apple).html]
[en.wikipedia.org/wiki/Fruit_tree_pollination.html]
[en.wikipedia.org/wiki/File_Apple_tree_blossom.html]
[en.wikipedia.org/wiki/Ayrshire.html]
[en.wikipedia.org/wiki/File_Orchmason.html]
[en.wikipedia.org/wiki/Orchard_mason_bee.html]
[en.wikipedia.org/wiki/British_Columbia.html]
[en.wikipedia.org/wiki/Pollination.html]
[en.wikipedia.org/wiki/Pollinator.html]
[en.wikipedia.org/wiki/Honey_bee.html]
[en.wikipedia.org/wiki/Osmia_lignaria.html]
[en.wikipedia.org/wiki/Bumblebee.html]
[en.wikipedia.org/wiki/Queen_bee.html]
[en.wikipedia.org/wiki/Gravenstein.html]
[en.wikipedia.org/wiki/Idared.html]
[en.wikipedia.org/wiki/Braeburn.html]
[en.wikipedia.org/wiki/Fruit_picking.html]
[en.wikipedia.org/wiki/Fruit_tree_pruning.html]
[en.wikipedia.org/wiki/Sweet_Bough.html]
[en.wikipedia.org/wiki/Swazie_(apple).html]
[en.wikipedia.org/wiki/File_MIN_Rungis_pommes.html]
[en.wikipedia.org/wiki/Ethylene.html]
[en.wikipedia.org/wiki/Carbon_dioxide.html]
[en.wikipedia.org/wiki/Wikipedia_Accuracy_dispute.html]
[en.wikipedia.org/wiki/Wikipedia_Verifiability.html]
[en.wikipedia.org/wiki/1-methylcyclopropene.html]
[en.wikipedia.org/wiki/File_Apple_tree_leaves_with_insect_damage.html]
[en.wikipedia.org/wiki/List_of_apple_diseases.html]
[en.wikipedia.org/wiki/List_of_Lepidoptera_that_feed_on_Malus.html]
[en.wikipedia.org/wiki/Bacterium.html]
[en.wikipedia.org/wiki/Mildew.html]
[en.wikipedia.org/wiki/Botryotinia.html]
[en.wikipedia.org/wiki/Aphids.html]
[en.wikipedia.org/wiki/Apple_scab.html]
[en.wikipedia.org/wiki/Fireblight.html]
[en.wikipedia.org/wiki/Gymnosporangium.html]
[en.wikipedia.org/wiki/Black_Spot_(disease).html]
[en.wikipedia.org/wiki/Codling_moth.html]
[en.wikipedia.org/wiki/Apple_maggot.html]
[en.wikipedia.org/wiki/Synanthedon_myopaeformis.html]
[en.wikipedia.org/wiki/Tonne.html]
[en.wikipedia.org/wiki/China.html]
[en.wikipedia.org/wiki/European_Union.html]
[en.wikipedia.org/wiki/United_States.html]
[en.wikipedia.org/wiki/Poland.html]
[en.wikipedia.org/wiki/India.html]
[en.wikipedia.org/wiki/Iran.html]
[en.wikipedia.org/wiki/FAOSTAT.html]
[en.wikipedia.org/wiki/List_of_countries_by_apple_production.html]
[en.wikipedia.org/wiki/Food_energy.html]
[en.wikipedia.org/wiki/Carbohydrate.html]
[en.wikipedia.org/wiki/Sugar.html]
[en.wikipedia.org/wiki/Dietary_fiber.html]
[en.wikipedia.org/wiki/Fat.html]
[en.wikipedia.org/wiki/Protein_(nutrient).html]
[en.wikipedia.org/wiki/Vitamin.html]
[en.wikipedia.org/wiki/Vitamin_A.html]
[en.wikipedia.org/wiki/Beta-Carotene.html]
[en.wikipedia.org/wiki/Lutein.html]
[en.wikipedia.org/wiki/Zeaxanthin.html]
[en.wikipedia.org/wiki/Thiamine.html]
[en.wikipedia.org/wiki/Riboflavin.html]
[en.wikipedia.org/wiki/Niacin.html]
[en.wikipedia.org/wiki/Pantothenic_acid.html]
[en.wikipedia.org/wiki/Vitamin_B6.html]
[en.wikipedia.org/wiki/Folate.html]
[en.wikipedia.org/wiki/Vitamin_C.html]
[en.wikipedia.org/wiki/Vitamin_E.html]
[en.wikipedia.org/wiki/Vitamin_K.html]
[en.wikipedia.org/wiki/Mineral_(nutrient).html]
[en.wikipedia.org/wiki/Calcium_in_biology.html]
[en.wikipedia.org/wiki/Human_iron_metabolism.html]
[en.wikipedia.org/wiki/Magnesium_in_biology.html]
[en.wikipedia.org/wiki/Manganese.html]
[en.wikipedia.org/wiki/Phosphorus.html]
[en.wikipedia.org/wiki/Potassium_in_biology.html]
[en.wikipedia.org/wiki/Sodium_in_biology.html]
[en.wikipedia.org/wiki/Zinc.html]
[en.wikipedia.org/wiki/Fluoride.html]
[en.wikipedia.org/wiki/Microgram.html]
[en.wikipedia.org/wiki/Milligram.html]
[en.wikipedia.org/wiki/International_unit.html]
[en.wikipedia.org/wiki/Dietary_Reference_Intake.html]
[en.wikipedia.org/wiki/Calories.html]
[en.wikipedia.org/wiki/Essential_nutrients.html]
[en.wikipedia.org/wiki/File_Apple_stark_s.html]
[en.wikipedia.org/wiki/Apple_juice.html]
[en.wikipedia.org/wiki/Apple_pie.html]
[en.wikipedia.org/wiki/Apple_sauce.html]
[en.wikipedia.org/wiki/Apple_butter.html]
[en.wikipedia.org/wiki/Table_apple.html]
[en.wikipedia.org/wiki/Toffee_apple.html]
[en.wikipedia.org/wiki/Toffee.html]
[en.wikipedia.org/wiki/Candy_apple.html]
[en.wikipedia.org/wiki/Caramel_apples.html]
[en.wikipedia.org/wiki/Caramel.html]
[en.wikipedia.org/wiki/Rosh_Hashanah.html]
[en.wikipedia.org/wiki/Crumble.html]
[en.wikipedia.org/wiki/Apple_crisp.html]
[en.wikipedia.org/wiki/Apple_cake.html]
[en.wikipedia.org/wiki/Baked.html]
[en.wikipedia.org/wiki/Stewed.html]
[en.wikipedia.org/wiki/Fermentation_(food).html]
[en.wikipedia.org/wiki/Ciderkin.html]
[en.wikipedia.org/wiki/Distillation.html]
[en.wikipedia.org/wiki/Applejack_(beverage).html]
[en.wikipedia.org/wiki/Calvados_(spirit).html]
[en.wikipedia.org/wiki/Apfelwein.html]
[en.wikipedia.org/wiki/Melanin.html]
[en.wikipedia.org/wiki/Oxygen.html]
[en.wikipedia.org/wiki/Genetically_engineered.html]
[en.wikipedia.org/wiki/Arctic_Apples.html]
[en.wikipedia.org/wiki/Acidulated_water.html]
[en.wikipedia.org/wiki/Pyrethrum.html]
[en.wikipedia.org/wiki/Neem.html]
[en.wikipedia.org/wiki/Kaolin.html]
[en.wikipedia.org/wiki/Phytochemical.html]
[en.wikipedia.org/wiki/Flavonoid.html]
[en.wikipedia.org/wiki/Catechin.html]
[en.wikipedia.org/wiki/Flavanol.html]
[en.wikipedia.org/wiki/Quercetin.html]
[en.wikipedia.org/wiki/Polyphenol.html]
[en.wikipedia.org/wiki/Epicatechin.html]
[en.wikipedia.org/wiki/Procyanidin.html]
[en.wikipedia.org/wiki/Ideain.html]
[en.wikipedia.org/wiki/Anthocyanin.html]
[en.wikipedia.org/wiki/Phlorizin.html]
[en.wikipedia.org/wiki/Apple_seed_oil.html]
[en.wikipedia.org/wiki/Pectin.html]
[en.wikipedia.org/wiki/Birch.html]
[en.wikipedia.org/wiki/Pollen.html]
[en.wikipedia.org/wiki/Oral_allergy_syndrome.html]
[en.wikipedia.org/wiki/Anaphylaxis.html]
[en.wikipedia.org/wiki/Urticaria.html]
[en.wikipedia.org/wiki/Hypoallergenic.html]
[en.wikipedia.org/wiki/Amygdalin.html]
[en.wikipedia.org/wiki/Cyanide.html]
[en.wikipedia.org/wiki/Cyanogenic_glycoside.html]
[en.wikipedia.org/wiki/Adverse_reaction.html]
[en.wikipedia.org/wiki/Hydrolyzed.html]
[en.wikipedia.org/wiki/National_Library_of_Medicine.html]
[en.wikipedia.org/wiki/Hazardous_Substances_Data_Bank.html]
[en.wikipedia.org/wiki/Proverb.html]
[en.wikipedia.org/wiki/An_apple_a_day_keeps_the_doctor_away.html]
[en.wikipedia.org/wiki/File_Apple_icon_1.html]
[en.wikipedia.org/wiki/Portal_Apples.html]
[en.wikipedia.org/wiki/Apple_chips.html]
[en.wikipedia.org/wiki/Applecrab.html]
[en.wikipedia.org/wiki/Johnny_Appleseed.html]
[en.wikipedia.org/wiki/List_of_apple_dishes.html]
[en.wikipedia.org/wiki/Welsh_Apples.html]
[en.wikipedia.org/wiki/Missouri_Botanical_Garden.html]
[en.wikipedia.org/wiki/Harvard_University_Herbaria.html]
[en.wikipedia.org/wiki/Digital_object_identifier.html]
[en.wikipedia.org/wiki/Mw-data_TemplateStyles_r879151008.html]
[www.uga.edu/fruit/apple.html]
[en.wikipedia.org/wiki/University_of_Georgia.html]
[web.archive.org/web/20080121045236/http_/www.uga.edu/fruit/apple.html]
[en.wikipedia.org/wiki/International_Standard_Book_Number.html]
[en.wikipedia.org/wiki/Special_BookSources/978-0-471-31014-3.html]
[en.wikipedia.org/wiki/PubMed_Identifier.html]
[en.wikipedia.org/wiki/PubMed_Central.html]
[web.archive.org/web/20121213032323/http_/www.nature.com/ng/journal/v42/n10/full/ng.654.html]
[en.wikipedia.org/wiki/Wayback_Machine.html]
[www.vegparadise.com/highestperch39.html]
[web.archive.org/web/20080211100203/http_/www.vegparadise.com/highestperch39.html]
[en.wikipedia.org/wiki/Revista_Chilena_de_Historia_Natural.html]
[en.wikipedia.org/wiki/Special_BookSources/978-0-486-29715-6.html]
[en.wikipedia.org/wiki/Special_BookSources/978-0-920656-10-5.html]
[en.wikipedia.org/wiki/Nabu_Press.html]
[en.wikipedia.org/wiki/Special_BookSources/978-1-177-72589-7.html]
[en.wikipedia.org/wiki/Special_BookSources/978-0-8070-2107-1.html]
[en.wikipedia.org/wiki/Special_BookSources/0-14-013627-4.html]
[en.wikipedia.org/wiki/Penguin_Books.html]
[en.wikipedia.org/wiki/Routledge.html]
[en.wikipedia.org/wiki/Special_BookSources/0-415-13610-5.html]
[en.wikipedia.org/wiki/Special_BookSources/978-0-8493-8901-6.html]
[en.wikipedia.org/wiki/R.html]
[en.wikipedia.org/wiki/Special_BookSources/978-0-15-683800-9.html]
[en.wikipedia.org/wiki/Carl_Ruck.html]
[en.wikipedia.org/wiki/Blaise_Daniel_Staples.html]
[en.wikipedia.org/wiki/Special_BookSources/978-0-89089-924-3.html]
[en.wikipedia.org/wiki/Special_BookSources/978-0-89281-997-3.html]
[www.theoi.com/Text/HyginusFabulae2.html]
[web.archive.org/web/20130209204358/http_/www.theoi.com/Text/HyginusFabulae2.html]
[www.theoi.com/Text/LucianDialoguesGods1.html]
[web.archive.org/web/20170902094738/http_/www.theoi.com/Text/LucianDialoguesGods1.html]
[en.wikipedia.org/wiki/Special_BookSources/9780872203495]
[en.wikipedia.org/wiki/Special_BookSources/978-0-517-20189-3]
[en.wikipedia.org/wiki/Special_BookSources/978-0-89900875-2]
[en.wikipedia.org/wiki/Special_BookSources/978-1-84593-356-2]
[en.wikipedia.org/wiki/Special_BookSources/978-0-69114012-4]
[en.wikipedia.org/wiki/John_Lloyd_(writer)]
[en.wikipedia.org/wiki/John_Mitchinson_(researcher)]
[web.archive.org/web/20100723170402/http_/www.ces.ncsu.edu/fletcher/programs/nursery/metria/metria11/ranney/index.html]
[en.wikipedia.org/wiki/Special_BookSources/978-0-85199-357-7]
[en.wikipedia.org/wiki/Special_BookSources/978-90-6605-182-9]
[en.wikipedia.org/wiki/The_New_York_Times]
[en.wikipedia.org/wiki/Special_BookSources/978-0-393-03690-9]
[web.archive.org/web/20110803082104/http_/www.nytimes.com/2006/10/25/dining/25fruit.html]
[web.archive.org/web/20080211120700/http_/www.fas.usda.gov/htp2/circular/1998/98-03/applefea.html]
[web.archive.org/web/20170401020516/http_/www.nytimes.com/2010/11/23/science/23qna3094.html]
[en.wikipedia.org/wiki/Special_BookSources/978-1-60529-677-7]
[en.wikipedia.org/wiki/Special_BookSources/9789400740532]
[en.wikipedia.org/wiki/The_Washington_Post]
[web.archive.org/web/20130911051127/http_/www.ces.ncsu.edu/hil/hil-300-a.html]
[en.wikipedia.org/wiki/Special_BookSources/978-0-387-33817-0]
[en.wikipedia.org/wiki/Special_BookSources/978-0375501296]
[en.wikipedia.org/wiki/Special_BookSources/978-0-86547-579-3]
[en.wikipedia.org/wiki/Encyclopædia_Britannica]
[en.wikipedia.org/wiki/Template_Apples]
[en.wikipedia.org/wiki/Template_talk_Apples]
[en.wikipedia.org/wiki/Institute_of_Food_Research]
[en.wikipedia.org/wiki/Malus_niedzwetzkyana]
[en.wikipedia.org/wiki/File_Apples.jpg]
[en.wikipedia.org/wiki/Special_BookSources/978-1-60469-172-6]
[en.wikipedia.org/wiki/Adams_Pearmain]
[en.wikipedia.org/wiki/Akane_(apple)]
[en.wikipedia.org/wiki/Alkmene_(apple)]
[en.wikipedia.org/wiki/Åkerö]
[en.wikipedia.org/wiki/Allington_Pippin]
[en.wikipedia.org/wiki/Anna_(apple)]
[en.wikipedia.org/wiki/Annurca]
[en.wikipedia.org/wiki/Ariane_(apple)]
[en.wikipedia.org/wiki/Arkansas_Black]
[en.wikipedia.org/wiki/Aurora_Golden_Gala]
[en.wikipedia.org/wiki/Ashmead's_Kernel]
[en.wikipedia.org/wiki/Baldwin_(apple)]
[en.wikipedia.org/wiki/Beacon_(apple)]
[en.wikipedia.org/wiki/Beauty_of_Bath]
[en.wikipedia.org/wiki/Bellflower_apple]
[en.wikipedia.org/wiki/Ben_Davis_(apple)]
[en.wikipedia.org/wiki/Birgit_Bonnier]
[en.wikipedia.org/wiki/Brina]
[en.wikipedia.org/wiki/Cameo_(apple)]
[en.wikipedia.org/wiki/Claygate_Pearmain]
[en.wikipedia.org/wiki/Civni_apple]
[en.wikipedia.org/wiki/Clivia_(apple)]
[en.wikipedia.org/wiki/Cornish_Aromatic]
[en.wikipedia.org/wiki/Cornish_Gilliflower]
[en.wikipedia.org/wiki/Cortland_(apple)]
[en.wikipedia.org/wiki/Cosmic_Crisp]
[en.wikipedia.org/wiki/Court_Pendu_Plat]
[en.wikipedia.org/wiki/Crimson_Gold_(apple)]
[en.wikipedia.org/wiki/Cripps_Red]
[en.wikipedia.org/wiki/Delbard_Jubilée]
[en.wikipedia.org/wiki/Delbarestivale]
[en.wikipedia.org/wiki/Delrouval]
[en.wikipedia.org/wiki/Dorsett_Golden]
[en.wikipedia.org/wiki/Dougherty_(apple)]
[en.wikipedia.org/wiki/Duchess_of_Oldenburg_(apple)]
[en.wikipedia.org/wiki/Ellison's_Orange]
[en.wikipedia.org/wiki/Elstar]
[en.wikipedia.org/wiki/Empire_(apple)]
[en.wikipedia.org/wiki/Enterprise_(apple)]
[en.wikipedia.org/wiki/Envy_(apple)]
[en.wikipedia.org/wiki/Esopus_Spitzenburg]
[en.wikipedia.org/wiki/Eva_(apple)]
[en.wikipedia.org/wiki/Fiesta_(apple)]
[en.wikipedia.org/wiki/Filippa_(apple)]
[en.wikipedia.org/wiki/Flamenco_(apple)]
[en.wikipedia.org/wiki/Florina_(apple)]
[en.wikipedia.org/wiki/Ginger_Gold]
[en.wikipedia.org/wiki/Gascoyne's_Scarlet]
[en.wikipedia.org/wiki/Geheimrat_Dr._Oldenburg]
[en.wikipedia.org/wiki/Golden_Orange_(apple)]
[en.wikipedia.org/wiki/Grimes_Golden]
[en.wikipedia.org/wiki/Goldspur]
[en.wikipedia.org/wiki/Ingrid_Marie]
[en.wikipedia.org/wiki/Honeygold]
[en.wikipedia.org/wiki/James_Grieve_(apple)]
[en.wikipedia.org/wiki/Jersey_Black]
[en.wikipedia.org/wiki/Jazz_(apple)]
[en.wikipedia.org/wiki/Jonathan_(apple)]
[en.wikipedia.org/wiki/Jubilee_apple]
[en.wikipedia.org/wiki/Jupiter_(apple)]
[en.wikipedia.org/wiki/Julieta_(apple)]
[en.wikipedia.org/wiki/Karmijn_de_Sonnaville]
[en.wikipedia.org/wiki/Kanzi_(apple)]
[en.wikipedia.org/wiki/Knobby_Russet]
[en.wikipedia.org/wiki/King_of_the_Pippins]
[en.wikipedia.org/wiki/Lady_Alice_(apple)]
[en.wikipedia.org/wiki/Liberty_(apple)]
[en.wikipedia.org/wiki/Laxton's_Superb]
[en.wikipedia.org/wiki/Liveland_Raspberry_apple]
[en.wikipedia.org/wiki/Lodi_(apple)]
[en.wikipedia.org/wiki/Lord_Lambourne_(apple)]
[en.wikipedia.org/wiki/Macoun_apple]
[en.wikipedia.org/wiki/Lucombe's_Seedling]
[en.wikipedia.org/wiki/Melba_(apple)]
[en.wikipedia.org/wiki/Melrose_(apple)]
[en.wikipedia.org/wiki/Mutsu_(apple)]
[en.wikipedia.org/wiki/Newtown_Pippin]
[en.wikipedia.org/wiki/Nicola_(apple)]
[en.wikipedia.org/wiki/Opal_(apple)]
[en.wikipedia.org/wiki/Pam's_Delight]
[en.wikipedia.org/wiki/Pacific_Rose]
[en.wikipedia.org/wiki/Papirovka]
[en.wikipedia.org/wiki/Paula_Red]
[en.wikipedia.org/wiki/Pink_Pearl_(apple)]
[en.wikipedia.org/wiki/Prima_apple]
[en.wikipedia.org/wiki/Pinova]
[en.wikipedia.org/wiki/Pristine_apple]
[en.wikipedia.org/wiki/Rajka_(apple)]
[en.wikipedia.org/wiki/Ralls_Janet]
[en.wikipedia.org/wiki/Rambo_apple]
[en.wikipedia.org/wiki/Red_Astrachan]
[en.wikipedia.org/wiki/Red_Pineapple_(apple)]
[en.wikipedia.org/wiki/Redlove_apples]
[en.wikipedia.org/wiki/Rhode_Island_Greening]
[en.wikipedia.org/wiki/Rome_apple]
[en.wikipedia.org/wiki/Ribston_Pippin]
[en.wikipedia.org/wiki/Roxbury_Russet]
[en.wikipedia.org/wiki/Sandow_(apple)]
[en.wikipedia.org/wiki/Sekai_Ichi]
[en.wikipedia.org/wiki/Spartan_(apple)]
[en.wikipedia.org/wiki/Splendour_(apple)]
[en.wikipedia.org/wiki/Star_of_Devon]
[en.wikipedia.org/wiki/Stayman_(apple)]
[en.wikipedia.org/wiki/Sturmer_Pippin]
[en.wikipedia.org/wiki/Summerfree]
[en.wikipedia.org/wiki/Sunset_(apple)]
[en.wikipedia.org/wiki/Suntan_(apple)]
[en.wikipedia.org/wiki/Taliaferro_(apple)]
[en.wikipedia.org/wiki/SweeTango]
[en.wikipedia.org/wiki/Tartu_Rose]
[en.wikipedia.org/wiki/Tentation]
[en.wikipedia.org/wiki/Topaz_(apple)]
[en.wikipedia.org/wiki/Tompkins_King]
[en.wikipedia.org/wiki/Winesap]
[en.wikipedia.org/wiki/Winston_(apple)]
[en.wikipedia.org/wiki/Worcester_Pearmain]
[en.wikipedia.org/wiki/Wyken_Pippin]
[en.wikipedia.org/wiki/York_Imperial]
[en.wikipedia.org/wiki/Bismarck_(apple)]
[en.wikipedia.org/wiki/Zestar_apple]
[en.wikipedia.org/wiki/Antonovka]
[en.wikipedia.org/wiki/Blenheim_Orange]
[en.wikipedia.org/wiki/Bramley_apple]
[en.wikipedia.org/wiki/Calville_Blanc_d'hiver]
[en.wikipedia.org/wiki/Campanino]
[en.wikipedia.org/wiki/Chelmsford_Wonder]
[en.wikipedia.org/wiki/Creston_(apple)]
[en.wikipedia.org/wiki/Crimson_Bramley]
[en.wikipedia.org/wiki/Flower_of_Kent]
[en.wikipedia.org/wiki/Grenadier_(apple)]
[en.wikipedia.org/wiki/Golden_Noble]
[en.wikipedia.org/wiki/King_Byerd]
[en.wikipedia.org/wiki/Newton_Wonder]
[en.wikipedia.org/wiki/Manks_Codlin]
[en.wikipedia.org/wiki/Reinette_du_Canada]
[en.wikipedia.org/wiki/Norfolk_Biffin]
[en.wikipedia.org/wiki/Upton_Pyne_apple]
[en.wikipedia.org/wiki/White_Transparent]
[en.wikipedia.org/wiki/Wolf_River_(apple)]
[en.wikipedia.org/wiki/Brown_Snout]
[en.wikipedia.org/wiki/Cap_of_Liberty_(apple)]
[en.wikipedia.org/wiki/Chisel_Jersey]
[en.wikipedia.org/wiki/Coccagee]
[en.wikipedia.org/wiki/Crimson_King_(apple)]
[en.wikipedia.org/wiki/Dabinett]
[en.wikipedia.org/wiki/Dufflin_(apple)]
[en.wikipedia.org/wiki/Ellis_Bitter]
[en.wikipedia.org/wiki/Foxwhelp]
[en.wikipedia.org/wiki/Golden_Russet]
[en.wikipedia.org/wiki/Golden_Spire]
[en.wikipedia.org/wiki/Hangdown_(apple)]
[en.wikipedia.org/wiki/Harrison_Cider_Apple]
[en.wikipedia.org/wiki/Major_(cider_apple)]
[en.wikipedia.org/wiki/Michelin_(apple)]
[en.wikipedia.org/wiki/Kingston_Black]
[en.wikipedia.org/wiki/Redstreak]
[en.wikipedia.org/wiki/Slack-ma-Girdle]
[en.wikipedia.org/wiki/Styre]
[en.wikipedia.org/wiki/Tom_Putt_(apple)]
[en.wikipedia.org/wiki/Woodcock_(apple)]
[en.wikipedia.org/wiki/Yarlington_Mill]
[en.wikipedia.org/wiki/Ornamental_plant]
[en.wikipedia.org/wiki/Wijcik_McIntosh]
[en.wikipedia.org/wiki/Apple_chip]
[en.wikipedia.org/wiki/Apple_cider_vinegar]
[en.wikipedia.org/wiki/Apple_strudel]
[en.wikipedia.org/wiki/Applejack_(drink)]
[en.wikipedia.org/wiki/Caramel_apple]
[en.wikipedia.org/wiki/Calvados]
[en.wikipedia.org/wiki/Himmel_und_Erde]
[en.wikipedia.org/wiki/Ice_cider]
[en.wikipedia.org/wiki/Jewish_apple_cake]
[en.wikipedia.org/wiki/Apple_picking]
[en.wikipedia.org/wiki/Pommeau]
[en.wikipedia.org/wiki/Gymnosporangium_juniperi-virginianae]
[en.wikipedia.org/wiki/Pearmain]
[en.wikipedia.org/wiki/Pome]
[en.wikipedia.org/wiki/PRI_disease_resistant_apple_breeding_program]
[en.wikipedia.org/wiki/US_Apple_Association]
[en.wikipedia.org/wiki/Category_Apple_production]
[en.wikipedia.org/wiki/Category_Apples]
[en.wikipedia.org/wiki/Category_Apple_cultivars]
[en.wikipedia.org/wiki/Template_Crabapple]
[en.wikipedia.org/wiki/Template_talk_Crabapple]
[en.wikipedia.org/wiki/Variety_(botany)]
[en.wikipedia.org/wiki/Malus_angustifolia]
[en.wikipedia.org/wiki/Malus_asiatica]
[en.wikipedia.org/wiki/Species]
[en.wikipedia.org/wiki/Malus_baccata]
[en.wikipedia.org/wiki/Malus_brevipes]
[en.wikipedia.org/wiki/Malus_bracteata]
[en.wikipedia.org/wiki/Malus_doumeri]
[en.wikipedia.org/wiki/Malus_'Evereste']
[en.wikipedia.org/wiki/Malus_coronaria]
[en.wikipedia.org/wiki/Malus_florentina]
[en.wikipedia.org/wiki/Malus_glabrata]
[en.wikipedia.org/wiki/Malus_floribunda]
[en.wikipedia.org/wiki/Malus_fusca]
[en.wikipedia.org/wiki/Malus_glaucescens]
[en.wikipedia.org/wiki/Malus_halliana]
[en.wikipedia.org/wiki/Malus_honanensis]
[en.wikipedia.org/wiki/Malus_ioensis]
[en.wikipedia.org/wiki/Malus_hupehensis]
[en.wikipedia.org/wiki/Malus_kansuensis]
[en.wikipedia.org/wiki/Malus_lancifolia]
[en.wikipedia.org/wiki/Malus_×_micromalus]
[en.wikipedia.org/wiki/Malus_niedzwetskyana]
[en.wikipedia.org/wiki/Malus_prattii]
[en.wikipedia.org/wiki/Malus_rockii]
[en.wikipedia.org/wiki/Malus_prunifolia]
[en.wikipedia.org/wiki/Malus_sargentii]
[en.wikipedia.org/wiki/Malus_sieboldii]
[en.wikipedia.org/wiki/Malus_sikkimensis]
[en.wikipedia.org/wiki/Malus_sublobata]
[en.wikipedia.org/wiki/Malus_spectabilis]
[en.wikipedia.org/wiki/Malus_toringoides]
[en.wikipedia.org/wiki/Malus_transitoria]
[en.wikipedia.org/wiki/Malus_trilobata]
[en.wikipedia.org/wiki/Malus_tschonoskii]
[en.wikipedia.org/wiki/File_Crab_apples_by_the_roadside_-_geograph.org.uk_-_978786.jpg]
[en.wikipedia.org/wiki/Malus_yunnanensis]
[en.wikipedia.org/wiki/File_Malus_sylvestris_005.JPG]
[en.wikipedia.org/wiki/Help_Taxon_identifiers]
[en.wikipedia.org/wiki/Wikidata]
[en.wikipedia.org/wiki/Wikispecies]
[en.wikipedia.org/wiki/Australian_Plant_Name_Index]
[en.wikipedia.org/wiki/European_Nature_Information_System]
[en.wikipedia.org/wiki/Encyclopedia_of_Life]
[en.wikipedia.org/wiki/EPPO_Code]
[en.wikipedia.org/wiki/Global_Biodiversity_Information_Facility]
[en.wikipedia.org/wiki/Germplasm_Resources_Information_Network]
[en.wikipedia.org/wiki/Flora_of_China]
[en.wikipedia.org/wiki/International_Plant_Names_Index]
[en.wikipedia.org/wiki/Integrated_Taxonomic_Information_System]
[en.wikipedia.org/wiki/INaturalist]
[en.wikipedia.org/wiki/National_Biodiversity_Network]
[en.wikipedia.org/wiki/Plants_for_a_Future]
[en.wikipedia.org/wiki/National_Center_for_Biotechnology_Information]
[en.wikipedia.org/wiki/The_Plant_List]
[en.wikipedia.org/wiki/Portal_Crabapples]
[en.wikipedia.org/wiki/Tropicos]
[en.wikipedia.org/wiki/Natural_Resources_Conservation_Service]
[en.wikipedia.org/wiki/National_Herbarium_of_Victoria]
[en.wikipedia.org/wiki/Plants_of_the_World_Online]
[en.wikipedia.org/wiki/Category_Cyanide-containing_foods]
[en.wikipedia.org/wiki/Category_Malus]
[en.wikipedia.org/wiki/Category_Fruits_originating_in_Asia]
[en.wikipedia.org/wiki/Category_Plants_described_in_1768]
[en.wikipedia.org/wiki/Category_CS1_Spanish-language_sources_(es)]
[en.wikipedia.org/wiki/Category_Webarchive_template_wayback_links]
[en.wikipedia.org/wiki/Category_Articles_to_be_merged_from_December_2018]
[en.wikipedia.org/wiki/Category_All_articles_to_be_merged]
[en.wikipedia.org/wiki/Category_Use_dmy_dates_from_October_2017]
[en.wikipedia.org/wiki/Category_Good_articles.html]
[en.wikipedia.org/wiki/Category_Articles_with_'species'_microformats]
[en.wikipedia.org/wiki/Category_All_accuracy_disputes]
[en.wikipedia.org/wiki/Category_Articles_with_disputed_statements_from_December_2017]
[en.wikipedia.org/wiki/Category_All_pages_needing_factual_verification]
[en.wikipedia.org/wiki/Category_Wikipedia_articles_needing_factual_verification_from_December_2017]
[en.wikipedia.org/wiki/Category_Commons_category_link_is_on_Wikidata]
[en.wikipedia.org/wiki/Category_Articles_with_Encyclopædia_Britannica_links]
[en.wikipedia.org/wiki/Category_Taxonbars_desynced_from_Wikidata]
[en.wikipedia.org/wiki/Category_Taxonbars_using_multiple_manual_Wikidata_items]
[en.wikipedia.org/wiki/Category_Taxonbars_on_possible_non-taxon_pages]
[en.wikipedia.org/wiki/Category_Taxonbars_with_20–24_taxon_IDs]
[en.wikipedia.org/wiki/Category_Wikipedia_articles_with_NDL_identifiers.html]
[en.wikipedia.org/wiki/Special_MyTalk.html]
[en.wikipedia.org/wiki/Special_MyContributions.html]
[en.wikipedia.org/wiki/Portal_Current_events.html]
[en.wikipedia.org/wiki/Wikipedia_Community_portal.html]
[en.wikipedia.org/wiki/Special_RecentChanges.html]
[en.wikipedia.org/wiki/Special_WhatLinksHere/Apple]
[en.wikipedia.org/wiki/Special_RecentChangesLinked/Apple]
[en.wikipedia.org/wiki/Wikipedia_File_Upload_Wizard.html]
[en.wikipedia.org/wiki/Special_SpecialPages.html]
[en.wikipedia.org/wiki/Wikipedia_General_disclaimer.html]
[web.archive.org/web/20170902094738/http_/www.theoi.com/Text/LucianDialoguesGods1.html]
[en.wikipedia.org/wiki/Special_BookSources/9780872203495]
[en.wikipedia.org/wiki/Special_BookSources/978-0-517-20189-3]
[en.wikipedia.org/wiki/OCLC.html]
[en.wikipedia.org/wiki/Special_BookSources/978-0-89900875-2]
[en.wikipedia.org/wiki/Special_BookSources/978-0-69114012-4]
[en.wikipedia.org/wiki/Special_BookSources/978-1-84593-356-2]
[web.archive.org/web/20080211120700/http_/www.fas.usda.gov/htp2/circular/1998/98-03/applefea.html]
[en.wikipedia.org/wiki/John_Lloyd_(writer)]
[en.wikipedia.org/wiki/John_Mitchinson_(researcher)]
[web.archive.org/web/20100723170402/http_/www.ces.ncsu.edu/fletcher/programs/nursery/metria/metria11/ranney/index.html]
[web.archive.org/web/20130911051127/http_/www.ces.ncsu.edu/hil/hil-300-a.html]
[en.wikipedia.org/wiki/Special_BookSources/978-0-85199-357-7]
[en.wikipedia.org/wiki/Special_BookSources/978-90-6605-182-9]
[en.wikipedia.org/wiki/Special_BookSources/978-0-393-03690-9]
[en.wikipedia.org/wiki/The_New_York_Times]
[web.archive.org/web/20110803082104/http_/www.nytimes.com/2006/10/25/dining/25fruit.html]
[en.wikipedia.org/wiki/Special_BookSources/978-1-60529-677-7]
[en.wikipedia.org/wiki/Special_BookSources/9789400740532]
[web.archive.org/web/20170401020516/http_/www.nytimes.com/2010/11/23/science/23qna3094.html]
[en.wikipedia.org/wiki/The_Washington_Post]
[en.wikipedia.org/wiki/International_Standard_Serial_Number.html]
[en.wikipedia.org/wiki/Special_BookSources/978-0-387-33817-0]
[en.wikipedia.org/wiki/Special_BookSources/978-0375501296]
[en.wikipedia.org/wiki/Special_BookSources/978-0-86547-579-3]
[en.wikipedia.org/wiki/Special_BookSources/978-1-60469-172-6]
[en.wikipedia.org/wiki/Encyclopædia_Britannica]
[en.wikipedia.org/wiki/Institute_of_Food_Research]
[en.wikipedia.org/wiki/Template_Apples]
[en.wikipedia.org/wiki/Template_talk_Apples]
[en.wikipedia.org/wiki/Malus_niedzwetzkyana]
[en.wikipedia.org/wiki/File_Apples.jpg]
[en.wikipedia.org/wiki/Adams_Pearmain]
[en.wikipedia.org/wiki/Akane_(apple)]
[en.wikipedia.org/wiki/Åkerö]
[en.wikipedia.org/wiki/Alkmene_(apple)]
[en.wikipedia.org/wiki/Allington_Pippin]
[en.wikipedia.org/wiki/Anna_(apple)]
[en.wikipedia.org/wiki/Annurca]
[en.wikipedia.org/wiki/Ariane_(apple)]
[en.wikipedia.org/wiki/Arkansas_Black]
[en.wikipedia.org/wiki/Ashmead's_Kernel]
[en.wikipedia.org/wiki/Aurora_Golden_Gala]
[en.wikipedia.org/wiki/Baldwin_(apple)]
[en.wikipedia.org/wiki/Beacon_(apple)]
[en.wikipedia.org/wiki/Beauty_of_Bath]
[en.wikipedia.org/wiki/Bellflower_apple]
[en.wikipedia.org/wiki/Ben_Davis_(apple)]
[en.wikipedia.org/wiki/Birgit_Bonnier]
[en.wikipedia.org/wiki/Brina]
[en.wikipedia.org/wiki/Cameo_(apple)]
[en.wikipedia.org/wiki/Civni_apple]
[en.wikipedia.org/wiki/Claygate_Pearmain]
[en.wikipedia.org/wiki/Clivia_(apple)]
[en.wikipedia.org/wiki/Cornish_Aromatic]
[en.wikipedia.org/wiki/Cornish_Gilliflower]
[en.wikipedia.org/wiki/Cortland_(apple)]
[en.wikipedia.org/wiki/Cosmic_Crisp]
[en.wikipedia.org/wiki/Court_Pendu_Plat]
[en.wikipedia.org/wiki/Crimson_Gold_(apple)]
[en.wikipedia.org/wiki/Cripps_Red]
[en.wikipedia.org/wiki/Delbard_Jubilée]
[en.wikipedia.org/wiki/Delbarestivale]
[en.wikipedia.org/wiki/Delrouval]
[en.wikipedia.org/wiki/Dorsett_Golden]
[en.wikipedia.org/wiki/Dougherty_(apple)]
[en.wikipedia.org/wiki/Duchess_of_Oldenburg_(apple)]
[en.wikipedia.org/wiki/Ellison's_Orange]
[en.wikipedia.org/wiki/Elstar]
[en.wikipedia.org/wiki/Empire_(apple)]
[en.wikipedia.org/wiki/Enterprise_(apple)]
[en.wikipedia.org/wiki/Envy_(apple)]
[en.wikipedia.org/wiki/Esopus_Spitzenburg]
[en.wikipedia.org/wiki/Eva_(apple)]
[en.wikipedia.org/wiki/Fiesta_(apple)]
[en.wikipedia.org/wiki/Filippa_(apple)]
[en.wikipedia.org/wiki/Flamenco_(apple)]
[en.wikipedia.org/wiki/Florina_(apple)]
[en.wikipedia.org/wiki/Gascoyne's_Scarlet]
[en.wikipedia.org/wiki/Geheimrat_Dr._Oldenburg]
[en.wikipedia.org/wiki/Ginger_Gold]
[en.wikipedia.org/wiki/Golden_Orange_(apple)]
[en.wikipedia.org/wiki/Goldspur]
[en.wikipedia.org/wiki/Grimes_Golden]
[en.wikipedia.org/wiki/Honeygold]
[en.wikipedia.org/wiki/Ingrid_Marie]
[en.wikipedia.org/wiki/James_Grieve_(apple)]
[en.wikipedia.org/wiki/Jazz_(apple)]
[en.wikipedia.org/wiki/Jersey_Black]
[en.wikipedia.org/wiki/Jonathan_(apple)]
[en.wikipedia.org/wiki/Jubilee_apple]
[en.wikipedia.org/wiki/Julieta_(apple)]
[en.wikipedia.org/wiki/Jupiter_(apple)]
[en.wikipedia.org/wiki/Kanzi_(apple)]
[en.wikipedia.org/wiki/Karmijn_de_Sonnaville]
[en.wikipedia.org/wiki/King_of_the_Pippins]
[en.wikipedia.org/wiki/Knobby_Russet]
[en.wikipedia.org/wiki/Lady_Alice_(apple)]
[en.wikipedia.org/wiki/Laxton's_Superb]
[en.wikipedia.org/wiki/Liberty_(apple)]
[en.wikipedia.org/wiki/Liveland_Raspberry_apple]
[en.wikipedia.org/wiki/Lodi_(apple)]
[en.wikipedia.org/wiki/Lord_Lambourne_(apple)]
[en.wikipedia.org/wiki/Lucombe's_Seedling]
[en.wikipedia.org/wiki/Macoun_apple]
[en.wikipedia.org/wiki/Melba_(apple)]
[en.wikipedia.org/wiki/Melrose_(apple)]
[en.wikipedia.org/wiki/Mutsu_(apple)]
[en.wikipedia.org/wiki/Newtown_Pippin]
[en.wikipedia.org/wiki/Nicola_(apple)]
[en.wikipedia.org/wiki/Opal_(apple)]
[en.wikipedia.org/wiki/Pacific_Rose]
[en.wikipedia.org/wiki/Pam's_Delight]
[en.wikipedia.org/wiki/Papirovka]
[en.wikipedia.org/wiki/Paula_Red]
[en.wikipedia.org/wiki/Pink_Pearl_(apple)]
[en.wikipedia.org/wiki/Pinova]
[en.wikipedia.org/wiki/Prima_apple]
[en.wikipedia.org/wiki/Pristine_apple]
[en.wikipedia.org/wiki/Rajka_(apple)]
[en.wikipedia.org/wiki/Ralls_Janet]
[en.wikipedia.org/wiki/Rambo_apple]
[en.wikipedia.org/wiki/Red_Astrachan]
[en.wikipedia.org/wiki/Red_Pineapple_(apple)]
[en.wikipedia.org/wiki/Redlove_apples]
[en.wikipedia.org/wiki/Rhode_Island_Greening]
[en.wikipedia.org/wiki/Ribston_Pippin]
[en.wikipedia.org/wiki/Rome_apple]
[en.wikipedia.org/wiki/Roxbury_Russet]
[en.wikipedia.org/wiki/Sandow_(apple)]
[en.wikipedia.org/wiki/Sekai_Ichi]
[en.wikipedia.org/wiki/Spartan_(apple)]
[en.wikipedia.org/wiki/Splendour_(apple)]
[en.wikipedia.org/wiki/Star_of_Devon]
[en.wikipedia.org/wiki/Stayman_(apple)]
[en.wikipedia.org/wiki/Sturmer_Pippin]
[en.wikipedia.org/wiki/Summerfree]
[en.wikipedia.org/wiki/Sunset_(apple)]
[en.wikipedia.org/wiki/Suntan_(apple)]
[en.wikipedia.org/wiki/SweeTango]
[en.wikipedia.org/wiki/Taliaferro_(apple)]
[en.wikipedia.org/wiki/Tartu_Rose]
[en.wikipedia.org/wiki/Tentation]
[en.wikipedia.org/wiki/Tompkins_King]
[en.wikipedia.org/wiki/Topaz_(apple)]
[en.wikipedia.org/wiki/Winesap]
[en.wikipedia.org/wiki/Winston_(apple)]
[en.wikipedia.org/wiki/Worcester_Pearmain]
[en.wikipedia.org/wiki/Wyken_Pippin]
[en.wikipedia.org/wiki/York_Imperial]
[en.wikipedia.org/wiki/Zestar_apple]
[en.wikipedia.org/wiki/Antonovka]
[en.wikipedia.org/wiki/Bismarck_(apple)]
[en.wikipedia.org/wiki/Blenheim_Orange]
[en.wikipedia.org/wiki/Bramley_apple]
[en.wikipedia.org/wiki/Calville_Blanc_d'hiver]
[en.wikipedia.org/wiki/Campanino]
[en.wikipedia.org/wiki/Chelmsford_Wonder]
[en.wikipedia.org/wiki/Creston_(apple)]
[en.wikipedia.org/wiki/Crimson_Bramley]
[en.wikipedia.org/wiki/Flower_of_Kent]
[en.wikipedia.org/wiki/Golden_Noble]
[en.wikipedia.org/wiki/Grenadier_(apple)]
[en.wikipedia.org/wiki/King_Byerd]
[en.wikipedia.org/wiki/Manks_Codlin]
[en.wikipedia.org/wiki/Newton_Wonder]
[en.wikipedia.org/wiki/Norfolk_Biffin]
[en.wikipedia.org/wiki/Reinette_du_Canada]
[en.wikipedia.org/wiki/Upton_Pyne_apple]
[en.wikipedia.org/wiki/White_Transparent]
[en.wikipedia.org/wiki/Wolf_River_(apple)]
[en.wikipedia.org/wiki/Brown_Snout]
[en.wikipedia.org/wiki/Cap_of_Liberty_(apple)]
[en.wikipedia.org/wiki/Chisel_Jersey]
[en.wikipedia.org/wiki/Coccagee]
[en.wikipedia.org/wiki/Crimson_King_(apple)]
[en.wikipedia.org/wiki/Dabinett]
[en.wikipedia.org/wiki/Dufflin_(apple)]
[en.wikipedia.org/wiki/Ellis_Bitter]
[en.wikipedia.org/wiki/Foxwhelp]
[en.wikipedia.org/wiki/Golden_Russet]
[en.wikipedia.org/wiki/Golden_Spire]
[en.wikipedia.org/wiki/Hangdown_(apple)]
[en.wikipedia.org/wiki/Harrison_Cider_Apple]
[en.wikipedia.org/wiki/Kingston_Black]
[en.wikipedia.org/wiki/Major_(cider_apple)]
[en.wikipedia.org/wiki/Michelin_(apple)]
[en.wikipedia.org/wiki/Redstreak]
[en.wikipedia.org/wiki/Slack-ma-Girdle]
[en.wikipedia.org/wiki/Styre]
[en.wikipedia.org/wiki/Tom_Putt_(apple)]
[en.wikipedia.org/wiki/Woodcock_(apple)]
[en.wikipedia.org/wiki/Yarlington_Mill]
[en.wikipedia.org/wiki/Ornamental_plant]
[en.wikipedia.org/wiki/Wijcik_McIntosh]
[en.wikipedia.org/wiki/Apple_chip]
[en.wikipedia.org/wiki/Apple_cider_vinegar]
[en.wikipedia.org/wiki/Apple_strudel]
[en.wikipedia.org/wiki/Applejack_(drink)]
[en.wikipedia.org/wiki/Calvados]
[en.wikipedia.org/wiki/Caramel_apple]
[en.wikipedia.org/wiki/Himmel_und_Erde]
[en.wikipedia.org/wiki/Ice_cider]
[en.wikipedia.org/wiki/Jewish_apple_cake]
[en.wikipedia.org/wiki/Pommeau]
[en.wikipedia.org/wiki/Apple_picking]
[en.wikipedia.org/wiki/Gymnosporangium_juniperi-virginianae]
[en.wikipedia.org/wiki/Pearmain]
[en.wikipedia.org/wiki/Pome]
[en.wikipedia.org/wiki/PRI_disease_resistant_apple_breeding_program]
[en.wikipedia.org/wiki/US_Apple_Association]
[en.wikipedia.org/wiki/Category_Apples]
[en.wikipedia.org/wiki/Category_Apple_cultivars]
[en.wikipedia.org/wiki/Category_Apple_production]
[en.wikipedia.org/wiki/Template_Crabapple]
[en.wikipedia.org/wiki/Template_talk_Crabapple]
[en.wikipedia.org/wiki/Species]
[en.wikipedia.org/wiki/Variety_(botany)]
[en.wikipedia.org/wiki/Malus_angustifolia]
[en.wikipedia.org/wiki/Malus_asiatica]
[en.wikipedia.org/wiki/Malus_baccata]
[en.wikipedia.org/wiki/Malus_bracteata]
[en.wikipedia.org/wiki/Malus_brevipes]
[en.wikipedia.org/wiki/Malus_coronaria]
[en.wikipedia.org/wiki/Malus_doumeri]
[en.wikipedia.org/wiki/Malus_'Evereste']
[en.wikipedia.org/wiki/Malus_florentina]
[en.wikipedia.org/wiki/Malus_floribunda]
[en.wikipedia.org/wiki/Malus_fusca]
[en.wikipedia.org/wiki/Malus_glabrata]
[en.wikipedia.org/wiki/Malus_glaucescens]
[en.wikipedia.org/wiki/Malus_halliana]
[en.wikipedia.org/wiki/Malus_honanensis]
[en.wikipedia.org/wiki/Malus_hupehensis]
[en.wikipedia.org/wiki/Malus_ioensis]
[en.wikipedia.org/wiki/Malus_kansuensis]
[en.wikipedia.org/wiki/Malus_lancifolia]
[en.wikipedia.org/wiki/Malus_×_micromalus]
[en.wikipedia.org/wiki/Malus_niedzwetskyana]
[en.wikipedia.org/wiki/Malus_prattii]
[en.wikipedia.org/wiki/Malus_prunifolia]
[en.wikipedia.org/wiki/Malus_rockii]
[en.wikipedia.org/wiki/Malus_sargentii]
[en.wikipedia.org/wiki/Malus_sieboldii]
[en.wikipedia.org/wiki/Malus_sikkimensis]
[en.wikipedia.org/wiki/Malus_spectabilis]
[en.wikipedia.org/wiki/Malus_sublobata]
[en.wikipedia.org/wiki/Malus_toringoides]
[en.wikipedia.org/wiki/Malus_transitoria]
[en.wikipedia.org/wiki/Malus_trilobata]
[en.wikipedia.org/wiki/Malus_tschonoskii]
[en.wikipedia.org/wiki/Malus_yunnanensis]
[en.wikipedia.org/wiki/File_Crab_apples_by_the_roadside_-_geograph.org.uk_-_978786.jpg]
[en.wikipedia.org/wiki/File_Malus_sylvestris_005.JPG]
[en.wikipedia.org/wiki/Portal_Crabapples]
[en.wikipedia.org/wiki/Help_Taxon_identifiers]
[en.wikipedia.org/wiki/Wikidata]
[en.wikipedia.org/wiki/Wikispecies]
[en.wikipedia.org/wiki/Australian_Plant_Name_Index]
[en.wikipedia.org/wiki/Encyclopedia_of_Life]
[en.wikipedia.org/wiki/EPPO_Code]
[en.wikipedia.org/wiki/European_Nature_Information_System]
[en.wikipedia.org/wiki/Flora_of_China]
[en.wikipedia.org/wiki/Global_Biodiversity_Information_Facility]
[en.wikipedia.org/wiki/Germplasm_Resources_Information_Network]
[en.wikipedia.org/wiki/INaturalist]
[en.wikipedia.org/wiki/International_Plant_Names_Index]
[en.wikipedia.org/wiki/Integrated_Taxonomic_Information_System]
[en.wikipedia.org/wiki/National_Biodiversity_Network]
[en.wikipedia.org/wiki/National_Center_for_Biotechnology_Information]
[en.wikipedia.org/wiki/Plants_for_a_Future]
[en.wikipedia.org/wiki/The_Plant_List]
[en.wikipedia.org/wiki/Natural_Resources_Conservation_Service]
[en.wikipedia.org/wiki/Tropicos]
[en.wikipedia.org/wiki/National_Herbarium_of_Victoria]
[en.wikipedia.org/wiki/Plants_of_the_World_Online]
[en.wikipedia.org/wiki/Help_Authority_control.html]
[en.wikipedia.org/wiki/National_Archives_and_Records_Administration.html]
[en.wikipedia.org/wiki/National_Diet_Library.html]
[en.wikipedia.org/wiki/Special_CentralAutoLogin/starte375]
[en.wikipedia.org/wiki/Help_Category.html]
[en.wikipedia.org/wiki/Category_Cyanide-containing_foods]
[en.wikipedia.org/wiki/Category_Malus]
[en.wikipedia.org/wiki/Category_Fruits_originating_in_Asia]
[en.wikipedia.org/wiki/Category_Plants_described_in_1768]
[en.wikipedia.org/wiki/Category_Webarchive_template_wayback_links]
[en.wikipedia.org/wiki/Category_CS1_Spanish-language_sources_(es)]
[en.wikipedia.org/wiki/Category_Wikipedia_indefinitely_semi-protected_pages.html]
[en.wikipedia.org/wiki/Category_Wikipedia_indefinitely_move-protected_pages.html]
[en.wikipedia.org/wiki/Category_Articles_to_be_merged_from_December_2018]
[en.wikipedia.org/wiki/Category_All_articles_to_be_merged]
[en.wikipedia.org/wiki/Category_Articles_with_short_description.html]
[en.wikipedia.org/wiki/Category_Use_dmy_dates_from_October_2017]
[en.wikipedia.org/wiki/Category_Good_articles.html]
[en.wikipedia.org/wiki/Category_Articles_with_'species'_microformats]
[en.wikipedia.org/wiki/Category_All_accuracy_disputes]
[en.wikipedia.org/wiki/Category_Articles_with_disputed_statements_from_December_2017]
[en.wikipedia.org/wiki/Category_All_pages_needing_factual_verification]
[en.wikipedia.org/wiki/Category_Wikipedia_articles_needing_factual_verification_from_December_2017]
[en.wikipedia.org/wiki/Category_Commons_category_link_is_on_Wikidata]
[en.wikipedia.org/wiki/Category_Articles_with_Encyclopædia_Britannica_links]
[en.wikipedia.org/wiki/Category_Taxonbars_desynced_from_Wikidata]
[en.wikipedia.org/wiki/Category_Taxonbars_using_multiple_manual_Wikidata_items]
[en.wikipedia.org/wiki/Category_Taxonbars_on_possible_non-taxon_pages]
[en.wikipedia.org/wiki/Category_Taxonbars_with_20–24_taxon_IDs]
[en.wikipedia.org/wiki/Category_Wikipedia_articles_with_NARA_identifiers.html]
[en.wikipedia.org/wiki/Category_Wikipedia_articles_with_NDL_identifiers.html]
[en.wikipedia.org/wiki/Special_MyTalk.html]
[en.wikipedia.org/wiki/Special_MyContributions.html]
[en.wikipedia.org/wiki/Main_Page.html]
[en.wikipedia.org/wiki/Portal_Contents.html]
[en.wikipedia.org/wiki/Portal_Featured_content.html]
[en.wikipedia.org/wiki/Portal_Current_events.html]
[en.wikipedia.org/wiki/Special_Random]
[en.wikipedia.org/wiki/Help_Contents.html]
[en.wikipedia.org/wiki/Wikipedia_About.html]
[en.wikipedia.org/wiki/Wikipedia_Community_portal.html]
[en.wikipedia.org/wiki/Special_RecentChanges.html]
[en.wikipedia.org/wiki/Wikipedia_Contact_us]
[en.wikipedia.org/wiki/Special_WhatLinksHere/Apple]
[en.wikipedia.org/wiki/Special_RecentChangesLinked/Apple]
[en.wikipedia.org/wiki/Wikipedia_File_Upload_Wizard.html]
[en.wikipedia.org/wiki/Special_SpecialPages.html]
[en.wikipedia.org/wiki/Wikipedia_Text_of_Creative_Commons_Attribution-ShareAlike_3.0_Unported_License]
[en.wikipedia.org/wiki/Wikipedia_General_disclaimer.html]
[www.fas.usda.gov/htp2/circular/1998/98-03/applefea.html]
[www.ces.ncsu.edu/fletcher/programs/nursery/metria/metria11/ranney/index.html]
[www.ces.ncsu.edu/fletcher/programs/nursery/metria/metria11/index.html]
[www.ces.ncsu.edu/hil/hil-300-a.html]
[www.nytimes.com/2006/10/25/dining/25fruit.html]
[www.nytimes.com/2010/11/23/science/23qna3094.html]
