[backblue.gif]
[fade.gif]
[index.html]
[www.googletagmanager.com/gtag/js1872]
[tutorial.math.lamar.edu/css/jquery.mmenu.all.css]
[tutorial.math.lamar.edu/FA/css/fontawesome-all.min.css]
[tutorial.math.lamar.edu/css/notes-all.css]
[cdnjs.cloudflare.com/ajax/libs/mathjax/2.7.2/MathJax2ba6.js]
[code.jquery.com/jquery-3.2.1.min.js]
[tutorial.math.lamar.edu/js/jquery.mmenu.all.js]
[tutorial.math.lamar.edu/js/jquery.dropdown.js]
[tutorial.math.lamar.edu/js/notes-all.js]
[tutorial.math.lamar.edu/Classes/CalcI/DiffFormulas_Files/image001.png]
[tutorial.math.lamar.edu/Classes/CalcI/DiffFormulas_Files/image002.png]
[tutorial.math.lamar.edu/Classes/CalcI/DiffFormulas.html]
[tutorial.math.lamar.edu/css/jquery.mmenu.all.css]
[tutorial.math.lamar.edu/css/jquery.dropdown.css]
[tutorial.math.lamar.edu/FA/css/fontawesome-all.min.css]
[tutorial.math.lamar.edu/css/notes-all.css]
[tutorial.math.lamar.edu/css/notes-google.css]
[tutorial.math.lamar.edu/css/notes-mmenu.css]
[tutorial.math.lamar.edu/css/notes-dropdown.css]
[cse.google.com/cse07b6.html]
[tutorial.math.lamar.edu/index.html]
[tutorial.math.lamar.edu/Problems/CalcI/DiffFormulas.html]
[tutorial.math.lamar.edu/ProblemsNS/CalcI/DiffFormulas.html]
[tutorial.math.lamar.edu/Classes/CalcI/DerivativeInterp.html]
[tutorial.math.lamar.edu/Classes/CalcI/ProductQuotientRule.html]
[tutorial.math.lamar.edu/Classes/CalcI/limitsIntro.html]
[tutorial.math.lamar.edu/Classes/CalcI/DerivAppsIntro.html]
[tutorial.math.lamar.edu/Classes/Alg/Alg.html]
[tutorial.math.lamar.edu/Classes/CalcII/CalcII.html]
[tutorial.math.lamar.edu/Classes/CalcIII/CalcIII.html]
[tutorial.math.lamar.edu/Classes/DE/DE.html]
[tutorial.math.lamar.edu/Extras/AlgebraTrigReview/AlgebraTrig.html]
[tutorial.math.lamar.edu/Extras/CommonErrors/CommonMathErrors.html]
[tutorial.math.lamar.edu/Extras/ComplexPrimer/ComplexNumbers.html]
[tutorial.math.lamar.edu/Extras/StudyMath/HowToStudyMath.html]
[tutorial.math.lamar.edu/Extras/CheatSheets_Tables.html]
[tutorial.math.lamar.edu/mathjax.html]
[tutorial.math.lamar.edu/mystudents.html]
[tutorial.math.lamar.edu/DownloadURLs0e67.html]
[tutorial.math.lamar.edu/Classes/Alg/Preliminaries.html]
[tutorial.math.lamar.edu/Classes/Alg/IntegerExponents.html]
[tutorial.math.lamar.edu/Classes/Alg/RationalExponents.html]
[tutorial.math.lamar.edu/Classes/Alg/Radicals.html]
[tutorial.math.lamar.edu/Classes/Alg/Polynomials.html]
[tutorial.math.lamar.edu/Classes/Alg/Factoring.html]
[tutorial.math.lamar.edu/Classes/Alg/RationalExpressions.html]
[tutorial.math.lamar.edu/Classes/Alg/ComplexNumbers.html]
[tutorial.math.lamar.edu/Classes/Alg/Solving.html]
[tutorial.math.lamar.edu/Classes/Alg/SolutionSets.html]
[tutorial.math.lamar.edu/Classes/Alg/SolveLinearEqns.html]
[tutorial.math.lamar.edu/Classes/Alg/LinearApps.html]
[tutorial.math.lamar.edu/Classes/Alg/SolveMultiVariable.html]
[tutorial.math.lamar.edu/Classes/Alg/SolveQuadraticEqnsI.html]
[tutorial.math.lamar.edu/Classes/Alg/SolveQuadraticEqnsII.html]
[tutorial.math.lamar.edu/Classes/Alg/SolveQuadraticEqnSummary.html]
[tutorial.math.lamar.edu/Classes/Alg/QuadraticApps.html]
[tutorial.math.lamar.edu/Classes/Alg/ReducibleToQuadratic.html]
[tutorial.math.lamar.edu/Classes/Alg/SolveRadicalEqns.html]
[tutorial.math.lamar.edu/Classes/Alg/SolveLinearInequalities.html]
[tutorial.math.lamar.edu/Classes/Alg/SolvePolyInequalities.html]
[tutorial.math.lamar.edu/Classes/Alg/SolveRationalInequalities.html]
[tutorial.math.lamar.edu/Classes/Alg/SolveAbsValueEqns.html]
[tutorial.math.lamar.edu/Classes/Alg/SolveAbsValueIneq.html]
[tutorial.math.lamar.edu/Classes/Alg/Graphing_Functions.html]
[tutorial.math.lamar.edu/Classes/Alg/Graphing.html]
[tutorial.math.lamar.edu/Classes/Alg/Lines.html]
[tutorial.math.lamar.edu/Classes/Alg/Circles.html]
[tutorial.math.lamar.edu/Classes/Alg/FunctionDefn.html]
[tutorial.math.lamar.edu/Classes/Alg/GraphFunctions.html]
[tutorial.math.lamar.edu/Classes/Alg/CombineFunctions.html]
[tutorial.math.lamar.edu/Classes/Alg/InverseFunctions.html]
[tutorial.math.lamar.edu/Classes/Alg/CommonGraphs.html]
[tutorial.math.lamar.edu/Classes/Alg/Lines_Circles_PWF.html]
[tutorial.math.lamar.edu/Classes/Alg/Parabolas.html]
[tutorial.math.lamar.edu/Classes/Alg/Ellipses.html]
[tutorial.math.lamar.edu/Classes/Alg/Hyperbolas.html]
[tutorial.math.lamar.edu/Classes/Alg/MiscFunctions.html]
[tutorial.math.lamar.edu/Classes/Alg/Transformations.html]
[tutorial.math.lamar.edu/Classes/Alg/Symmetry.html]
[tutorial.math.lamar.edu/Classes/Alg/GraphRationalFcns.html]
[tutorial.math.lamar.edu/Classes/Alg/PolynomialFunctions.html]
[tutorial.math.lamar.edu/Classes/Alg/DividingPolynomials.html]
[tutorial.math.lamar.edu/Classes/Alg/ZeroesOfPolynomials.html]
[tutorial.math.lamar.edu/Classes/Alg/GraphingPolynomials.html]
[tutorial.math.lamar.edu/Classes/Alg/FindingZeroesOfPolynomials.html]
[tutorial.math.lamar.edu/Classes/Alg/PartialFractions.html]
[tutorial.math.lamar.edu/Classes/Alg/ExpAndLog.html]
[tutorial.math.lamar.edu/Classes/Alg/ExpFunctions.html]
[tutorial.math.lamar.edu/Classes/Alg/LogFunctions.html]
[tutorial.math.lamar.edu/Classes/Alg/SolveExpEqns.html]
[tutorial.math.lamar.edu/Classes/Alg/SolveLogEqns.html]
[tutorial.math.lamar.edu/Classes/Alg/ExpLogApplications.html]
[tutorial.math.lamar.edu/Classes/Alg/Systems.html]
[tutorial.math.lamar.edu/Classes/Alg/SystemsTwoVrble.html]
[tutorial.math.lamar.edu/Classes/Alg/SystemsThreeVrble.html]
[tutorial.math.lamar.edu/Classes/Alg/AugmentedMatrix.html]
[tutorial.math.lamar.edu/Classes/Alg/AugmentedMatrixII.html]
[tutorial.math.lamar.edu/Classes/Alg/NonlinearSystems.html]
[tutorial.math.lamar.edu/Classes/CalcI/CalcI.html]
[tutorial.math.lamar.edu/Classes/CalcI/ReviewIntro.html]
[tutorial.math.lamar.edu/Classes/CalcI/Functions.html]
[tutorial.math.lamar.edu/Classes/CalcI/InverseFunctions.html]
[tutorial.math.lamar.edu/Classes/CalcI/TrigFcns.html]
[tutorial.math.lamar.edu/Classes/CalcI/TrigEquations.html]
[tutorial.math.lamar.edu/Classes/CalcI/TrigEquations_CalcI.html]
[tutorial.math.lamar.edu/Classes/CalcI/TrigEquations_CalcII.html]
[tutorial.math.lamar.edu/Classes/CalcI/ExpFunctions.html]
[tutorial.math.lamar.edu/Classes/CalcI/LogFcns.html]
[tutorial.math.lamar.edu/Classes/CalcI/ExpLogEqns.html]
[tutorial.math.lamar.edu/Classes/CalcI/CommonGraphs.html]
[tutorial.math.lamar.edu/Classes/CalcI/Tangents_Rates.html]
[tutorial.math.lamar.edu/Classes/CalcI/TheLimit.html]
[tutorial.math.lamar.edu/Classes/CalcI/OneSidedLimits.html]
[tutorial.math.lamar.edu/Classes/CalcI/LimitsProperties.html]
[tutorial.math.lamar.edu/Classes/CalcI/ComputingLimits.html]
[tutorial.math.lamar.edu/Classes/CalcI/InfiniteLimits.html]
[tutorial.math.lamar.edu/Classes/CalcI/LimitsAtInfinityI.html]
[tutorial.math.lamar.edu/Classes/CalcI/LimitsAtInfinityII.html]
[tutorial.math.lamar.edu/Classes/CalcI/Continuity.html]
[tutorial.math.lamar.edu/Classes/CalcI/DefnOfLimit.html]
[tutorial.math.lamar.edu/Classes/CalcI/DerivativeIntro.html]
[tutorial.math.lamar.edu/Classes/CalcI/DefnOfDerivative.html]
[tutorial.math.lamar.edu/Classes/CalcI/DiffTrigFcns.html]
[tutorial.math.lamar.edu/Classes/CalcI/DiffExpLogFcns.html]
[tutorial.math.lamar.edu/Classes/CalcI/DiffInvTrigFcns.html]
[tutorial.math.lamar.edu/Classes/CalcI/DiffHyperFcns.html]
[tutorial.math.lamar.edu/Classes/CalcI/ChainRule.html]
[tutorial.math.lamar.edu/Classes/CalcI/ImplicitDIff.html]
[tutorial.math.lamar.edu/Classes/CalcI/RelatedRates.html]
[tutorial.math.lamar.edu/Classes/CalcI/HigherOrderDerivatives.html]
[tutorial.math.lamar.edu/Classes/CalcI/LogDiff.html]
[tutorial.math.lamar.edu/Classes/CalcI/RateOfChange.html]
[tutorial.math.lamar.edu/Classes/CalcI/CriticalPoints.html]
[tutorial.math.lamar.edu/Classes/CalcI/MinMaxValues.html]
[tutorial.math.lamar.edu/Classes/CalcI/AbsExtrema.html]
[tutorial.math.lamar.edu/Classes/CalcI/ShapeofGraphPtI.html]
[tutorial.math.lamar.edu/Classes/CalcI/ShapeofGraphPtII.html]
[tutorial.math.lamar.edu/Classes/CalcI/MeanValueTheorem.html]
[tutorial.math.lamar.edu/Classes/CalcI/Optimization.html]
[tutorial.math.lamar.edu/Classes/CalcI/MoreOptimization.html]
[tutorial.math.lamar.edu/Classes/CalcI/LHospitalsRule.html]
[tutorial.math.lamar.edu/Classes/CalcI/LinearApproximations.html]
[tutorial.math.lamar.edu/Classes/CalcI/Differentials.html]
[tutorial.math.lamar.edu/Classes/CalcI/NewtonsMethod.html]
[tutorial.math.lamar.edu/Classes/CalcI/BusinessApps.html]
[tutorial.math.lamar.edu/Classes/CalcI/IntegralsIntro.html]
[tutorial.math.lamar.edu/Classes/CalcI/IndefiniteIntegrals.html]
[tutorial.math.lamar.edu/Classes/CalcI/ComputingIndefiniteIntegrals.html]
[tutorial.math.lamar.edu/Classes/CalcI/SubstitutionRuleIndefinite.html]
[tutorial.math.lamar.edu/Classes/CalcI/SubstitutionRuleIndefinitePtII.html]
[tutorial.math.lamar.edu/Classes/CalcI/AreaProblem.html]
[tutorial.math.lamar.edu/Classes/CalcI/DefnOfDefiniteIntegral.html]
[tutorial.math.lamar.edu/Classes/CalcI/ComputingDefiniteIntegrals.html]
[tutorial.math.lamar.edu/Classes/CalcI/SubstitutionRuleDefinite.html]
[tutorial.math.lamar.edu/Classes/CalcI/IntAppsIntro.html]
[tutorial.math.lamar.edu/Classes/CalcI/AvgFcnValue.html]
[tutorial.math.lamar.edu/Classes/CalcI/AreaBetweenCurves.html]
[tutorial.math.lamar.edu/Classes/CalcI/VolumeWithRings.html]
[tutorial.math.lamar.edu/Classes/CalcI/VolumeWithCylinder.html]
[tutorial.math.lamar.edu/Classes/CalcI/MoreVolume.html]
[tutorial.math.lamar.edu/Classes/CalcI/Work.html]
[tutorial.math.lamar.edu/Classes/CalcI/ExtrasIntro.html]
[tutorial.math.lamar.edu/Classes/CalcI/LimitProofs.html]
[tutorial.math.lamar.edu/Classes/CalcI/DerivativeProofs.html]
[tutorial.math.lamar.edu/Classes/CalcI/ProofTrigDeriv.html]
[tutorial.math.lamar.edu/Classes/CalcI/DerivativeAppsProofs.html]
[tutorial.math.lamar.edu/Classes/CalcI/ProofIntProp.html]
[tutorial.math.lamar.edu/Classes/CalcI/Area_Volume_Formulas.html]
[tutorial.math.lamar.edu/Classes/CalcI/TypesOfInfinity.html]
[tutorial.math.lamar.edu/Classes/CalcI/SummationNotation.html]
[tutorial.math.lamar.edu/Classes/CalcI/ConstantofIntegration.html]
[tutorial.math.lamar.edu/Classes/CalcII/IntTechIntro.html]
[tutorial.math.lamar.edu/Classes/CalcII/IntegrationByParts.html]
[tutorial.math.lamar.edu/Classes/CalcII/IntegralsWithTrig.html]
[tutorial.math.lamar.edu/Classes/CalcII/TrigSubstitutions.html]
[tutorial.math.lamar.edu/Classes/CalcII/PartialFractions.html]
[tutorial.math.lamar.edu/Classes/CalcII/IntegralsWithRoots.html]
[tutorial.math.lamar.edu/Classes/CalcII/IntegralsWithQuadratics.html]
[tutorial.math.lamar.edu/Classes/CalcII/IntegrationStrategy.html]
[tutorial.math.lamar.edu/Classes/CalcII/ImproperIntegrals.html]
[tutorial.math.lamar.edu/Classes/CalcII/ImproperIntegralsCompTest.html]
[tutorial.math.lamar.edu/Classes/CalcII/ApproximatingDefIntegrals.html]
[tutorial.math.lamar.edu/Classes/CalcII/IntAppsIntro.html]
[tutorial.math.lamar.edu/Classes/CalcII/ArcLength.html]
[tutorial.math.lamar.edu/Classes/CalcII/SurfaceArea.html]
[tutorial.math.lamar.edu/Classes/CalcII/CenterOfMass.html]
[tutorial.math.lamar.edu/Classes/CalcII/HydrostaticPressure.html]
[tutorial.math.lamar.edu/Classes/CalcII/Probability.html]
[tutorial.math.lamar.edu/Classes/CalcII/ParametricIntro.html]
[tutorial.math.lamar.edu/Classes/CalcII/ParametricEqn.html]
[tutorial.math.lamar.edu/Classes/CalcII/ParaTangent.html]
[tutorial.math.lamar.edu/Classes/CalcII/ParaArea.html]
[tutorial.math.lamar.edu/Classes/CalcII/ParaArcLength.html]
[tutorial.math.lamar.edu/Classes/CalcII/ParaSurfaceArea.html]
[tutorial.math.lamar.edu/Classes/CalcII/PolarCoordinates.html]
[tutorial.math.lamar.edu/Classes/CalcII/PolarTangents.html]
[tutorial.math.lamar.edu/Classes/CalcII/PolarArea.html]
[tutorial.math.lamar.edu/Classes/CalcII/PolarArcLength.html]
[tutorial.math.lamar.edu/Classes/CalcII/PolarSurfaceArea.html]
[tutorial.math.lamar.edu/Classes/CalcII/ArcLength_SurfaceArea.html]
[tutorial.math.lamar.edu/Classes/CalcII/SeriesIntro.html]
[tutorial.math.lamar.edu/Classes/CalcII/Sequences.html]
[tutorial.math.lamar.edu/Classes/CalcII/MoreSequences.html]
[tutorial.math.lamar.edu/Classes/CalcII/Series_Basics.html]
[tutorial.math.lamar.edu/Classes/CalcII/ConvergenceOfSeries.html]
[tutorial.math.lamar.edu/Classes/CalcII/Series_Special.html]
[tutorial.math.lamar.edu/Classes/CalcII/IntegralTest.html]
[tutorial.math.lamar.edu/Classes/CalcII/SeriesCompTest.html]
[tutorial.math.lamar.edu/Classes/CalcII/AlternatingSeries.html]
[tutorial.math.lamar.edu/Classes/CalcII/AbsoluteConvergence.html]
[tutorial.math.lamar.edu/Classes/CalcII/RatioTest.html]
[tutorial.math.lamar.edu/Classes/CalcII/RootTest.html]
[tutorial.math.lamar.edu/Classes/CalcII/SeriesStrategy.html]
[tutorial.math.lamar.edu/Classes/CalcII/EstimatingSeries.html]
[tutorial.math.lamar.edu/Classes/CalcII/PowerSeries.html]
[tutorial.math.lamar.edu/Classes/CalcII/PowerSeriesandFunctions.html]
[tutorial.math.lamar.edu/Classes/CalcII/TaylorSeries.html]
[tutorial.math.lamar.edu/Classes/CalcII/TaylorSeriesApps.html]
[tutorial.math.lamar.edu/Classes/CalcII/BinomialSeries.html]
[tutorial.math.lamar.edu/Classes/CalcII/VectorsIntro.html]
[tutorial.math.lamar.edu/Classes/CalcII/Vectors_Basics.html]
[tutorial.math.lamar.edu/Classes/CalcII/VectorArithmetic.html]
[tutorial.math.lamar.edu/Classes/CalcII/DotProduct.html]
[tutorial.math.lamar.edu/Classes/CalcII/CrossProduct.html]
[tutorial.math.lamar.edu/Classes/CalcII/3DSpace.html]
[tutorial.math.lamar.edu/Classes/CalcII/3DCoords.html]
[tutorial.math.lamar.edu/Classes/CalcII/EqnsOfLines.html]
[tutorial.math.lamar.edu/Classes/CalcII/EqnsOfPlanes.html]
[tutorial.math.lamar.edu/Classes/CalcII/QuadricSurfaces.html]
[tutorial.math.lamar.edu/Classes/CalcII/MultiVrbleFcns.html]
[tutorial.math.lamar.edu/Classes/CalcII/VectorFunctions.html]
[tutorial.math.lamar.edu/Classes/CalcII/VectorFcnsCalculus.html]
[tutorial.math.lamar.edu/Classes/CalcII/TangentNormalVectors.html]
[tutorial.math.lamar.edu/Classes/CalcII/VectorArcLength.html]
[tutorial.math.lamar.edu/Classes/CalcII/Curvature.html]
[tutorial.math.lamar.edu/Classes/CalcII/Velocity_Acceleration.html]
[tutorial.math.lamar.edu/Classes/CalcII/CylindricalCoords.html]
[tutorial.math.lamar.edu/Classes/CalcII/SphericalCoords.html]
[tutorial.math.lamar.edu/Classes/CalcIII/3DSpace.html]
[tutorial.math.lamar.edu/Classes/CalcIII/3DCoords.html]
[tutorial.math.lamar.edu/Classes/CalcIII/EqnsOfLines.html]
[tutorial.math.lamar.edu/Classes/CalcIII/EqnsOfPlanes.html]
[tutorial.math.lamar.edu/Classes/CalcIII/QuadricSurfaces.html]
[tutorial.math.lamar.edu/Classes/CalcIII/MultiVrbleFcns.html]
[tutorial.math.lamar.edu/Classes/CalcIII/VectorFunctions.html]
[tutorial.math.lamar.edu/Classes/CalcIII/VectorFcnsCalculus.html]
[tutorial.math.lamar.edu/Classes/CalcIII/TangentNormalVectors.html]
[tutorial.math.lamar.edu/Classes/CalcIII/VectorArcLength.html]
[tutorial.math.lamar.edu/Classes/CalcIII/Curvature.html]
[tutorial.math.lamar.edu/Classes/CalcIII/Velocity_Acceleration.html]
[tutorial.math.lamar.edu/Classes/CalcIII/CylindricalCoords.html]
[tutorial.math.lamar.edu/Classes/CalcIII/SphericalCoords.html]
[tutorial.math.lamar.edu/Classes/CalcIII/PartialDerivsIntro.html]
[tutorial.math.lamar.edu/Classes/CalcIII/Limits.html]
[tutorial.math.lamar.edu/Classes/CalcIII/PartialDerivatives.html]
[tutorial.math.lamar.edu/Classes/CalcIII/PartialDerivInterp.html]
[tutorial.math.lamar.edu/Classes/CalcIII/HighOrderPartialDerivs.html]
[tutorial.math.lamar.edu/Classes/CalcIII/Differentials.html]
[tutorial.math.lamar.edu/Classes/CalcIII/ChainRule.html]
[tutorial.math.lamar.edu/Classes/CalcIII/DirectionalDeriv.html]
[tutorial.math.lamar.edu/Classes/CalcIII/PartialDerivAppsIntro.html]
[tutorial.math.lamar.edu/Classes/CalcIII/TangentPlanes.html]
[tutorial.math.lamar.edu/Classes/CalcIII/GradientVectorTangentPlane.html]
[tutorial.math.lamar.edu/Classes/CalcIII/RelativeExtrema.html]
[tutorial.math.lamar.edu/Classes/CalcIII/AbsoluteExtrema.html]
[tutorial.math.lamar.edu/Classes/CalcIII/LagrangeMultipliers.html]
[tutorial.math.lamar.edu/Classes/CalcIII/MultipleIntegralsIntro.html]
[tutorial.math.lamar.edu/Classes/CalcIII/DoubleIntegrals.html]
[tutorial.math.lamar.edu/Classes/CalcIII/IteratedIntegrals.html]
[tutorial.math.lamar.edu/Classes/CalcIII/DIGeneralRegion.html]
[tutorial.math.lamar.edu/Classes/CalcIII/DIPolarCoords.html]
[tutorial.math.lamar.edu/Classes/CalcIII/TripleIntegrals.html]
[tutorial.math.lamar.edu/Classes/CalcIII/TICylindricalCoords.html]
[tutorial.math.lamar.edu/Classes/CalcIII/TISphericalCoords.html]
[tutorial.math.lamar.edu/Classes/CalcIII/ChangeOfVariables.html]
[tutorial.math.lamar.edu/Classes/CalcIII/SurfaceArea.html]
[tutorial.math.lamar.edu/Classes/CalcIII/Area_Volume.html]
[tutorial.math.lamar.edu/Classes/CalcIII/LineIntegralsIntro.html]
[tutorial.math.lamar.edu/Classes/CalcIII/VectorFields.html]
[tutorial.math.lamar.edu/Classes/CalcIII/LineIntegralsPtI.html]
[tutorial.math.lamar.edu/Classes/CalcIII/LineIntegralsPtII.html]
[tutorial.math.lamar.edu/Classes/CalcIII/LineIntegralsVectorFields.html]
[tutorial.math.lamar.edu/Classes/CalcIII/FundThmLineIntegrals.html]
[tutorial.math.lamar.edu/Classes/CalcIII/ConservativeVectorField.html]
[tutorial.math.lamar.edu/Classes/CalcIII/GreensTheorem.html]
[tutorial.math.lamar.edu/Classes/CalcIII/CurlDivergence.html]
[tutorial.math.lamar.edu/Classes/CalcIII/SurfaceIntegralsIntro.html]
[tutorial.math.lamar.edu/Classes/CalcIII/ParametricSurfaces.html]
[tutorial.math.lamar.edu/Classes/CalcIII/SurfaceIntegrals.html]
[tutorial.math.lamar.edu/Classes/CalcIII/SurfIntVectorField.html]
[tutorial.math.lamar.edu/Classes/CalcIII/StokesTheorem.html]
[tutorial.math.lamar.edu/Classes/CalcIII/DivergenceTheorem.html]
[tutorial.math.lamar.edu/Classes/DE/IntroBasic.html]
[tutorial.math.lamar.edu/Classes/DE/Definitions.html]
[tutorial.math.lamar.edu/Classes/DE/DirectionFields.html]
[tutorial.math.lamar.edu/Classes/DE/FinalThoughts.html]
[tutorial.math.lamar.edu/Classes/DE/IntroFirstOrder.html]
[tutorial.math.lamar.edu/Classes/DE/Linear.html]
[tutorial.math.lamar.edu/Classes/DE/Separable.html]
[tutorial.math.lamar.edu/Classes/DE/Exact.html]
[tutorial.math.lamar.edu/Classes/DE/Bernoulli.html]
[tutorial.math.lamar.edu/Classes/DE/Substitutions.html]
[tutorial.math.lamar.edu/Classes/DE/IoV.html]
[tutorial.math.lamar.edu/Classes/DE/Modeling.html]
[tutorial.math.lamar.edu/Classes/DE/EquilibriumSolutions.html]
[tutorial.math.lamar.edu/Classes/DE/EulersMethod.html]
[tutorial.math.lamar.edu/Classes/DE/IntroSecondOrder.html]
[tutorial.math.lamar.edu/Classes/DE/SecondOrderConcepts.html]
[tutorial.math.lamar.edu/Classes/DE/RealRoots.html]
[tutorial.math.lamar.edu/Classes/DE/ComplexRoots.html]
[tutorial.math.lamar.edu/Classes/DE/RepeatedRoots.html]
[tutorial.math.lamar.edu/Classes/DE/ReductionofOrder.html]
[tutorial.math.lamar.edu/Classes/DE/FundamentalSetsofSolutions.html]
[tutorial.math.lamar.edu/Classes/DE/Wronskian.html]
[tutorial.math.lamar.edu/Classes/DE/NonhomogeneousDE.html]
[tutorial.math.lamar.edu/Classes/DE/UndeterminedCoefficients.html]
[tutorial.math.lamar.edu/Classes/DE/VariationofParameters.html]
[tutorial.math.lamar.edu/Classes/DE/Vibrations.html]
[tutorial.math.lamar.edu/Classes/DE/LaplaceIntro.html]
[tutorial.math.lamar.edu/Classes/DE/LaplaceDefinition.html]
[tutorial.math.lamar.edu/Classes/DE/LaplaceTransforms.html]
[tutorial.math.lamar.edu/Classes/DE/InverseTransforms.html]
[tutorial.math.lamar.edu/Classes/DE/StepFunctions.html]
[tutorial.math.lamar.edu/Classes/DE/IVPWithLaplace.html]
[tutorial.math.lamar.edu/Classes/DE/IVPWithNonConstantCoefficient.html]
[tutorial.math.lamar.edu/Classes/DE/IVPWithStepFunction.html]
[tutorial.math.lamar.edu/Classes/DE/DiracDeltaFunction.html]
[tutorial.math.lamar.edu/Classes/DE/ConvolutionIntegrals.html]
[tutorial.math.lamar.edu/Classes/DE/Laplace_Table.html]
[tutorial.math.lamar.edu/Classes/DE/SystemsIntro.html]
[tutorial.math.lamar.edu/Classes/DE/LA_Systems.html]
[tutorial.math.lamar.edu/Classes/DE/LA_Matrix.html]
[tutorial.math.lamar.edu/Classes/DE/LA_Eigen.html]
[tutorial.math.lamar.edu/Classes/DE/SystemsDE.html]
[tutorial.math.lamar.edu/Classes/DE/SolutionsToSystems.html]
[tutorial.math.lamar.edu/Classes/DE/PhasePlane.html]
[tutorial.math.lamar.edu/Classes/DE/RealEigenvalues.html]
[tutorial.math.lamar.edu/Classes/DE/ComplexEigenvalues.html]
[tutorial.math.lamar.edu/Classes/DE/RepeatedEigenvalues.html]
[tutorial.math.lamar.edu/Classes/DE/NonhomogeneousSystems.html]
[tutorial.math.lamar.edu/Classes/DE/SystemsLaplace.html]
[tutorial.math.lamar.edu/Classes/DE/SystemsModeling.html]
[tutorial.math.lamar.edu/Classes/DE/SeriesIntro.html]
[tutorial.math.lamar.edu/Classes/DE/PowerSeries.html]
[tutorial.math.lamar.edu/Classes/DE/TaylorSeries.html]
[tutorial.math.lamar.edu/Classes/DE/SeriesSolutions.html]
[tutorial.math.lamar.edu/Classes/DE/EulerEquations.html]
[tutorial.math.lamar.edu/Classes/DE/IntroHigherOrder.html]
[tutorial.math.lamar.edu/Classes/DE/HOBasicConcepts.html]
[tutorial.math.lamar.edu/Classes/DE/HOHomogeneousDE.html]
[tutorial.math.lamar.edu/Classes/DE/HOUndeterminedCoeff.html]
[tutorial.math.lamar.edu/Classes/DE/HOVariationOfParam.html]
[tutorial.math.lamar.edu/Classes/DE/HOLaplaceTransforms.html]
[tutorial.math.lamar.edu/Classes/DE/HOSystems.html]
[tutorial.math.lamar.edu/Classes/DE/HOSeries.html]
[tutorial.math.lamar.edu/Classes/DE/IntroBVP.html]
[tutorial.math.lamar.edu/Classes/DE/BoundaryValueProblem.html]
[tutorial.math.lamar.edu/Classes/DE/BVPEvals.html]
[tutorial.math.lamar.edu/Classes/DE/PeriodicOrthogonal.html]
[tutorial.math.lamar.edu/Classes/DE/FourierSineSeries.html]
[tutorial.math.lamar.edu/Classes/DE/FourierCosineSeries.html]
[tutorial.math.lamar.edu/Classes/DE/FourierSeries.html]
[tutorial.math.lamar.edu/Classes/DE/ConvergenceFourierSeries.html]
[tutorial.math.lamar.edu/Classes/DE/IntroPDE.html]
[tutorial.math.lamar.edu/Classes/DE/TheHeatEquation.html]
[tutorial.math.lamar.edu/Classes/DE/TheWaveEquation.html]
[tutorial.math.lamar.edu/Classes/DE/PDETerminology.html]
[tutorial.math.lamar.edu/Classes/DE/SeparationofVariables.html]
[tutorial.math.lamar.edu/Classes/DE/SolvingHeatEquation.html]
[tutorial.math.lamar.edu/Classes/DE/HeatEqnNonZero.html]
[tutorial.math.lamar.edu/Classes/DE/LaplacesEqn.html]
[tutorial.math.lamar.edu/Classes/DE/VibratingString.html]
[tutorial.math.lamar.edu/Classes/DE/PDESummary.html]
[tutorial.math.lamar.edu/Extras/AlgebraTrigReview/AlgebraIntro.html]
[tutorial.math.lamar.edu/Extras/AlgebraTrigReview/Exponents.html]
[tutorial.math.lamar.edu/Extras/AlgebraTrigReview/AbsoluteValue.html]
[tutorial.math.lamar.edu/Extras/AlgebraTrigReview/Radicals.html]
[tutorial.math.lamar.edu/Extras/AlgebraTrigReview/Rationalizing.html]
[tutorial.math.lamar.edu/Extras/AlgebraTrigReview/Functions.html]
[tutorial.math.lamar.edu/Extras/AlgebraTrigReview/MultPoly.html]
[tutorial.math.lamar.edu/Extras/AlgebraTrigReview/Factoring.html]
[tutorial.math.lamar.edu/Extras/AlgebraTrigReview/SimpRatExp.html]
[tutorial.math.lamar.edu/Extras/AlgebraTrigReview/Graphing.html]
[tutorial.math.lamar.edu/Extras/AlgebraTrigReview/SolveEqnPtI.html]
[tutorial.math.lamar.edu/Extras/AlgebraTrigReview/SolveEqnPtII.html]
[tutorial.math.lamar.edu/Extras/AlgebraTrigReview/SolveSystems.html]
[tutorial.math.lamar.edu/Extras/AlgebraTrigReview/SolveIneq.html]
[tutorial.math.lamar.edu/Extras/AlgebraTrigReview/SolveAbsValue.html]
[tutorial.math.lamar.edu/Extras/AlgebraTrigReview/TrigIntro.html]
[tutorial.math.lamar.edu/Extras/AlgebraTrigReview/TrigFunctions.html]
[tutorial.math.lamar.edu/Extras/AlgebraTrigReview/TrigGraphs.html]
[tutorial.math.lamar.edu/Extras/AlgebraTrigReview/TrigFormulas.html]
[tutorial.math.lamar.edu/Extras/AlgebraTrigReview/SolveTrigEqn.html]
[tutorial.math.lamar.edu/Extras/AlgebraTrigReview/InverseTrig.html]
[tutorial.math.lamar.edu/Extras/AlgebraTrigReview/ExpLogIntro.html]
[tutorial.math.lamar.edu/Extras/AlgebraTrigReview/ExponentialFcns.html]
[tutorial.math.lamar.edu/Extras/AlgebraTrigReview/LogarithmFcns.html]
[tutorial.math.lamar.edu/Extras/AlgebraTrigReview/LogProperties.html]
[tutorial.math.lamar.edu/Extras/AlgebraTrigReview/SimpLogs.html]
[tutorial.math.lamar.edu/Extras/AlgebraTrigReview/SolveExpEqn.html]
[tutorial.math.lamar.edu/Extras/AlgebraTrigReview/SolveLogEqn.html]
[tutorial.math.lamar.edu/Extras/CommonErrors/GeneralErrors.html]
[tutorial.math.lamar.edu/Extras/CommonErrors/AlgebraErrors.html]
[tutorial.math.lamar.edu/Extras/CommonErrors/TrigErrors.html]
[tutorial.math.lamar.edu/Extras/CommonErrors/CommonErrors.html]
[tutorial.math.lamar.edu/Extras/CommonErrors/CalculusErrors.html]
[tutorial.math.lamar.edu/Extras/ComplexPrimer/Definition.html]
[tutorial.math.lamar.edu/Extras/ComplexPrimer/Arithmetic.html]
[tutorial.math.lamar.edu/Extras/ComplexPrimer/ConjugateModulus.html]
[tutorial.math.lamar.edu/Extras/ComplexPrimer/Forms.html]
[tutorial.math.lamar.edu/Extras/ComplexPrimer/Roots.html]
[tutorial.math.lamar.edu/Extras/StudyMath/GeneralTips.html]
[tutorial.math.lamar.edu/Extras/StudyMath/TakingNotes.html]
[tutorial.math.lamar.edu/Extras/StudyMath/GettingHelp.html]
[tutorial.math.lamar.edu/Extras/StudyMath/Homework.html]
[tutorial.math.lamar.edu/Extras/StudyMath/ProblemSolving.html]
[tutorial.math.lamar.edu/Extras/StudyMath/StudyForExam.html]
[tutorial.math.lamar.edu/Extras/StudyMath/TakingExam.html]
[tutorial.math.lamar.edu/Extras/StudyMath/Errors.html]
[tutorial.math.lamar.edu/links.html]
[tutorial.math.lamar.edu/help.html]
[tutorial.math.lamar.edu/MyStudents-2.html]
[tutorial.math.lamar.edu/Help-2.html]
