[www.forbes.com/sites/quora/2016/08/16/einstein-was-a-formidable-genius-but-what-about-his-kids/index.html]
[backblue.gif]
[fade.gif]
[index.html]
[i.forbesimg.com/ng2/4207bf2985b37893fbdb.polyfills.js]
[i.forbesimg.com/ng2/7e169d587ca7c9bbb1c4.vendors.js]
[i.forbesimg.com/ng2/b4aa442a1a8b1f30b071.fbs.js]
[i.forbesimg.com/ng2/874c141911796260076e.app.js]
[i.forbesimg.com/assets/fonts/merriweather/merriweather-bolditalic-webfont.woff2]
[i.forbesimg.com/assets/fonts/merriweather/merriweather-bolditalic-webfont.woff]
[i.forbesimg.com/assets/fonts/merriweather/merriweather-bold-webfont.woff2]
[i.forbesimg.com/assets/fonts/merriweather/merriweather-bold-webfont.woff]
[i.forbesimg.com/assets/fonts/merriweather/merriweather-italic-webfont.woff2]
[i.forbesimg.com/assets/fonts/merriweather/merriweather-italic-webfont.woff]
[i.forbesimg.com/assets/fonts/merriweather/merriweather-regular-webfont.woff2]
[i.forbesimg.com/assets/fonts/merriweather/merriweather-regular-webfont.woff]
[i.forbesimg.com/assets/fonts/work-sans/worksans-semibold-webfont.woff2]
[i.forbesimg.com/assets/fonts/work-sans/worksans-semibold-webfont.woff]
[i.forbesimg.com/assets/fonts/work-sans/worksans-regular-webfont.woff2]
[i.forbesimg.com/assets/fonts/work-sans/worksans-regular-webfont.woff]
[i.forbesimg.com/assets/fonts/fbs-typography/0233/forbesicon.eot]
[i.forbesimg.com/assets/fonts/fbs-typography/0233/forbesicond41d.eot]
[i.forbesimg.com/assets/fonts/fbs-typography/0233/forbesicon.woff]
[i.forbesimg.com/assets/fonts/fbs-typography/0233/forbesicon.ttf]
[i.forbesimg.com/assets/fonts/fbs-typography/0233/forbesicon.svg]
[cdn.speedcurve.com/js/luxc712.js]
[www.googletagservices.com/tag/js/gpt.js]
[native.sharethrough.com/assets/sfp.js]
[thumbor.forbes.com/thumbor/75x0/i.forbesimg.com/media/assets/logos/f-gray.png]
[i.forbesimg.com/media/assets/logos/f-gray.png]
[www.forbes.com/worlds-billionaires/index.html]
[www.forbes.com/sites/quora/2016/08/16/einstein-was-a-formidable-genius-but-what-about-his-kids/amp/index.html]
[www.forbes.com/billionaires/index.html]
[www.forbes.com/sites/forbesinnovationteam/2019/01/14/humanity-ai.html]
[www.forbes.com/forbes-400/index.html]
[thumbor.forbes.com/thumbor/144x144/https_/blogs-images.forbes.com/files/2015/08/Quora_avatar_1439519926-400x400.jpg]
[www.forbes.com/self-made-women/index.html]
[www.forbes.com/korea-billionaires/list/index.html]
[www.forbes.com/thailand-billionaires/list/index.html]
[www.forbes.com/japan-billionaires/list/index.html]
[www.forbes.com/hong-kong-billionaires/index.html]
[www.forbes.com/malaysia-billionaires/index.html]
[www.forbes.com/sites/appdynamics/index.html]
[www.forbes.com/innovation/index.html]
[www.forbes.com/ai-big-data/index.html]
[www.forbes.com/consumer-tech/index.html]
[www.forbes.com/cybersecurity/index.html]
[www.forbes.com/cloud100/index.html]
[www.forbes.com/enterprise-cloud/index.html]
[www.forbes.com/green-tech/index.html]
[www.forbes.com/sites/extrahop/index.html]
[www.forbes.com/games/index.html]
[www.forbes.com/_https_/www.quora.com/Why-didnt-Einsteins-descendants-inherit-Einsteins-IQ_]
[www.forbes.com/healthcare/index.html]
[www.forbes.com/science/index.html]
[www.forbes.com/sharing-economy/index.html]
[www.forbes.com/social-media/index.html]
[www.forbes.com/sites/japan/index.html]
[www.forbes.com/venture-capital/index.html]
[www.forbes.com/sites/nvidia/index.html]
[www.forbes.com/_http_/www.quora.com_]
[www.forbes.com/sites/smartsheet/index.html]
[www.forbes.com/leadership/index.html]
[www.forbes.com/sites/oracle/index.html]
[www.forbes.com/sites/sap/index.html]
[www.forbes.com/cmo-network/index.html]
[www.forbes.com/careers/index.html]
[www.forbes.com/diversity-inclusion/index.html]
[www.forbes.com/_https_/www.quora.com/Why-didnt-Einsteins-descendants-inherit-Einsteins-IQ/answer/Adrien-Lucas-Ecoffet_]
[www.forbes.com/entrepreneurs/index.html]
[www.forbes.com/franchises/index.html]
[www.forbes.com/education/index.html]
[www.forbes.com/small-business/index.html]
[www.forbes.com/under30/index.html]
[www.forbes.com/leadership-strategy/index.html]
[www.forbes.com/_https_/www.quora.com/profile/Adrien-Lucas-Ecoffet_]
[www.forbes.com/sites/deloitte/index.html]
[www.forbes.com/sites/workday/index.html]
[www.forbes.com/money/index.html]
[www.forbes.com/banking-insurance/index.html]
[www.forbes.com/etfs-mutual-funds/index.html]
[www.forbes.com/crypto-blockchain/index.html]
[www.forbes.com/fintech/index.html]
[www.forbes.com/_http_/en.wikipedia.org/wiki/Mileva_Marić_]
[www.forbes.com/hedge-funds-private-equity/index.html]
[www.forbes.com/markets/index.html]
[www.forbes.com/personal-finance/index.html]
[www.forbes.com/investing/index.html]
[www.forbes.com/retirement/index.html]
[www.forbes.com/taxes/index.html]
[www.forbes.com/sites/impactpartners/index.html]
[www.forbes.com/_/companies/texas-instruments/_]
[www.forbes.com/hollywood-entertainment/index.html]
[www.forbes.com/wealth-management/index.html]
[www.forbes.com/food-drink/index.html]
[www.forbes.com/consumer/index.html]
[www.forbes.com/retail/index.html]
[www.forbes.com/real-estate/index.html]
[www.forbes.com/media/index.html]
[www.forbes.com/_https_/twitter.com/Quora_]
[www.forbes.com/industry/index.html]
[www.forbes.com/sportsmoney/index.html]
[www.forbes.com/aerospace-defense/index.html]
[www.forbes.com/energy/index.html]
[www.forbes.com/transportation/index.html]
[www.forbes.com/manufacturing/index.html]
[www.forbes.com/policy/index.html]
[www.forbes.com/_https_/www.facebook.com/quora_]
[www.forbes.com/boats-planes/index.html]
[www.forbes.com/arts/index.html]
[www.forbes.com/sites/mitsubishiheavyindustries/index.html]
[www.forbes.com/lifestyle/index.html]
[www.forbes.com/sites/capitalone/index.html]
[www.forbes.com/sites/colehaan/index.html]
[www.forbes.com/cars-bikes/index.html]
[www.forbes.com/_https_/plus.google.com/111127313006403749982/posts_]
[www.forbes.com/forbeslife/index.html]
[www.forbes.com/forbes-travel-guide/index.html]
[www.forbes.com/watches-jewelry/index.html]
[www.forbes.com/dining-drinking/index.html]
[www.forbes.com/travel/index.html]
[www.forbes.com/vices/index.html]
[www.forbes.com/30-under-30/2019/index.html]
[www.forbes.com/_https_/www.quora.com/topic/Albert-Einstein-physicist_]
[www.forbes.com/fintech/2019/index.html]
[www.forbes.com/sites/citizensaccess/index.html]
[www.forbes.com/sites/forbes8/2019/01/25/introducing-forbes8/index.html]
[www.forbes.com/daily-cover-stories/index.html]
[www.forbes.com/editors-picks/index.html]
[www.forbes.com/insights-intelai/ai-issue-4/index.html]
[www.forbes.com/insights-delltechnologies/ai-a-cxo-strategy-guide/index.html]
[www.forbes.com/_https_/www.quora.com/Why-was-Albert-Einstein-famous7a4c]
[www.forbes.com/video/index.html]
[www.forbes.com/sites/samsung/2019/02/05/building-the-code-for-diversity/index.html]
[www.forbes.com/sites/forbesleadershipteam/2018/10/17/the-making-of-a-small-giant/index.html]
[www.forbes.com/_https_/www.quora.com/topic/Intelligence-Quotient_]
[www.forbes.com/_https_/www.quora.com/How-hereditary-is-IQc23c]
[www.forbes.com/_https_/www.quora.com/topic/Genetics-and-Heredity_]
[www.forbes.com/_https_/www.quora.com/What-is-DNA10a3]
[www.forbes.com/_https_/www.forbes.com/pictures/54f4e701da47a54de82441ec/5-powerful-historical-doc/_]
[specials-images.forbesimg.com/imageserve/455630350/960x0c705.jpg]
[www.quora.com/Why-didnt-Einsteins-descendants-inherit-Einsteins-IQ/answer/Adrien-Lucas-Ecoffet.html]
[www.quora.com/Why-didnt-Einsteins-descendants-inherit-Einsteins-IQ.html]
[www.quora.com/profile/Adrien-Lucas-Ecoffet.html]
[twitter.com/Quora.html]
[en.wikipedia.org/wiki/Mileva_Marić.html]
[www.facebook.com/quora.html]
[plus.google.com/111127313006403749982/posts.html]
[www.quora.com/topic/Albert-Einstein-physicist.html]
[www.quora.com/Why-was-Albert-Einstein-famous9ce0.html]
[www.quora.com/topic/Intelligence-Quotient.html]
[www.quora.com/How-hereditary-is-IQ8eeb.html]
[www.quora.com/topic/Genetics-and-Heredity.html]
[www.quora.com/What-is-DNAd90e.html]
[www.forbes.com/pictures/54f4e701da47a54de82441ec/5-powerful-historical-doc/index.html]
[specials-images.forbesimg.com/imageserve/56081a12998f78cd44db3426c97ce4e8/400x400a32d.jpg]
[www.forbes.com/sites/quora/2016/08/16/einstein-was-a-formidable-genius-but-what-about-his-kids/index.html]
[www.forbes.com/tips/index.html]
[preferences-mgr.truste.com/index4cec.html]
[www.forbes.com/privacy/english/index.html]
[i.forbesimg.com/ng2/index.html]
[i.forbesimg.com/assets/fonts/fbs-typography/0233/forbesicon.svg]
[www.forbes.com/sites/quora/2016/08/16/einstein-was-a-formidable-genius-but-what-about-his-kids/amp/index.html]
[www.forbes.com/index.html]
[www.forbes.com/worlds-billionaires/index.html]
[www.forbes.com/billionaires/index.html]
[www.forbes.com/forbes-400/index.html]
[www.forbes.com/self-made-women/index.html]
[www.forbes.com/china-billionaires/index.html]
[www.forbes.com/india-billionaires/index.html]
[www.forbes.com/indonesia-billionaires/index.html]
[www.forbes.com/korea-billionaires/list/index.html]
[www.forbes.com/thailand-billionaires/list/index.html]
[www.forbes.com/japan-billionaires/list/index.html]
[www.forbes.com/australia-billionaires/index.html]
[www.forbes.com/taiwan-billionaires/index.html]
[www.forbes.com/singapore-billionaires/index.html]
[www.forbes.com/philippines-billionaires/index.html]
[www.forbes.com/hong-kong-billionaires/index.html]
[www.forbes.com/malaysia-billionaires/index.html]
[www.forbes.com/innovation/index.html]
[www.forbes.com/ai-big-data/index.html]
[www.forbes.com/sites/appdynamics/index.html]
[www.forbes.com/cloud100/index.html]
[www.forbes.com/consumer-tech/index.html]
[www.forbes.com/cybersecurity/index.html]
[www.forbes.com/enterprise-cloud/index.html]
[www.forbes.com/sites/extrahop/index.html]
[www.forbes.com/games/index.html]
[www.forbes.com/green-tech/index.html]
[www.forbes.com/healthcare/index.html]
[www.forbes.com/science/index.html]
[www.forbes.com/sharing-economy/index.html]
[www.forbes.com/social-media/index.html]
[www.forbes.com/venture-capital/index.html]
[www.forbes.com/sites/japan/index.html]
[www.forbes.com/sites/nvidia/index.html]
[www.forbes.com/sites/oracle/index.html]
[www.forbes.com/sites/sap/index.html]
[www.forbes.com/sites/smartsheet/index.html]
[www.forbes.com/leadership/index.html]
[www.forbes.com/careers/index.html]
[www.forbes.com/cmo-network/index.html]
[www.forbes.com/diversity-inclusion/index.html]
[www.forbes.com/education/index.html]
[www.forbes.com/entrepreneurs/index.html]
[www.forbes.com/women-at-forbes/index.html]
[www.forbes.com/franchises/index.html]
[www.forbes.com/leadership-strategy/index.html]
[www.forbes.com/small-business/index.html]
[www.forbes.com/under30/index.html]
[www.forbes.com/sites/deloitte/index.html]
[www.forbes.com/sites/workday/index.html]
[www.forbes.com/money/index.html]
[www.forbes.com/banking-insurance/index.html]
[www.forbes.com/crypto-blockchain/index.html]
[www.forbes.com/etfs-mutual-funds/index.html]
[www.forbes.com/fintech/index.html]
[www.forbes.com/hedge-funds-private-equity/index.html]
[www.forbes.com/investing/index.html]
[www.forbes.com/markets/index.html]
[www.forbes.com/personal-finance/index.html]
[www.forbes.com/retirement/index.html]
[www.forbes.com/taxes/index.html]
[www.forbes.com/sites/impactpartners/index.html]
[www.forbes.com/wealth-management/index.html]
[www.forbes.com/consumer/index.html]
[www.forbes.com/food-drink/index.html]
[www.forbes.com/hollywood-entertainment/index.html]
[www.forbes.com/media/index.html]
[www.forbes.com/real-estate/index.html]
[www.forbes.com/retail/index.html]
[www.forbes.com/sportsmoney/index.html]
[www.forbes.com/industry/index.html]
[www.forbes.com/aerospace-defense/index.html]
[www.forbes.com/energy/index.html]
[www.forbes.com/manufacturing/index.html]
[www.forbes.com/policy/index.html]
[www.forbes.com/transportation/index.html]
[www.forbes.com/sites/mitsubishiheavyindustries/index.html]
[www.forbes.com/lifestyle/index.html]
[www.forbes.com/arts/index.html]
[www.forbes.com/boats-planes/index.html]
[www.forbes.com/sites/capitalone/index.html]
[www.forbes.com/cars-bikes/index.html]
[www.forbes.com/sites/colehaan/index.html]
[www.forbes.com/dining-drinking/index.html]
[www.forbes.com/forbes-travel-guide/index.html]
[www.forbes.com/forbeslife/index.html]
[www.forbes.com/watches-jewelry/index.html]
[www.forbes.com/travel/index.html]
[www.forbes.com/vices/index.html]
[www.forbes.com/30-under-30/2019/index.html]
[www.forbes.com/sites/citizensaccess/index.html]
[www.forbes.com/fintech/2019/index.html]
[www.forbes.com/sites/forbes8/2019/01/25/introducing-forbes8/index.html]
[www.forbes.com/daily-cover-stories/index.html]
[www.forbes.com/editors-picks/index.html]
[www.forbes.com/insights-intelai/ai-issue-4/index.html]
[www.forbes.com/insights-delltechnologies/ai-a-cxo-strategy-guide/index.html]
[www.forbes.com/video/index.html]
[www.forbes.com/sites/forbesinnovationteam/2019/01/14/humanity-ai.html]
[www.forbes.com/sites/forbesleadershipteam/2018/10/17/the-making-of-a-small-giant/index.html]
[www.forbes.com/sites/samsung/2019/02/05/building-the-code-for-diversity/index.html]
[www.forbes.com/lists/index.html]
[www.forbes.com/sites/quora/index.html]
[i.forbesimg.com/_https_/specials-images.forbesimg.com/imageserve/455630350/960x066fb.html]
[www.forbes.com/_https_/www.quora.com/Why-didnt-Einsteins-descendants-inherit-Einsteins-IQ_.html]
[www.forbes.com/_http_/www.quora.html]
[www.forbes.com/_https_/www.quora.com/Why-didnt-Einsteins-descendants-inherit-Einsteins-IQ/answer/Adrien-Lucas-Ecoffet_.html]
[www.forbes.com/_https_/www.quora.com/profile/Adrien-Lucas-Ecoffet_.html]
[www.forbes.com/_http_/en.wikipedia.org/wiki/Mileva_Marić_.html]
[www.forbes.com/_/companies/texas-instruments/_.html]
[www.forbes.com/_https_/twitter.com/Quora_.html]
[www.forbes.com/_https_/www.facebook.com/quora_.html]
[www.forbes.com/_https_/plus.google.com/111127313006403749982/posts_.html]
[www.forbes.com/_https_/www.quora.com/topic/Albert-Einstein-physicist_.html]
[www.forbes.com/_https_/www.quora.com/Why-was-Albert-Einstein-famous7a4c.html]
[www.forbes.com/_https_/www.quora.com/topic/Intelligence-Quotient_.html]
[www.forbes.com/_https_/www.quora.com/How-hereditary-is-IQc23c.html]
[www.forbes.com/_https_/www.quora.com/topic/Genetics-and-Heredity_.html]
[www.forbes.com/_https_/www.quora.com/What-is-DNA10a3.html]
[www.forbes.com/_https_/www.forbes.com/pictures/54f4e701da47a54de82441ec/5-powerful-historical-doc/_.html]
[i.forbesimg.com/_https_/specials-images.forbesimg.com/imageserve/56081a12998f78cd44db3426c97ce4e8/400x4002dab.html]
[www.quora.com/Why-didnt-Einsteins-descendants-inherit-Einsteins-IQ.html]
[www.quora.com/index.html]
[www.quora.com/Why-didnt-Einsteins-descendants-inherit-Einsteins-IQ/answer/Adrien-Lucas-Ecoffet.html]
[www.quora.com/profile/Adrien-Lucas-Ecoffet.html]
[en.wikipedia.org/wiki/Mileva_Marić.html]
[www.forbes.com/companies/texas-instruments/index.html]
[twitter.com/Quora.html]
[www.facebook.com/quora.html]
[plus.google.com/111127313006403749982/posts.html]
[www.quora.com/topic/Albert-Einstein-physicist.html]
[www.quora.com/Why-was-Albert-Einstein-famous9ce0.html]
[www.quora.com/topic/Intelligence-Quotient.html]
[www.quora.com/How-hereditary-is-IQ8eeb.html]
[www.quora.com/topic/Genetics-and-Heredity.html]
[www.quora.com/What-is-DNAd90e.html]
[www.forbes.com/pictures/54f4e701da47a54de82441ec/5-powerful-historical-doc/index.html]
[www.forbes.com/tips/index.html]
[forbesreprints.magreprints.com/index.html]
[www.forbes.com/terms/index.html]
[www.forbes.com/privacy/english/index.html]
[preferences-mgr.truste.com/index4cec.html]
