[en.wikipedia.org/wiki/Pineapple.html]
[backblue.gif]
[fade.gif]
[index.html]
[en.wikipedia.org/wiki/Mw.TMHGalleryHook.js]
[en.wikipedia.org/w/loade669.css]
[en.wikipedia.org/w/load3e21.php]
[en.wikipedia.org/w/load9cdc.css]
[en.wikipedia.org/w/load2f5e.css]
[en.wikipedia.org/wiki/Android-app_/org.wikipedia/http/en.m.wikipedia.org/wiki/Pineapple]
[en.wikipedia.org/static/apple-touch/wikipedia.png]
[en.wikipedia.org/static/favicon/wikipedia.ico]
[en.wikipedia.org/w/opensearch_desc.php]
[en.wikipedia.org/w/api-result251f.xml]
[en.wikipedia.org/wiki/Wikipedia_Protection_policy.html]
[upload.wikimedia.org/wikipedia/en/thumb/1/1b/Semi-protection-shackle.svg/20px-Semi-protection-shackle.svg.png]
[en.wikipedia.org/wiki/Pineapple_(disambiguation).html]
[en.wikipedia.org/wiki/File_കൈതച്ചക്ക.html]
[upload.wikimedia.org/wikipedia/commons/thumb/7/74/കൈതച്ചക്ക.jpg/220px-കൈതച്ചക്ക.jpg]
[en.wikipedia.org/wiki/Taxonomy_(biology).html]
[en.wikipedia.org/wiki/Template_Taxonomy/Ananas.html]
[upload.wikimedia.org/wikipedia/commons/7/74/Red_Pencil_Icon.png]
[en.wikipedia.org/wiki/Plant.html]
[en.wikipedia.org/wiki/Flowering_plant.html]
[en.wikipedia.org/wiki/Monocotyledon.html]
[en.wikipedia.org/wiki/Commelinids.html]
[en.wikipedia.org/wiki/Poales.html]
[en.wikipedia.org/wiki/Bromeliaceae]
[en.wikipedia.org/wiki/Pineapple.html]
[en.wikipedia.org/wiki/Mw.TMHGalleryHook.html]
[en.wikipedia.org/w/loade669.css]
[en.wikipedia.org/w/load9cdc.css]
[en.wikipedia.org/w/load2f5e.css]
[en.wikipedia.org/wiki/Android-app_/org.wikipedia/http/en.m.wikipedia.org/wiki/Pineapple.html]
[creativecommons.org/licenses/by-sa/3.0/index.html]
[login.wikimedia.org/index.html]
[meta.wikimedia.org/index.html]
[en.wikipedia.org/wiki/Wikipedia_Protection_policy.html]
[en.wikipedia.org/wiki/Pineapple_(disambiguation).html]
[en.wikipedia.org/wiki/File_കൈതച്ചക്ക.html]
[en.wikipedia.org/wiki/Taxonomy_(biology).html]
[en.wikipedia.org/wiki/Template_Taxonomy/Ananas.html]
[en.wikipedia.org/wiki/Plant.html]
[en.wikipedia.org/wiki/Flowering_plant.html]
[en.wikipedia.org/wiki/Monocotyledon.html]
[en.wikipedia.org/wiki/Commelinids.html]
[en.wikipedia.org/wiki/Poales.html]
[en.wikipedia.org/wiki/Bromeliaceae.html]
